Archive member included because of file (symbol)

/home/adiravishankara/Documents/MATLAB/SupportPackages/R2018a/3P.instrset/arduinoide.instrset/idepkgs/packages/arduino/hardware/sam/1.6.11/variants/arduino_due_x/libsam_sam3x8e_gcc_rel.a(startup_sam3xa.o)
                              (Reset_Handler)
/home/adiravishankara/Documents/MATLAB/SupportPackages/R2018a/3P.instrset/arduinoide.instrset/idepkgs/packages/arduino/hardware/sam/1.6.11/variants/arduino_due_x/libsam_sam3x8e_gcc_rel.a(uotghs.o)
                              /home/adiravishankara/Documents/MATLAB/SupportPackages/R2018a/3P.instrset/arduinoide.instrset/idepkgs/packages/arduino/hardware/sam/1.6.11/variants/arduino_due_x/libsam_sam3x8e_gcc_rel.a(startup_sam3xa.o) (UOTGHS_Handler)
/home/adiravishankara/Documents/MATLAB/SupportPackages/R2018a/3P.instrset/arduinoide.instrset/idepkgs/packages/arduino/hardware/sam/1.6.11/variants/arduino_due_x/libsam_sam3x8e_gcc_rel.a(pio.o)
                              wiring_digital.o (PIO_PullUp)
/home/adiravishankara/Documents/MATLAB/SupportPackages/R2018a/3P.instrset/arduinoide.instrset/idepkgs/packages/arduino/hardware/sam/1.6.11/variants/arduino_due_x/libsam_sam3x8e_gcc_rel.a(pmc.o)
                              WInterrupts.o (pmc_enable_periph_clk)
/home/adiravishankara/Documents/MATLAB/SupportPackages/R2018a/3P.instrset/arduinoide.instrset/idepkgs/packages/arduino/hardware/sam/1.6.11/variants/arduino_due_x/libsam_sam3x8e_gcc_rel.a(pwmc.o)
                              wiring_analog.o (PWMC_ConfigureChannel)
/home/adiravishankara/Documents/MATLAB/SupportPackages/R2018a/3P.instrset/arduinoide.instrset/idepkgs/packages/arduino/hardware/sam/1.6.11/variants/arduino_due_x/libsam_sam3x8e_gcc_rel.a(tc.o)
                              wiring_analog.o (TC_Configure)
/home/adiravishankara/Documents/MATLAB/SupportPackages/R2018a/3P.instrset/arduinoide.instrset/idepkgs/packages/arduino/hardware/sam/1.6.11/variants/arduino_due_x/libsam_sam3x8e_gcc_rel.a(timetick.o)
                              cortex_handlers.o (TimeTick_Increment)
/home/adiravishankara/Documents/MATLAB/SupportPackages/R2018a/3P.instrset/arduinoide.instrset/idepkgs/packages/arduino/hardware/sam/1.6.11/variants/arduino_due_x/libsam_sam3x8e_gcc_rel.a(wdt.o)
                              watchdog.o (WDT_Enable)
/home/adiravishankara/Documents/MATLAB/SupportPackages/R2018a/3P.instrset/arduinoide.instrset/idepkgs/packages/arduino/hardware/sam/1.6.11/variants/arduino_due_x/libsam_sam3x8e_gcc_rel.a(system_sam3xa.o)
                              variant.o (SystemInit)
/home/adiravishankara/Documents/MATLAB/SupportPackages/R2018a/3P.instrset/arduinoide.instrset/idepkgs/packages/arduino/hardware/sam/1.6.11/variants/arduino_due_x/libsam_sam3x8e_gcc_rel.a(adc.o)
                              variant.o (adc_init)
/home/adiravishankara/Documents/MATLAB/SupportPackages/R2018a/3P.instrset/arduinoide.instrset/idepkgs/packages/arduino/hardware/sam/1.6.11/variants/arduino_due_x/libsam_sam3x8e_gcc_rel.a(interrupt_sam_nvic.o)
                              USBCore.o (g_interrupt_enabled)
/home/adiravishankara/Documents/MATLAB/SupportPackages/R2018a/3P.instrset/arduinoide.instrset/idepkgs/packages/arduino/hardware/sam/1.6.11/variants/arduino_due_x/libsam_sam3x8e_gcc_rel.a(uotghs_device.o)
                              USBCore.o (UDD_SetStack)
/home/adiravishankara/Documents/MATLAB/SupportPackages/R2018a/3P.instrset/arduinoide.instrset/idepkgs/packages/arduino/hardware/sam/1.6.11/variants/arduino_due_x/libsam_sam3x8e_gcc_rel.a(dacc.o)
                              wiring_analog.o (dacc_reset)
/home/adiravishankara/Documents/MATLAB/SupportPackages/R2018a/3P.instrset/arduinoide.instrset/idepkgs/packages/arduino/tools/arm-none-eabi-gcc/4.8.3-2014q1/bin/../lib/gcc/arm-none-eabi/4.8.3/../../../../arm-none-eabi/lib/armv7-m/libm.a(lib_a-s_fpclassify.o)
                              Print.o (__fpclassifyd)
/home/adiravishankara/Documents/MATLAB/SupportPackages/R2018a/3P.instrset/arduinoide.instrset/idepkgs/packages/arduino/tools/arm-none-eabi-gcc/4.8.3-2014q1/bin/../lib/gcc/arm-none-eabi/4.8.3/armv7-m/libgcc.a(_arm_addsubdf3.o)
                              basic.o (__aeabi_dsub)
/home/adiravishankara/Documents/MATLAB/SupportPackages/R2018a/3P.instrset/arduinoide.instrset/idepkgs/packages/arduino/tools/arm-none-eabi-gcc/4.8.3-2014q1/bin/../lib/gcc/arm-none-eabi/4.8.3/armv7-m/libgcc.a(_arm_muldivdf3.o)
                              basic.o (__aeabi_dmul)
/home/adiravishankara/Documents/MATLAB/SupportPackages/R2018a/3P.instrset/arduinoide.instrset/idepkgs/packages/arduino/tools/arm-none-eabi-gcc/4.8.3-2014q1/bin/../lib/gcc/arm-none-eabi/4.8.3/armv7-m/libgcc.a(_arm_cmpdf2.o)
                              basic.o (__aeabi_dcmpeq)
/home/adiravishankara/Documents/MATLAB/SupportPackages/R2018a/3P.instrset/arduinoide.instrset/idepkgs/packages/arduino/tools/arm-none-eabi-gcc/4.8.3-2014q1/bin/../lib/gcc/arm-none-eabi/4.8.3/armv7-m/libgcc.a(_arm_fixunsdfsi.o)
[...]
Memory Configuration

Name             Origin             Length             Attributes
rom              0x0000000000080000 0x0000000000080000 xr
sram0            0x0000000020000000 0x0000000000010000 xrw
sram1            0x0000000020080000 0x0000000000008000 xrw
ram              0x0000000020070000 0x0000000000018000 xrw
*default*        0x0000000000000000 0xffffffffffffffff

Linker script and memory map

LOAD /home/adiravishankara/Documents/MATLAB/SupportPackages/R2018a/3P.instrset/arduinoide.instrset/idepkgs/packages/arduino/tools/arm-none-eabi-gcc/4.8.3-2014q1/bin/../lib/gcc/arm-none-eabi/4.8.3/armv7-m/crti.o
LOAD /home/adiravishankara/Documents/MATLAB/SupportPackages/R2018a/3P.instrset/arduinoide.instrset/idepkgs/packages/arduino/tools/arm-none-eabi-gcc/4.8.3-2014q1/bin/../lib/gcc/arm-none-eabi/4.8.3/armv7-m/crtbegin.o
LOAD /home/adiravishankara/Documents/MATLAB/SupportPackages/R2018a/3P.instrset/arduinoide.instrset/idepkgs/packages/arduino/tools/arm-none-eabi-gcc/4.8.3-2014q1/bin/../lib/gcc/arm-none-eabi/4.8.3/../../../../arm-none-eabi/lib/armv7-m/crt0.o
START GROUP
LOAD /home/adiravishankara/Documents/MATLAB/SupportPackages/R2018a/3P.instrset/arduinoide.instrset/idepkgs/packages/arduino/hardware/sam/1.6.11/variants/arduino_due_x/libsam_sam3x8e_gcc_rel.a
LOAD MW_AnalogInput.o
LOAD MW_PWM.o
LOAD basic.o
LOAD basic_data.o
LOAD updown.o
LOAD ext_work.o
LOAD rtiostream_utils.o
LOAD wiring_pulse_asm.S.o
LOAD dtostrf.o
LOAD cortex_handlers.o
LOAD hooks.o
LOAD iar_calls_sam3.o
LOAD itoa.o
LOAD syscalls_sam3.o
LOAD WInterrupts.o
LOAD wiring.o
LOAD wiring_analog.o
LOAD wiring_digital.o
LOAD wiring_shift.o
LOAD abi.o
LOAD IPAddress.o
LOAD new.o
LOAD Print.o
LOAD Reset.o
LOAD RingBuffer.o
LOAD Stream.o
LOAD UARTClass.o
LOAD USARTClass.o
LOAD CDC.o
LOAD PluggableUSB.o
LOAD USBCore.o
LOAD wiring_pulse.o
LOAD WMath.o
LOAD WString.o
LOAD watchdog.o
LOAD variant.o
LOAD MW_ArduinoHWInit.o
LOAD io_wrappers.o
LOAD arduinoARMScheduler.o
LOAD arm_cortex_m_multitasking.o
LOAD rtiostream_interface.o
LOAD ext_svr_daemon.o
LOAD rtiostream_serial_daemon.o
LOAD daemon_checksum.o
LOAD ert_main.o
END GROUP
LOAD /home/adiravishankara/Documents/MATLAB/SupportPackages/R2018a/3P.instrset/arduinoide.instrset/idepkgs/packages/arduino/tools/arm-none-eabi-gcc/4.8.3-2014q1/bin/../lib/gcc/arm-none-eabi/4.8.3/../../../../arm-none-eabi/lib/armv7-m/libm.a
START GROUP
LOAD /home/adiravishankara/Documents/MATLAB/SupportPackages/R2018a/3P.instrset/arduinoide.instrset/idepkgs/packages/arduino/tools/arm-none-eabi-gcc/4.8.3-2014q1/bin/../lib/gcc/arm-none-eabi/4.8.3/armv7-m/libgcc.a
LOAD /home/adiravishankara/Documents/MATLAB/SupportPackages/R2018a/3P.instrset/arduinoide.instrset/idepkgs/packages/arduino/tools/arm-none-eabi-gcc/4.8.3-2014q1/bin/../lib/gcc/arm-none-eabi/4.8.3/../../../../arm-none-eabi/lib/armv7-m/libg.a
LOAD /home/adiravishankara/Documents/MATLAB/SupportPackages/R2018a/3P.instrset/arduinoide.instrset/idepkgs/packages/arduino/tools/arm-none-eabi-gcc/4.8.3-2014q1/bin/../lib/gcc/arm-none-eabi/4.8.3/../../../../arm-none-eabi/lib/armv7-m/libc.a
END GROUP
LOAD /home/adiravishankara/Documents/MATLAB/SupportPackages/R2018a/3P.instrset/arduinoide.instrset/idepkgs/packages/arduino/tools/arm-none-eabi-gcc/4.8.3-2014q1/bin/../lib/gcc/arm-none-eabi/4.8.3/armv7-m/crtend.o
LOAD /home/adiravishankara/Documents/MATLAB/SupportPackages/R2018a/3P.instrset/arduinoide.instrset/idepkgs/packages/arduino/tools/arm-none-eabi-gcc/4.8.3-2014q1/bin/../lib/gcc/arm-none-eabi/4.8.3/armv7-m/crtn.o

.text           0x0000000000080000     0x91dc
                0x0000000000080000                . = ALIGN (0x4)
                0x0000000000080000                _sfixed = .
 *(.vectors .vectors.*)
 .vectors       0x0000000000080000       0xf4 /home/adiravishankara/Documents/MATLAB/SupportPackages/R2018a/3P.instrset/arduinoide.instrset/idepkgs/packages/arduino/hardware/sam/1.6.11/variants/arduino_due_x/libsam_sam3x8e_gcc_rel.a(startup_sam3xa.o)
                0x0000000000080000                exception_table
 *(.text .text.* .gnu.linkonce.t.*)
 .text          0x00000000000800f4       0x54 /home/adiravishankara/Documents/MATLAB/SupportPackages/R2018a/3P.instrset/arduinoide.instrset/idepkgs/packages/arduino/tools/arm-none-eabi-gcc/4.8.3-2014q1/bin/../lib/gcc/arm-none-eabi/4.8.3/armv7-m/crtbegin.o
 .text.Reset_Handler
                0x0000000000080148       0x78 /home/adiravishankara/Documents/MATLAB/SupportPackages/R2018a/3P.instrset/arduinoide.instrset/idepkgs/packages/arduino/hardware/sam/1.6.11/variants/arduino_due_x/libsam_sam3x8e_gcc_rel.a(startup_sam3xa.o)
                0x0000000000080148                Reset_Handler
 .text.UOTGHS_Handler
                0x00000000000801c0       0x10 /home/adiravishankara/Documents/MATLAB/SupportPackages/R2018a/3P.instrset/arduinoide.instrset/idepkgs/packages/arduino/hardware/sam/1.6.11/variants/arduino_due_x/libsam_sam3x8e_gcc_rel.a(uotghs.o)
                0x00000000000801c0                UOTGHS_Handler
 .text.MW_AnalogInSingle_Open
                0x00000000000801d0       0x18 MW_AnalogInput.o
                0x00000000000801d0                MW_AnalogInSingle_Open
 .text.MW_AnalogIn_SetTriggerSource
                0x00000000000801e8        0x2 MW_AnalogInput.o
                0x00000000000801e8                MW_AnalogIn_SetTriggerSource
 .text.MW_AnalogInSingle_ReadResult
                0x00000000000801ea        0xe MW_AnalogInput.o
                0x00000000000801ea                MW_AnalogInSingle_ReadResult
 .text.MW_AnalogIn_Start
                0x00000000000801f8        0x2 MW_AnalogInput.o
                0x00000000000801f8                MW_AnalogIn_Start
 .text.MW_PWM_Open
                0x00000000000801fa        0xe MW_PWM.o
                0x00000000000801fa                MW_PWM_Open
 .text.MW_PWM_Start
                0x0000000000080208        0x2 MW_PWM.o
                0x0000000000080208                MW_PWM_Start
 .text.MW_PWM_SetDutyCycle
                0x000000000008020a       0x18 MW_PWM.o
                0x000000000008020a                MW_PWM_SetDutyCycle
 *fill*         0x0000000000080222        0x2 
 .text.basic_SetEventsForThisBaseStep
                0x0000000000080224       0x18 basic.o
                0x0000000000080224                basic_SetEventsForThisBaseStep
 .text.basic_step0
                0x000000000008023c      0x1c0 basic.o
                0x000000000008023c                basic_step0
 *fill*         0x00000000000803fc        0x4 
 .text.basic_step2
                0x0000000000080400      0x1f8 basic.o
                0x0000000000080400                basic_step2
 .text.basic_initialize
                0x00000000000805f8      0x2e0 basic.o
                0x00000000000805f8                basic_initialize
 .text.basic_terminate
                0x00000000000808d8       0x2c basic.o
                0x00000000000808d8                basic_terminate
 .text.UploadBufAssignMem
                0x0000000000080904       0x6a updown.o
 *fill*         0x000000000008096e        0x2 
 .text.UploadDestroyTrigger
                0x0000000000080970       0x54 updown.o
 .text.InitUploadSection.isra.0
                0x00000000000809c4       0x34 updown.o
 .text.SetParam
                0x00000000000809f8       0x72 updown.o
                0x00000000000809f8                SetParam
 *fill*         0x0000000000080a6a        0x2 
 .text.UploadLogInfoReset
                0x0000000000080a6c       0x3c updown.o
                0x0000000000080a6c                UploadLogInfoReset
 .text.UploadLogInfoTerm
                0x0000000000080aa8       0xa4 updown.o
                0x0000000000080aa8                UploadLogInfoTerm
 .text.UploadPrepareForFinalFlush
                0x0000000000080b4c       0x24 updown.o
                0x0000000000080b4c                UploadPrepareForFinalFlush
 .text.UploadLogInfoInit
                0x0000000000080b70      0x1ac updown.o
                0x0000000000080b70                UploadLogInfoInit
 .text.UploadInitTrigger
                0x0000000000080d1c       0xe4 updown.o
                0x0000000000080d1c                UploadInitTrigger
 .text.UploadArmTrigger
                0x0000000000080e00       0x50 updown.o
                0x0000000000080e00                UploadArmTrigger
 .text.UploadEndLoggingSession
                0x0000000000080e50       0x18 updown.o
                0x0000000000080e50                UploadEndLoggingSession
 .text.UploadCancelLogging
                0x0000000000080e68       0x34 updown.o
                0x0000000000080e68                UploadCancelLogging
 .text.UploadBufDataSent
                0x0000000000080e9c       0x34 updown.o
                0x0000000000080e9c                UploadBufDataSent
 .text.UploadBufAddTimePoint
                0x0000000000080ed0      0x340 updown.o
                0x0000000000080ed0                UploadBufAddTimePoint
 .text.UploadCheckTrigger
                0x0000000000081210       0x54 updown.o
                0x0000000000081210                UploadCheckTrigger
 .text.UploadCheckEndTrigger
                0x0000000000081264       0x28 updown.o
                0x0000000000081264                UploadCheckEndTrigger
 .text.UploadBufGetData
                0x000000000008128c       0xf0 updown.o
                0x000000000008128c                UploadBufGetData
 .text.rtExtModeWaitForStartPkt
                0x000000000008137c       0x50 ext_work.o
                0x000000000008137c                rtExtModeWaitForStartPkt
 .text.rtExtModeOneStep
                0x00000000000813cc       0x20 ext_work.o
                0x00000000000813cc                rtExtModeOneStep
 .text.rtExtModeUpload
                0x00000000000813ec        0x4 ext_work.o
                0x00000000000813ec                rtExtModeUpload
 .text.rtExtModeCheckEndTrigger
                0x00000000000813f0        0x4 ext_work.o
                0x00000000000813f0                rtExtModeCheckEndTrigger
 .text.rtExtModeUploadCheckTrigger
                0x00000000000813f4        0x4 ext_work.o
                0x00000000000813f4                rtExtModeUploadCheckTrigger
 .text.rtExtModeCheckInit
                0x00000000000813f8        0x4 ext_work.o
                0x00000000000813f8                rtExtModeCheckInit
 .text.rtExtModeShutdown
                0x00000000000813fc        0x4 ext_work.o
                0x00000000000813fc                rtExtModeShutdown
 .text.rtSetTFinalForExtMode
                0x0000000000081400        0x2 ext_work.o
                0x0000000000081400                rtSetTFinalForExtMode
 .text.rtParseArgsForExtMode
                0x0000000000081402        0x8 ext_work.o
                0x0000000000081402                rtParseArgsForExtMode
 .text.rtERTExtModeStartMsg
                0x000000000008140a        0x2 ext_work.o
                0x000000000008140a                rtERTExtModeStartMsg
 .text.rtIOStreamBlockingSend
                0x000000000008140c       0x32 rtiostream_utils.o
                0x000000000008140c                rtIOStreamBlockingSend
 .text.__halt   0x000000000008143e        0x2 cortex_handlers.o
                0x000000000008143e                DACC_Handler
                0x000000000008143e                DebugMon_Handler
                0x000000000008143e                DMAC_Handler
                0x000000000008143e                TRNG_Handler
                0x000000000008143e                HardFault_Handler
                0x000000000008143e                TC2_Handler
                0x000000000008143e                TWI1_Handler
                0x000000000008143e                NMI_Handler
                0x000000000008143e                ADC_Handler
                0x000000000008143e                SMC_Handler
                0x000000000008143e                RTT_Handler
                0x000000000008143e                EFC1_Handler
                0x000000000008143e                RTC_Handler
                0x000000000008143e                UsageFault_Handler
                0x000000000008143e                TC6_Handler
                0x000000000008143e                WDT_Handler
                0x000000000008143e                CAN0_Handler
                0x000000000008143e                TC4_Handler
                0x000000000008143e                TC1_Handler
                0x000000000008143e                HSMCI_Handler
                0x000000000008143e                TC3_Handler
                0x000000000008143e                TWI0_Handler
                0x000000000008143e                SSC_Handler
                0x000000000008143e                EFC0_Handler
                0x000000000008143e                PMC_Handler
                0x000000000008143e                PWM_Handler
                0x000000000008143e                CAN1_Handler
                0x000000000008143e                MemManage_Handler
                0x000000000008143e                SUPC_Handler
                0x000000000008143e                TC8_Handler
                0x000000000008143e                USART2_Handler
                0x000000000008143e                EMAC_Handler
                0x000000000008143e                BusFault_Handler
                0x000000000008143e                RSTC_Handler
                0x000000000008143e                TC0_Handler
                0x000000000008143e                TC5_Handler
                0x000000000008143e                SPI0_Handler
 .text.SVC_Handler
                0x0000000000081440        0x4 cortex_handlers.o
                0x0000000000081440                SVC_Handler
 .text.PendSV_Handler
                0x0000000000081444        0x4 cortex_handlers.o
                0x0000000000081444                PendSV_Handler
 .text.SysTick_Handler
                0x0000000000081448       0x16 cortex_handlers.o
                0x0000000000081448                SysTick_Handler
 .text.__empty  0x000000000008145e        0x2 hooks.o
                0x000000000008145e                yield
 .text.__false  0x0000000000081460        0x4 hooks.o
                0x0000000000081460                sysTickHook
 .text.__halt   0x0000000000081464        0x2 hooks.o
                0x0000000000081464                pendSVHook
 *fill*         0x0000000000081466        0x2 
 .text._sbrk    0x0000000000081468       0x1c syscalls_sam3.o
                0x0000000000081468                _sbrk
 .text._close   0x0000000000081484        0x6 syscalls_sam3.o
                0x0000000000081484                _close
 .text._fstat   0x000000000008148a        0xa syscalls_sam3.o
                0x000000000008148a                _fstat
 .text._isatty  0x0000000000081494        0x4 syscalls_sam3.o
                0x0000000000081494                _isatty
 .text._lseek   0x0000000000081498        0x4 syscalls_sam3.o
                0x0000000000081498                _lseek
 .text._read    0x000000000008149c        0x4 syscalls_sam3.o
                0x000000000008149c                _read
 .text._write   0x00000000000814a0       0x24 syscalls_sam3.o
                0x00000000000814a0                _write
 .text._exit    0x00000000000814c4       0x10 syscalls_sam3.o
                0x00000000000814c4                _exit
 .text._kill    0x00000000000814d4        0x2 syscalls_sam3.o
                0x00000000000814d4                _kill
 .text._getpid  0x00000000000814d6        0x6 syscalls_sam3.o
                0x00000000000814d6                _getpid
 .text.PIOA_Handler
                0x00000000000814dc       0x38 WInterrupts.o
                0x00000000000814dc                PIOA_Handler
 .text.PIOB_Handler
                0x0000000000081514       0x38 WInterrupts.o
                0x0000000000081514                PIOB_Handler
 .text.PIOC_Handler
                0x000000000008154c       0x38 WInterrupts.o
                0x000000000008154c                PIOC_Handler
 .text.PIOD_Handler
                0x0000000000081584       0x38 WInterrupts.o
                0x0000000000081584                PIOD_Handler
 .text.delay    0x00000000000815bc       0x1c wiring.o
                0x00000000000815bc                delay
 .text.mapResolution
                0x00000000000815d8       0x12 wiring_analog.o
 *fill*         0x00000000000815ea        0x2 
 .text.analogRead
                0x00000000000815ec       0x9c wiring_analog.o
                0x00000000000815ec                analogRead
 .text.analogOutputInit
                0x0000000000081688        0x2 wiring_analog.o
                0x0000000000081688                analogOutputInit
 *fill*         0x000000000008168a        0x2 
 .text.analogWrite
                0x000000000008168c      0x2c0 wiring_analog.o
                0x000000000008168c                analogWrite
 .text.pinMode  0x000000000008194c      0x108 wiring_digital.o
                0x000000000008194c                pinMode
 .text.digitalWrite
                0x0000000000081a54       0x70 wiring_digital.o
                0x0000000000081a54                digitalWrite
 .text._ZNK9IPAddress7printToER5Print
                0x0000000000081ac4       0x3c IPAddress.o
                0x0000000000081ac4                IPAddress::printTo(Print&) const
 .text.startup._GLOBAL__sub_I__ZN9IPAddressC2Ev
                0x0000000000081b00       0x1c IPAddress.o
 .text._ZN5Print5writeEPKhj
                0x0000000000081b1c       0x22 Print.o
                0x0000000000081b1c                Print::write(unsigned char const*, unsigned int)
 .text._ZN5Print5printEmi.part.3
                0x0000000000081b3e        0xc Print.o
 .text._ZN5Print5writeEPKc
                0x0000000000081b4a       0x1e Print.o
                0x0000000000081b4a                Print::write(char const*)
 .text._ZN5Print5printEc
                0x0000000000081b68        0xa Print.o
                0x0000000000081b68                Print::print(char)
 .text._ZN5Print11printNumberEmh
                0x0000000000081b72       0x3e Print.o
                0x0000000000081b72                Print::printNumber(unsigned long, unsigned char)
 .text._ZN5Print5printEmi
                0x0000000000081bb0        0xc Print.o
                0x0000000000081bb0                Print::print(unsigned long, int)
 .text._ZN5Print5printEhi
                0x0000000000081bbc        0x4 Print.o
                0x0000000000081bbc                Print::print(unsigned char, int)
 .text.initiateReset
                0x0000000000081bc0        0xc Reset.o
                0x0000000000081bc0                initiateReset
 .text.cancelReset
                0x0000000000081bcc       0x10 Reset.o
                0x0000000000081bcc                cancelReset
 .text.tickReset
                0x0000000000081bdc       0x20 Reset.o
                0x0000000000081bdc                tickReset
 .text._ZN10RingBufferC2Ev
                0x0000000000081bfc       0x1a RingBuffer.o
                0x0000000000081bfc                RingBuffer::RingBuffer()
                0x0000000000081bfc                RingBuffer::RingBuffer()
 .text._ZN10RingBuffer10store_charEh
                0x0000000000081c16       0x1e RingBuffer.o
                0x0000000000081c16                RingBuffer::store_char(unsigned char)
 .text._ZN9UARTClasscvbEv
                0x0000000000081c34        0x4 UARTClass.o
                0x0000000000081c34                UARTClass::operator bool()
 .text._ZN9UARTClass9availableEv
                0x0000000000081c38       0x12 UARTClass.o
                0x0000000000081c38                UARTClass::available()
 .text._ZN9UARTClass4peekEv
                0x0000000000081c4a       0x1c UARTClass.o
                0x0000000000081c4a                UARTClass::peek()
 .text._ZN9UARTClass4readEv
                0x0000000000081c66       0x2a UARTClass.o
                0x0000000000081c66                UARTClass::read()
 .text._ZN9UARTClass5flushEv
                0x0000000000081c90       0x18 UARTClass.o
                0x0000000000081c90                UARTClass::flush()
 .text._ZN9UARTClass5writeEh
                0x0000000000081ca8       0x54 UARTClass.o
                0x0000000000081ca8                UARTClass::write(unsigned char)
 .text._ZN9UARTClass3endEv
                0x0000000000081cfc       0x3c UARTClass.o
                0x0000000000081cfc                UARTClass::end()
 .text._ZN9UARTClassC2EP4Uart4IRQnmP10RingBufferS4_
                0x0000000000081d38       0x24 UARTClass.o
                0x0000000000081d38                UARTClass::UARTClass(Uart*, IRQn, unsigned long, RingBuffer*, RingBuffer*)
                0x0000000000081d38                UARTClass::UARTClass(Uart*, IRQn, unsigned long, RingBuffer*, RingBuffer*)
 .text._ZN9UARTClass4initEmm
                0x0000000000081d5c       0x70 UARTClass.o
                0x0000000000081d5c                UARTClass::init(unsigned long, unsigned long)
 .text._ZN9UARTClass5beginEm
                0x0000000000081dcc        0x8 UARTClass.o
                0x0000000000081dcc                UARTClass::begin(unsigned long)
 .text._ZN9UARTClass10IrqHandlerEv
                0x0000000000081dd4       0x5a UARTClass.o
                0x0000000000081dd4                UARTClass::IrqHandler()
 .text._ZN10USARTClass5beginEm
                0x0000000000081e2e        0x8 USARTClass.o
                0x0000000000081e2e                USARTClass::begin(unsigned long)
 *fill*         0x0000000000081e36        0x2 
 .text._ZN10USARTClassC2EP5Usart4IRQnmP10RingBufferS4_
                0x0000000000081e38       0x24 USARTClass.o
                0x0000000000081e38                USARTClass::USARTClass(Usart*, IRQn, unsigned long, RingBuffer*, RingBuffer*)
                0x0000000000081e38                USARTClass::USARTClass(Usart*, IRQn, unsigned long, RingBuffer*, RingBuffer*)
 .text._ZN7Serial_9availableEv
                0x0000000000081e5c       0x18 CDC.o
                0x0000000000081e5c                Serial_::available()
 .text._ZN7Serial_17availableForWriteEv
                0x0000000000081e74        0x6 CDC.o
                0x0000000000081e74                Serial_::availableForWrite()
 *fill*         0x0000000000081e7a        0x2 
 .text._ZN7Serial_4peekEv
                0x0000000000081e7c       0x20 CDC.o
                0x0000000000081e7c                Serial_::peek()
 .text._ZN7Serial_5writeEh
                0x0000000000081e9c       0x16 CDC.o
                0x0000000000081e9c                Serial_::write(unsigned char)
 *fill*         0x0000000000081eb2        0x2 
 .text._ZN7Serial_4readEv
                0x0000000000081eb4       0x44 CDC.o
                0x0000000000081eb4                Serial_::read()
 .text._ZN7Serial_5flushEv
                0x0000000000081ef8        0x6 CDC.o
                0x0000000000081ef8                Serial_::flush()
 *fill*         0x0000000000081efe        0x2 
 .text._ZN7Serial_6acceptEv
                0x0000000000081f00       0x70 CDC.o
                0x0000000000081f00                Serial_::accept()
 .text._ZN7Serial_5writeEPKhj
                0x0000000000081f70       0x2c CDC.o
                0x0000000000081f70                Serial_::write(unsigned char const*, unsigned int)
 .text._Z16CDC_GetInterfacePh
                0x0000000000081f9c       0x14 CDC.o
                0x0000000000081f9c                CDC_GetInterface(unsigned char*)
 .text._Z21CDC_GetOtherInterfacePh
                0x0000000000081fb0       0x14 CDC.o
                0x0000000000081fb0                CDC_GetOtherInterface(unsigned char*)
 .text._Z9CDC_SetupR8USBSetup
                0x0000000000081fc4       0x78 CDC.o
                0x0000000000081fc4                CDC_Setup(USBSetup&)
 .text.startup._GLOBAL__sub_I_cdc_rx_buffer
                0x000000000008203c       0x1c CDC.o
 .text._ZN13PluggableUSB_12getInterfaceEPh
                0x0000000000082058       0x28 PluggableUSB.o
                0x0000000000082058                PluggableUSB_::getInterface(unsigned char*)
 .text._ZN13PluggableUSB_13getDescriptorER8USBSetup
                0x0000000000082080       0x1c PluggableUSB.o
                0x0000000000082080                PluggableUSB_::getDescriptor(USBSetup&)
 .text._ZN13PluggableUSB_12getShortNameEPc
                0x000000000008209c       0x1c PluggableUSB.o
                0x000000000008209c                PluggableUSB_::getShortName(char*)
 .text._ZN13PluggableUSB_5setupER8USBSetup
                0x00000000000820b8       0x20 PluggableUSB.o
                0x00000000000820b8                PluggableUSB_::setup(USBSetup&)
 .text._Z12PluggableUSBv
                0x00000000000820d8       0x28 PluggableUSB.o
                0x00000000000820d8                PluggableUSB()
 .text.unlikely._ZL11USB_SendZlpv
                0x0000000000082100       0x20 USBCore.o
 .text._Z14USBD_Availablem
                0x0000000000082120       0x2c USBCore.o
                0x0000000000082120                USBD_Available(unsigned long)
 .text._Z9USBD_RecvmPvm
                0x000000000008214c       0x7c USBCore.o
                0x000000000008214c                USBD_Recv(unsigned long, void*, unsigned long)
 .text._Z9USBD_Recvm
                0x00000000000821c8       0x22 USBCore.o
                0x00000000000821c8                USBD_Recv(unsigned long)
 *fill*         0x00000000000821ea        0x2 
 .text._Z9USBD_SendmPKvm
                0x00000000000821ec       0x4c USBCore.o
                0x00000000000821ec                USBD_Send(unsigned long, void const*, unsigned long)
 .text._Z16USBD_SendControlhPKvm
                0x0000000000082238       0x40 USBCore.o
                0x0000000000082238                USBD_SendControl(unsigned char, void const*, unsigned long)
 .text.unlikely._ZL24USB_SendStringDescriptorPKhi
                0x0000000000082278       0x64 USBCore.o
 .text._Z16USBD_RecvControlPvm
                0x00000000000822dc       0x1c USBCore.o
                0x00000000000822dc                USBD_RecvControl(void*, unsigned long)
 .text._Z26USBD_ClassInterfaceRequestR8USBSetup
                0x00000000000822f8       0x1e USBCore.o
                0x00000000000822f8                USBD_ClassInterfaceRequest(USBSetup&)
 .text._Z19USBD_SendInterfacesv
                0x0000000000082316       0x22 USBCore.o
                0x0000000000082316                USBD_SendInterfaces()
 .text._Z24USBD_SendOtherInterfacesv
                0x0000000000082338       0x22 USBCore.o
                0x0000000000082338                USBD_SendOtherInterfaces()
 .text._Z10USBD_Flushm
                0x000000000008235a       0x16 USBCore.o
                0x000000000008235a                USBD_Flush(unsigned long)
 .text._ZN10USBDevice_C2Ev
                0x0000000000082370       0x24 USBCore.o
                0x0000000000082370                USBDevice_::USBDevice_()
                0x0000000000082370                USBDevice_::USBDevice_()
 .text.startup._GLOBAL__sub_I_EndPoints
                0x0000000000082394        0xc USBCore.o
 .text._ZL7USB_ISRv
                0x00000000000823a0      0x454 USBCore.o
 .text._Z15watchdogDisablev
                0x00000000000827f4        0xc watchdog.o
                0x00000000000827f4                watchdogDisable()
 .text.UART_Handler
                0x0000000000082800        0xc variant.o
                0x0000000000082800                UART_Handler
 .text.USART0_Handler
                0x000000000008280c        0xc variant.o
                0x000000000008280c                USART0_Handler
 .text.USART1_Handler
                0x0000000000082818        0xc variant.o
                0x0000000000082818                USART1_Handler
 .text.USART3_Handler
                0x0000000000082824        0xc variant.o
                0x0000000000082824                USART3_Handler
 .text.init     0x0000000000082830      0x128 variant.o
                0x0000000000082830                init
 .text.startup._GLOBAL__sub_I_g_APinDescription
                0x0000000000082958       0xd4 variant.o
 .text.MW_Arduino_Init
                0x0000000000082a2c       0x14 MW_ArduinoHWInit.o
                0x0000000000082a2c                MW_Arduino_Init
 .text.Serial_begin
                0x0000000000082a40       0x34 io_wrappers.o
                0x0000000000082a40                Serial_begin
 .text._ZL13Scheduler_Isrv
                0x0000000000082a74       0x14 arduinoARMScheduler.o
 .text.TC7_Handler
                0x0000000000082a88       0x1c arduinoARMScheduler.o
                0x0000000000082a88                TC7_Handler
 .text.Setup_SchedulerTimer
                0x0000000000082aa4       0x84 arduinoARMScheduler.o
                0x0000000000082aa4                Setup_SchedulerTimer
 .text.configureArduinoARMTimer
                0x0000000000082b28       0x24 arduinoARMScheduler.o
                0x0000000000082b28                configureArduinoARMTimer
 .text.MW_Arduino_Loop
                0x0000000000082b4c        0x4 arduinoARMScheduler.o
                0x0000000000082b4c                MW_Arduino_Loop
 .text.arm_cortex_m_call_thread_with_context_switch
                0x0000000000082b50       0x34 arm_cortex_m_multitasking.o
                0x0000000000082b50                arm_cortex_m_call_thread_with_context_switch
 .text.svcHook  0x0000000000082b84       0x2c arm_cortex_m_multitasking.o
                0x0000000000082b84                svcHook
 .text.ExtProcessArgs
                0x0000000000082bb0       0x70 rtiostream_interface.o
                0x0000000000082bb0                ExtProcessArgs
 .text.ExtUserDataCreate
                0x0000000000082c20        0x8 rtiostream_interface.o
                0x0000000000082c20                ExtUserDataCreate
 .text.ExtInit  0x0000000000082c28        0x4 rtiostream_interface.o
                0x0000000000082c28                ExtInit
 .text.ExtSetHostPkt
                0x0000000000082c2c       0x20 rtiostream_interface.o
                0x0000000000082c2c                ExtSetHostPkt
 .text.ExtGetHostPkt
                0x0000000000082c4c       0x22 rtiostream_interface.o
                0x0000000000082c4c                ExtGetHostPkt
 .text.ExtWaitForStartPktFromHost
                0x0000000000082c6e        0x4 rtiostream_interface.o
                0x0000000000082c6e                ExtWaitForStartPktFromHost
 .text.ExtUserDataDestroy
                0x0000000000082c72        0x2 rtiostream_interface.o
                0x0000000000082c72                ExtUserDataDestroy
 .text.ExtModeSleep
                0x0000000000082c74        0x2 rtiostream_interface.o
                0x0000000000082c74                ExtModeSleep
 .text.ExtOpenConnection
                0x0000000000082c76        0x8 rtiostream_interface.o
                0x0000000000082c76                ExtOpenConnection
 .text.ExtForceDisconnect
                0x0000000000082c7e        0x2 rtiostream_interface.o
                0x0000000000082c7e                ExtForceDisconnect
 .text.ExtCloseConnection
                0x0000000000082c80        0xc rtiostream_interface.o
                0x0000000000082c80                ExtCloseConnection
 .text.ExtShutDown
                0x0000000000082c8c        0x6 rtiostream_interface.o
                0x0000000000082c8c                ExtShutDown
 *fill*         0x0000000000082c92        0x2 
 .text.SendPktHdrToHost
                0x0000000000082c94       0x30 ext_svr_daemon.o
 .text.SendPktDataToHost
                0x0000000000082cc4       0x28 ext_svr_daemon.o
 .text.ForceDisconnectFromHost
                0x0000000000082cec       0x3c ext_svr_daemon.o
 .text.GetPktUsingAck
                0x0000000000082d28      0x25c ext_svr_daemon.o
 .text.SendPktToHost
                0x0000000000082f84       0x3c ext_svr_daemon.o
                0x0000000000082f84                SendPktToHost
 .text.SendResponseStatus
                0x0000000000082fc0       0x14 ext_svr_daemon.o
 .text.ProcessSelectTriggerSignalPkt.isra.1
                0x0000000000082fd4       0x6c ext_svr_daemon.o
 .text.ExtParseArgsAndInitUD
                0x0000000000083040       0x38 ext_svr_daemon.o
                0x0000000000083040                ExtParseArgsAndInitUD
 .text.ExtWaitForStartPkt
                0x0000000000083078        0xc ext_svr_daemon.o
                0x0000000000083078                ExtWaitForStartPkt
 .text.UploadServerWork
                0x0000000000083084      0x250 ext_svr_daemon.o
                0x0000000000083084                UploadServerWork
 .text.rt_UploadServerWork
                0x00000000000832d4       0x18 ext_svr_daemon.o
                0x00000000000832d4                rt_UploadServerWork
 .text.rt_ExtModeInit
                0x00000000000832ec       0x20 ext_svr_daemon.o
                0x00000000000832ec                rt_ExtModeInit
 .text.rt_ExtModeSleep
                0x000000000008330c       0x14 ext_svr_daemon.o
                0x000000000008330c                rt_ExtModeSleep
 .text.rt_PktServerWork
                0x0000000000083320      0x3e8 ext_svr_daemon.o
                0x0000000000083320                rt_PktServerWork
 .text.rt_ExtModeShutdown
                0x0000000000083708       0x7c ext_svr_daemon.o
                0x0000000000083708                rt_ExtModeShutdown
 .text.rt_UploadCheckTrigger
                0x0000000000083784       0x18 ext_svr_daemon.o
                0x0000000000083784                rt_UploadCheckTrigger
 .text.rt_UploadCheckEndTrigger
                0x000000000008379c       0x12 ext_svr_daemon.o
                0x000000000008379c                rt_UploadCheckEndTrigger
 .text.rt_UploadBufAddTimePoint
                0x00000000000837ae       0x22 ext_svr_daemon.o
                0x00000000000837ae                rt_UploadBufAddTimePoint
 .text.rtIOStreamSend
                0x00000000000837d0       0x1c rtiostream_serial_daemon.o
                0x00000000000837d0                rtIOStreamSend
 .text.rtIOStreamClose
                0x00000000000837ec        0xe rtiostream_serial_daemon.o
                0x00000000000837ec                rtIOStreamClose
 *fill*         0x00000000000837fa        0x2 
 .text.rtIOStreamOpen
                0x00000000000837fc       0x24 rtiostream_serial_daemon.o
                0x00000000000837fc                rtIOStreamOpen
 .text.rtIOStreamRecv
                0x0000000000083820       0x5c rtiostream_serial_daemon.o
                0x0000000000083820                rtIOStreamRecv
 .text.calculate_crc8_j1850_withInit
                0x000000000008387c       0x20 daemon_checksum.o
                0x000000000008387c                calculate_crc8_j1850_withInit
 .text.calculate_crc8_j1850
                0x000000000008389c       0x12 daemon_checksum.o
                0x000000000008389c                calculate_crc8_j1850
 .text.verify_crc8_j1850
                0x00000000000838ae       0x18 daemon_checksum.o
                0x00000000000838ae                verify_crc8_j1850
 *fill*         0x00000000000838c6        0x2 
 .text.rt_OneStep
                0x00000000000838c8       0x80 ert_main.o
                0x00000000000838c8                rt_OneStep
 .text.startup.main
                0x0000000000083948       0xf8 ert_main.o
                0x0000000000083948                main
 .text.PIO_PullUp
                0x0000000000083a40        0xa /home/adiravishankara/Documents/MATLAB/SupportPackages/R2018a/3P.instrset/arduinoide.instrset/idepkgs/packages/arduino/hardware/sam/1.6.11/variants/arduino_due_x/libsam_sam3x8e_gcc_rel.a(pio.o)
                0x0000000000083a40                PIO_PullUp
 .text.PIO_SetPeripheral
                0x0000000000083a4a       0x26 /home/adiravishankara/Documents/MATLAB/SupportPackages/R2018a/3P.instrset/arduinoide.instrset/idepkgs/packages/arduino/hardware/sam/1.6.11/variants/arduino_due_x/libsam_sam3x8e_gcc_rel.a(pio.o)
                0x0000000000083a4a                PIO_SetPeripheral
 .text.PIO_SetInput
                0x0000000000083a70       0x26 /home/adiravishankara/Documents/MATLAB/SupportPackages/R2018a/3P.instrset/arduinoide.instrset/idepkgs/packages/arduino/hardware/sam/1.6.11/variants/arduino_due_x/libsam_sam3x8e_gcc_rel.a(pio.o)
                0x0000000000083a70                PIO_SetInput
 .text.PIO_SetOutput
                0x0000000000083a96       0x24 /home/adiravishankara/Documents/MATLAB/SupportPackages/R2018a/3P.instrset/arduinoide.instrset/idepkgs/packages/arduino/hardware/sam/1.6.11/variants/arduino_due_x/libsam_sam3x8e_gcc_rel.a(pio.o)
                0x0000000000083a96                PIO_SetOutput
 *fill*         0x0000000000083aba        0x2 
 .text.PIO_Configure
                0x0000000000083abc       0x64 /home/adiravishankara/Documents/MATLAB/SupportPackages/R2018a/3P.instrset/arduinoide.instrset/idepkgs/packages/arduino/hardware/sam/1.6.11/variants/arduino_due_x/libsam_sam3x8e_gcc_rel.a(pio.o)
                0x0000000000083abc                PIO_Configure
 .text.PIO_GetOutputDataStatus
                0x0000000000083b20       0x14 /home/adiravishankara/Documents/MATLAB/SupportPackages/R2018a/3P.instrset/arduinoide.instrset/idepkgs/packages/arduino/hardware/sam/1.6.11/variants/arduino_due_x/libsam_sam3x8e_gcc_rel.a(pio.o)
                0x0000000000083b20                PIO_GetOutputDataStatus
 .text.pmc_enable_upll_clock
                0x0000000000083b34       0x14 /home/adiravishankara/Documents/MATLAB/SupportPackages/R2018a/3P.instrset/arduinoide.instrset/idepkgs/packages/arduino/hardware/sam/1.6.11/variants/arduino_due_x/libsam_sam3x8e_gcc_rel.a(pmc.o)
                0x0000000000083b34                pmc_enable_upll_clock
 .text.pmc_enable_periph_clk
                0x0000000000083b48       0x44 /home/adiravishankara/Documents/MATLAB/SupportPackages/R2018a/3P.instrset/arduinoide.instrset/idepkgs/packages/arduino/hardware/sam/1.6.11/variants/arduino_due_x/libsam_sam3x8e_gcc_rel.a(pmc.o)
                0x0000000000083b48                pmc_enable_periph_clk
 .text.pmc_disable_periph_clk
                0x0000000000083b8c       0x40 /home/adiravishankara/Documents/MATLAB/SupportPackages/R2018a/3P.instrset/arduinoide.instrset/idepkgs/packages/arduino/hardware/sam/1.6.11/variants/arduino_due_x/libsam_sam3x8e_gcc_rel.a(pmc.o)
                0x0000000000083b8c                pmc_disable_periph_clk
 .text.pmc_switch_udpck_to_upllck
                0x0000000000083bcc       0x14 /home/adiravishankara/Documents/MATLAB/SupportPackages/R2018a/3P.instrset/arduinoide.instrset/idepkgs/packages/arduino/hardware/sam/1.6.11/variants/arduino_due_x/libsam_sam3x8e_gcc_rel.a(pmc.o)
                0x0000000000083bcc                pmc_switch_udpck_to_upllck
 .text.pmc_enable_udpck
                0x0000000000083be0        0xc /home/adiravishankara/Documents/MATLAB/SupportPackages/R2018a/3P.instrset/arduinoide.instrset/idepkgs/packages/arduino/hardware/sam/1.6.11/variants/arduino_due_x/libsam_sam3x8e_gcc_rel.a(pmc.o)
                0x0000000000083be0                pmc_enable_udpck
 .text.pmc_set_writeprotect
                0x0000000000083bec       0x1c /home/adiravishankara/Documents/MATLAB/SupportPackages/R2018a/3P.instrset/arduinoide.instrset/idepkgs/packages/arduino/hardware/sam/1.6.11/variants/arduino_due_x/libsam_sam3x8e_gcc_rel.a(pmc.o)
                0x0000000000083bec                pmc_set_writeprotect
 .text.FindClockConfiguration
                0x0000000000083c08       0x7c /home/adiravishankara/Documents/MATLAB/SupportPackages/R2018a/3P.instrset/arduinoide.instrset/idepkgs/packages/arduino/hardware/sam/1.6.11/variants/arduino_due_x/libsam_sam3x8e_gcc_rel.a(pwmc.o)
 .text.PWMC_ConfigureChannel
                0x0000000000083c84       0x60 /home/adiravishankara/Documents/MATLAB/SupportPackages/R2018a/3P.instrset/arduinoide.instrset/idepkgs/packages/arduino/hardware/sam/1.6.11/variants/arduino_due_x/libsam_sam3x8e_gcc_rel.a(pwmc.o)
                0x0000000000083c84                PWMC_ConfigureChannel
 .text.PWMC_ConfigureClocks
                0x0000000000083ce4       0x54 /home/adiravishankara/Documents/MATLAB/SupportPackages/R2018a/3P.instrset/arduinoide.instrset/idepkgs/packages/arduino/hardware/sam/1.6.11/variants/arduino_due_x/libsam_sam3x8e_gcc_rel.a(pwmc.o)
                0x0000000000083ce4                PWMC_ConfigureClocks
 .text.PWMC_SetPeriod
                0x0000000000083d38       0x1a /home/adiravishankara/Documents/MATLAB/SupportPackages/R2018a/3P.instrset/arduinoide.instrset/idepkgs/packages/arduino/hardware/sam/1.6.11/variants/arduino_due_x/libsam_sam3x8e_gcc_rel.a(pwmc.o)
                0x0000000000083d38                PWMC_SetPeriod
 *fill*         0x0000000000083d52        0x2 
 .text.PWMC_SetDutyCycle
                0x0000000000083d54       0x44 /home/adiravishankara/Documents/MATLAB/SupportPackages/R2018a/3P.instrset/arduinoide.instrset/idepkgs/packages/arduino/hardware/sam/1.6.11/variants/arduino_due_x/libsam_sam3x8e_gcc_rel.a(pwmc.o)
                0x0000000000083d54                PWMC_SetDutyCycle
 .text.PWMC_EnableChannel
                0x0000000000083d98        0xa /home/adiravishankara/Documents/MATLAB/SupportPackages/R2018a/3P.instrset/arduinoide.instrset/idepkgs/packages/arduino/hardware/sam/1.6.11/variants/arduino_due_x/libsam_sam3x8e_gcc_rel.a(pwmc.o)
                0x0000000000083d98                PWMC_EnableChannel
 *fill*         0x0000000000083da2        0x2 
 .text.TC_Configure
                0x0000000000083da4       0x38 /home/adiravishankara/Documents/MATLAB/SupportPackages/R2018a/3P.instrset/arduinoide.instrset/idepkgs/packages/arduino/hardware/sam/1.6.11/variants/arduino_due_x/libsam_sam3x8e_gcc_rel.a(tc.o)
                0x0000000000083da4                TC_Configure
 .text.TC_Start
                0x0000000000083ddc       0x2c /home/adiravishankara/Documents/MATLAB/SupportPackages/R2018a/3P.instrset/arduinoide.instrset/idepkgs/packages/arduino/hardware/sam/1.6.11/variants/arduino_due_x/libsam_sam3x8e_gcc_rel.a(tc.o)
                0x0000000000083ddc                TC_Start
 .text.TC_GetStatus
                0x0000000000083e08        0x8 /home/adiravishankara/Documents/MATLAB/SupportPackages/R2018a/3P.instrset/arduinoide.instrset/idepkgs/packages/arduino/hardware/sam/1.6.11/variants/arduino_due_x/libsam_sam3x8e_gcc_rel.a(tc.o)
                0x0000000000083e08                TC_GetStatus
 .text.TC_SetRA
                0x0000000000083e10        0x8 /home/adiravishankara/Documents/MATLAB/SupportPackages/R2018a/3P.instrset/arduinoide.instrset/idepkgs/packages/arduino/hardware/sam/1.6.11/variants/arduino_due_x/libsam_sam3x8e_gcc_rel.a(tc.o)
                0x0000000000083e10                TC_SetRA
 .text.TC_SetRB
                0x0000000000083e18        0x8 /home/adiravishankara/Documents/MATLAB/SupportPackages/R2018a/3P.instrset/arduinoide.instrset/idepkgs/packages/arduino/hardware/sam/1.6.11/variants/arduino_due_x/libsam_sam3x8e_gcc_rel.a(tc.o)
                0x0000000000083e18                TC_SetRB
 .text.TC_SetRC
                0x0000000000083e20        0x8 /home/adiravishankara/Documents/MATLAB/SupportPackages/R2018a/3P.instrset/arduinoide.instrset/idepkgs/packages/arduino/hardware/sam/1.6.11/variants/arduino_due_x/libsam_sam3x8e_gcc_rel.a(tc.o)
                0x0000000000083e20                TC_SetRC
 .text.TimeTick_Increment
                0x0000000000083e28       0x10 /home/adiravishankara/Documents/MATLAB/SupportPackages/R2018a/3P.instrset/arduinoide.instrset/idepkgs/packages/arduino/hardware/sam/1.6.11/variants/arduino_due_x/libsam_sam3x8e_gcc_rel.a(timetick.o)
                0x0000000000083e28                TimeTick_Increment
 .text.GetTickCount
                0x0000000000083e38        0xc /home/adiravishankara/Documents/MATLAB/SupportPackages/R2018a/3P.instrset/arduinoide.instrset/idepkgs/packages/arduino/hardware/sam/1.6.11/variants/arduino_due_x/libsam_sam3x8e_gcc_rel.a(timetick.o)
                0x0000000000083e38                GetTickCount
 .text.WDT_Disable
                0x0000000000083e44        0x8 /home/adiravishankara/Documents/MATLAB/SupportPackages/R2018a/3P.instrset/arduinoide.instrset/idepkgs/packages/arduino/hardware/sam/1.6.11/variants/arduino_due_x/libsam_sam3x8e_gcc_rel.a(wdt.o)
                0x0000000000083e44                WDT_Disable
 .text.SystemInit
                0x0000000000083e4c       0x88 /home/adiravishankara/Documents/MATLAB/SupportPackages/R2018a/3P.instrset/arduinoide.instrset/idepkgs/packages/arduino/hardware/sam/1.6.11/variants/arduino_due_x/libsam_sam3x8e_gcc_rel.a(system_sam3xa.o)
                0x0000000000083e4c                SystemInit
 .text.adc_init
                0x0000000000083ed4       0x98 /home/adiravishankara/Documents/MATLAB/SupportPackages/R2018a/3P.instrset/arduinoide.instrset/idepkgs/packages/arduino/hardware/sam/1.6.11/variants/arduino_due_x/libsam_sam3x8e_gcc_rel.a(adc.o)
                0x0000000000083ed4                adc_init
 .text.adc_configure_trigger
                0x0000000000083f6c        0xe /home/adiravishankara/Documents/MATLAB/SupportPackages/R2018a/3P.instrset/arduinoide.instrset/idepkgs/packages/arduino/hardware/sam/1.6.11/variants/arduino_due_x/libsam_sam3x8e_gcc_rel.a(adc.o)
                0x0000000000083f6c                adc_configure_trigger
 .text.adc_configure_timing
                0x0000000000083f7a       0x1a /home/adiravishankara/Documents/MATLAB/SupportPackages/R2018a/3P.instrset/arduinoide.instrset/idepkgs/packages/arduino/hardware/sam/1.6.11/variants/arduino_due_x/libsam_sam3x8e_gcc_rel.a(adc.o)
                0x0000000000083f7a                adc_configure_timing
 .text.adc_start
                0x0000000000083f94        0x6 /home/adiravishankara/Documents/MATLAB/SupportPackages/R2018a/3P.instrset/arduinoide.instrset/idepkgs/packages/arduino/hardware/sam/1.6.11/variants/arduino_due_x/libsam_sam3x8e_gcc_rel.a(adc.o)
                0x0000000000083f94                adc_start
 .text.adc_enable_channel
                0x0000000000083f9a        0xa /home/adiravishankara/Documents/MATLAB/SupportPackages/R2018a/3P.instrset/arduinoide.instrset/idepkgs/packages/arduino/hardware/sam/1.6.11/variants/arduino_due_x/libsam_sam3x8e_gcc_rel.a(adc.o)
                0x0000000000083f9a                adc_enable_channel
 .text.adc_disable_channel
                0x0000000000083fa4        0xa /home/adiravishankara/Documents/MATLAB/SupportPackages/R2018a/3P.instrset/arduinoide.instrset/idepkgs/packages/arduino/hardware/sam/1.6.11/variants/arduino_due_x/libsam_sam3x8e_gcc_rel.a(adc.o)
                0x0000000000083fa4                adc_disable_channel
 .text.adc_disable_all_channel
                0x0000000000083fae        0x8 /home/adiravishankara/Documents/MATLAB/SupportPackages/R2018a/3P.instrset/arduinoide.instrset/idepkgs/packages/arduino/hardware/sam/1.6.11/variants/arduino_due_x/libsam_sam3x8e_gcc_rel.a(adc.o)
                0x0000000000083fae                adc_disable_all_channel
 .text.adc_get_channel_status
                0x0000000000083fb6        0xa /home/adiravishankara/Documents/MATLAB/SupportPackages/R2018a/3P.instrset/arduinoide.instrset/idepkgs/packages/arduino/hardware/sam/1.6.11/variants/arduino_due_x/libsam_sam3x8e_gcc_rel.a(adc.o)
                0x0000000000083fb6                adc_get_channel_status
 .text.adc_get_latest_value
                0x0000000000083fc0        0x4 /home/adiravishankara/Documents/MATLAB/SupportPackages/R2018a/3P.instrset/arduinoide.instrset/idepkgs/packages/arduino/hardware/sam/1.6.11/variants/arduino_due_x/libsam_sam3x8e_gcc_rel.a(adc.o)
                0x0000000000083fc0                adc_get_latest_value
 .text.adc_disable_interrupt
                0x0000000000083fc4        0x4 /home/adiravishankara/Documents/MATLAB/SupportPackages/R2018a/3P.instrset/arduinoide.instrset/idepkgs/packages/arduino/hardware/sam/1.6.11/variants/arduino_due_x/libsam_sam3x8e_gcc_rel.a(adc.o)
                0x0000000000083fc4                adc_disable_interrupt
 .text.adc_get_status
                0x0000000000083fc8        0x4 /home/adiravishankara/Documents/MATLAB/SupportPackages/R2018a/3P.instrset/arduinoide.instrset/idepkgs/packages/arduino/hardware/sam/1.6.11/variants/arduino_due_x/libsam_sam3x8e_gcc_rel.a(adc.o)
                0x0000000000083fc8                adc_get_status
 .text.UDD_SetStack
                0x0000000000083fcc        0xc /home/adiravishankara/Documents/MATLAB/SupportPackages/R2018a/3P.instrset/arduinoide.instrset/idepkgs/packages/arduino/hardware/sam/1.6.11/variants/arduino_due_x/libsam_sam3x8e_gcc_rel.a(uotghs_device.o)
                0x0000000000083fcc                UDD_SetStack
 .text.UDD_Init
                0x0000000000083fd8       0xd0 /home/adiravishankara/Documents/MATLAB/SupportPackages/R2018a/3P.instrset/arduinoide.instrset/idepkgs/packages/arduino/hardware/sam/1.6.11/variants/arduino_due_x/libsam_sam3x8e_gcc_rel.a(uotghs_device.o)
                0x0000000000083fd8                UDD_Init
 .text.UDD_InitEP
                0x00000000000840a8       0x2c /home/adiravishankara/Documents/MATLAB/SupportPackages/R2018a/3P.instrset/arduinoide.instrset/idepkgs/packages/arduino/hardware/sam/1.6.11/variants/arduino_due_x/libsam_sam3x8e_gcc_rel.a(uotghs_device.o)
                0x00000000000840a8                UDD_InitEP
 .text.UDD_InitEndpoints
                0x00000000000840d4       0x3c /home/adiravishankara/Documents/MATLAB/SupportPackages/R2018a/3P.instrset/arduinoide.instrset/idepkgs/packages/arduino/hardware/sam/1.6.11/variants/arduino_due_x/libsam_sam3x8e_gcc_rel.a(uotghs_device.o)
                0x00000000000840d4                UDD_InitEndpoints
 .text.UDD_WaitIN
                0x0000000000084110       0x10 /home/adiravishankara/Documents/MATLAB/SupportPackages/R2018a/3P.instrset/arduinoide.instrset/idepkgs/packages/arduino/hardware/sam/1.6.11/variants/arduino_due_x/libsam_sam3x8e_gcc_rel.a(uotghs_device.o)
                0x0000000000084110                UDD_WaitIN
 .text.UDD_WaitOUT
                0x0000000000084120       0x10 /home/adiravishankara/Documents/MATLAB/SupportPackages/R2018a/3P.instrset/arduinoide.instrset/idepkgs/packages/arduino/hardware/sam/1.6.11/variants/arduino_due_x/libsam_sam3x8e_gcc_rel.a(uotghs_device.o)
                0x0000000000084120                UDD_WaitOUT
 .text.UDD_ClearIN
                0x0000000000084130       0x18 /home/adiravishankara/Documents/MATLAB/SupportPackages/R2018a/3P.instrset/arduinoide.instrset/idepkgs/packages/arduino/hardware/sam/1.6.11/variants/arduino_due_x/libsam_sam3x8e_gcc_rel.a(uotghs_device.o)
                0x0000000000084130                UDD_ClearIN
 .text.UDD_ClearOUT
                0x0000000000084148       0x18 /home/adiravishankara/Documents/MATLAB/SupportPackages/R2018a/3P.instrset/arduinoide.instrset/idepkgs/packages/arduino/hardware/sam/1.6.11/variants/arduino_due_x/libsam_sam3x8e_gcc_rel.a(uotghs_device.o)
                0x0000000000084148                UDD_ClearOUT
 .text.UDD_ReceivedSetupInt
                0x0000000000084160       0x10 /home/adiravishankara/Documents/MATLAB/SupportPackages/R2018a/3P.instrset/arduinoide.instrset/idepkgs/packages/arduino/hardware/sam/1.6.11/variants/arduino_due_x/libsam_sam3x8e_gcc_rel.a(uotghs_device.o)
                0x0000000000084160                UDD_ReceivedSetupInt
 .text.UDD_ClearSetupInt
                0x0000000000084170       0x10 /home/adiravishankara/Documents/MATLAB/SupportPackages/R2018a/3P.instrset/arduinoide.instrset/idepkgs/packages/arduino/hardware/sam/1.6.11/variants/arduino_due_x/libsam_sam3x8e_gcc_rel.a(uotghs_device.o)
                0x0000000000084170                UDD_ClearSetupInt
 .text.UDD_Send
                0x0000000000084180       0x88 /home/adiravishankara/Documents/MATLAB/SupportPackages/R2018a/3P.instrset/arduinoide.instrset/idepkgs/packages/arduino/hardware/sam/1.6.11/variants/arduino_due_x/libsam_sam3x8e_gcc_rel.a(uotghs_device.o)
                0x0000000000084180                UDD_Send
 .text.UDD_Send8
                0x0000000000084208       0x24 /home/adiravishankara/Documents/MATLAB/SupportPackages/R2018a/3P.instrset/arduinoide.instrset/idepkgs/packages/arduino/hardware/sam/1.6.11/variants/arduino_due_x/libsam_sam3x8e_gcc_rel.a(uotghs_device.o)
                0x0000000000084208                UDD_Send8
 .text.UDD_Recv8
                0x000000000008422c       0x28 /home/adiravishankara/Documents/MATLAB/SupportPackages/R2018a/3P.instrset/arduinoide.instrset/idepkgs/packages/arduino/hardware/sam/1.6.11/variants/arduino_due_x/libsam_sam3x8e_gcc_rel.a(uotghs_device.o)
                0x000000000008422c                UDD_Recv8
 .text.UDD_Recv
                0x0000000000084254       0x34 /home/adiravishankara/Documents/MATLAB/SupportPackages/R2018a/3P.instrset/arduinoide.instrset/idepkgs/packages/arduino/hardware/sam/1.6.11/variants/arduino_due_x/libsam_sam3x8e_gcc_rel.a(uotghs_device.o)
                0x0000000000084254                UDD_Recv
 .text.UDD_Stall
                0x0000000000084288       0x14 /home/adiravishankara/Documents/MATLAB/SupportPackages/R2018a/3P.instrset/arduinoide.instrset/idepkgs/packages/arduino/hardware/sam/1.6.11/variants/arduino_due_x/libsam_sam3x8e_gcc_rel.a(uotghs_device.o)
                0x0000000000084288                UDD_Stall
 .text.UDD_FifoByteCount
                0x000000000008429c       0x14 /home/adiravishankara/Documents/MATLAB/SupportPackages/R2018a/3P.instrset/arduinoide.instrset/idepkgs/packages/arduino/hardware/sam/1.6.11/variants/arduino_due_x/libsam_sam3x8e_gcc_rel.a(uotghs_device.o)
                0x000000000008429c                UDD_FifoByteCount
 .text.UDD_ReleaseRX
                0x00000000000842b0       0x28 /home/adiravishankara/Documents/MATLAB/SupportPackages/R2018a/3P.instrset/arduinoide.instrset/idepkgs/packages/arduino/hardware/sam/1.6.11/variants/arduino_due_x/libsam_sam3x8e_gcc_rel.a(uotghs_device.o)
                0x00000000000842b0                UDD_ReleaseRX
 .text.UDD_ReleaseTX
                0x00000000000842d8       0x28 /home/adiravishankara/Documents/MATLAB/SupportPackages/R2018a/3P.instrset/arduinoide.instrset/idepkgs/packages/arduino/hardware/sam/1.6.11/variants/arduino_due_x/libsam_sam3x8e_gcc_rel.a(uotghs_device.o)
                0x00000000000842d8                UDD_ReleaseTX
 .text.UDD_SetAddress
                0x0000000000084300       0x20 /home/adiravishankara/Documents/MATLAB/SupportPackages/R2018a/3P.instrset/arduinoide.instrset/idepkgs/packages/arduino/hardware/sam/1.6.11/variants/arduino_due_x/libsam_sam3x8e_gcc_rel.a(uotghs_device.o)
                0x0000000000084300                UDD_SetAddress
 .text.dacc_reset
                0x0000000000084320        0x6 /home/adiravishankara/Documents/MATLAB/SupportPackages/R2018a/3P.instrset/arduinoide.instrset/idepkgs/packages/arduino/hardware/sam/1.6.11/variants/arduino_due_x/libsam_sam3x8e_gcc_rel.a(dacc.o)
                0x0000000000084320                dacc_reset
 .text.dacc_set_transfer_mode
                0x0000000000084326       0x14 /home/adiravishankara/Documents/MATLAB/SupportPackages/R2018a/3P.instrset/arduinoide.instrset/idepkgs/packages/arduino/hardware/sam/1.6.11/variants/arduino_due_x/libsam_sam3x8e_gcc_rel.a(dacc.o)
                0x0000000000084326                dacc_set_transfer_mode
 .text.dacc_get_interrupt_status
                0x000000000008433a        0x4 /home/adiravishankara/Documents/MATLAB/SupportPackages/R2018a/3P.instrset/arduinoide.instrset/idepkgs/packages/arduino/hardware/sam/1.6.11/variants/arduino_due_x/libsam_sam3x8e_gcc_rel.a(dacc.o)
                0x000000000008433a                dacc_get_interrupt_status
 .text.dacc_write_conversion_data
                0x000000000008433e        0x4 /home/adiravishankara/Documents/MATLAB/SupportPackages/R2018a/3P.instrset/arduinoide.instrset/idepkgs/packages/arduino/hardware/sam/1.6.11/variants/arduino_due_x/libsam_sam3x8e_gcc_rel.a(dacc.o)
                0x000000000008433e                dacc_write_conversion_data
 .text.dacc_set_channel_selection
                0x0000000000084342       0x18 /home/adiravishankara/Documents/MATLAB/SupportPackages/R2018a/3P.instrset/arduinoide.instrset/idepkgs/packages/arduino/hardware/sam/1.6.11/variants/arduino_due_x/libsam_sam3x8e_gcc_rel.a(dacc.o)
                0x0000000000084342                dacc_set_channel_selection
 .text.dacc_set_power_save
                0x000000000008435a       0x24 /home/adiravishankara/Documents/MATLAB/SupportPackages/R2018a/3P.instrset/arduinoide.instrset/idepkgs/packages/arduino/hardware/sam/1.6.11/variants/arduino_due_x/libsam_sam3x8e_gcc_rel.a(dacc.o)
                0x000000000008435a                dacc_set_power_save
 .text.dacc_set_timing
                0x000000000008437e       0x2c /home/adiravishankara/Documents/MATLAB/SupportPackages/R2018a/3P.instrset/arduinoide.instrset/idepkgs/packages/arduino/hardware/sam/1.6.11/variants/arduino_due_x/libsam_sam3x8e_gcc_rel.a(dacc.o)
                0x000000000008437e                dacc_set_timing
 .text.dacc_enable_channel
                0x00000000000843aa       0x12 /home/adiravishankara/Documents/MATLAB/SupportPackages/R2018a/3P.instrset/arduinoide.instrset/idepkgs/packages/arduino/hardware/sam/1.6.11/variants/arduino_due_x/libsam_sam3x8e_gcc_rel.a(dacc.o)
                0x00000000000843aa                dacc_enable_channel
 .text.dacc_get_channel_status
                0x00000000000843bc        0x4 /home/adiravishankara/Documents/MATLAB/SupportPackages/R2018a/3P.instrset/arduinoide.instrset/idepkgs/packages/arduino/hardware/sam/1.6.11/variants/arduino_due_x/libsam_sam3x8e_gcc_rel.a(dacc.o)
                0x00000000000843bc                dacc_get_channel_status
 .text.dacc_set_analog_control
                0x00000000000843c0        0x8 /home/adiravishankara/Documents/MATLAB/SupportPackages/R2018a/3P.instrset/arduinoide.instrset/idepkgs/packages/arduino/hardware/sam/1.6.11/variants/arduino_due_x/libsam_sam3x8e_gcc_rel.a(dacc.o)
                0x00000000000843c0                dacc_set_analog_control
 .text          0x00000000000843c8      0x370 /home/adiravishankara/Documents/MATLAB/SupportPackages/R2018a/3P.instrset/arduinoide.instrset/idepkgs/packages/arduino/tools/arm-none-eabi-gcc/4.8.3-2014q1/bin/../lib/gcc/arm-none-eabi/4.8.3/armv7-m/libgcc.a(_arm_addsubdf3.o)
                0x00000000000843c8                __aeabi_drsub
                0x00000000000843d0                __aeabi_dsub
                0x00000000000843d0                __subdf3
                0x00000000000843d4                __adddf3
                0x00000000000843d4                __aeabi_dadd
                0x000000000008464c                __aeabi_ui2d
                0x000000000008464c                __floatunsidf
                0x000000000008466c                __floatsidf
                0x000000000008466c                __aeabi_i2d
                0x0000000000084690                __extendsfdf2
                0x0000000000084690                __aeabi_f2d
                0x00000000000846cc                __aeabi_ul2d
                0x00000000000846cc                __floatundidf
                0x00000000000846dc                __floatdidf
                0x00000000000846dc                __aeabi_l2d
 .text          0x0000000000084738      0x424 /home/adiravishankara/Documents/MATLAB/SupportPackages/R2018a/3P.instrset/arduinoide.instrset/idepkgs/packages/arduino/tools/arm-none-eabi-gcc/4.8.3-2014q1/bin/../lib/gcc/arm-none-eabi/4.8.3/armv7-m/libgcc.a(_arm_muldivdf3.o)
                0x0000000000084738                __aeabi_dmul
                0x0000000000084738                __muldf3
                0x000000000008498c                __aeabi_ddiv
                0x000000000008498c                __divdf3
 .text          0x0000000000084b5c      0x110 /home/adiravishankara/Documents/MATLAB/SupportPackages/R2018a/3P.instrset/arduinoide.instrset/idepkgs/packages/arduino/tools/arm-none-eabi-gcc/4.8.3-2014q1/bin/../lib/gcc/arm-none-eabi/4.8.3/armv7-m/libgcc.a(_arm_cmpdf2.o)
                0x0000000000084b5c                __gtdf2
                0x0000000000084b5c                __gedf2
                0x0000000000084b64                __ltdf2
                0x0000000000084b64                __ledf2
                0x0000000000084b6c                __cmpdf2
                0x0000000000084b6c                __eqdf2
                0x0000000000084b6c                __nedf2
                0x0000000000084be8                __aeabi_cdrcmple
                0x0000000000084bf8                __aeabi_cdcmple
                0x0000000000084bf8                __aeabi_cdcmpeq
                0x0000000000084c08                __aeabi_dcmpeq
                0x0000000000084c1c                __aeabi_dcmplt
                0x0000000000084c30                __aeabi_dcmple
                0x0000000000084c44                __aeabi_dcmpge
                0x0000000000084c58                __aeabi_dcmpgt
 .text          0x0000000000084c6c       0x40 /home/adiravishankara/Documents/MATLAB/SupportPackages/R2018a/3P.instrset/arduinoide.instrset/idepkgs/packages/arduino/tools/arm-none-eabi-gcc/4.8.3-2014q1/bin/../lib/gcc/arm-none-eabi/4.8.3/armv7-m/libgcc.a(_arm_fixunsdfsi.o)
                0x0000000000084c6c                __fixunsdfsi
                0x0000000000084c6c                __aeabi_d2uiz
 .text.__assert_func
                0x0000000000084cac       0x3c /home/adiravishankara/Documents/MATLAB/SupportPackages/R2018a/3P.instrset/arduinoide.instrset/idepkgs/packages/arduino/tools/arm-none-eabi-gcc/4.8.3-2014q1/bin/../lib/gcc/arm-none-eabi/4.8.3/../../../../arm-none-eabi/lib/armv7-m/libg.a(lib_a-assert.o)
                0x0000000000084cac                __assert_func
 .text.calloc   0x0000000000084ce8       0x10 /home/adiravishankara/Documents/MATLAB/SupportPackages/R2018a/3P.instrset/arduinoide.instrset/idepkgs/packages/arduino/tools/arm-none-eabi-gcc/4.8.3-2014q1/bin/../lib/gcc/arm-none-eabi/4.8.3/../../../../arm-none-eabi/lib/armv7-m/libg.a(lib_a-calloc.o)
                0x0000000000084ce8                calloc
 .text._calloc_r
                0x0000000000084cf8       0x60 /home/adiravishankara/Documents/MATLAB/SupportPackages/R2018a/3P.instrset/arduinoide.instrset/idepkgs/packages/arduino/tools/arm-none-eabi-gcc/4.8.3-2014q1/bin/../lib/gcc/arm-none-eabi/4.8.3/../../../../arm-none-eabi/lib/armv7-m/libg.a(lib_a-callocr.o)
                0x0000000000084cf8                _calloc_r
 .text.fiprintf
                0x0000000000084d58       0x28 /home/adiravishankara/Documents/MATLAB/SupportPackages/R2018a/3P.instrset/arduinoide.instrset/idepkgs/packages/arduino/tools/arm-none-eabi-gcc/4.8.3-2014q1/bin/../lib/gcc/arm-none-eabi/4.8.3/../../../../arm-none-eabi/lib/armv7-m/libg.a(lib_a-fiprintf.o)
                0x0000000000084d58                fiprintf
 .text.__libc_init_array
                0x0000000000084d80       0x50 /home/adiravishankara/Documents/MATLAB/SupportPackages/R2018a/3P.instrset/arduinoide.instrset/idepkgs/packages/arduino/tools/arm-none-eabi-gcc/4.8.3-2014q1/bin/../lib/gcc/arm-none-eabi/4.8.3/../../../../arm-none-eabi/lib/armv7-m/libg.a(lib_a-init.o)
                0x0000000000084d80                __libc_init_array
 .text.iprintf  0x0000000000084dd0       0x28 /home/adiravishankara/Documents/MATLAB/SupportPackages/R2018a/3P.instrset/arduinoide.instrset/idepkgs/packages/arduino/tools/arm-none-eabi-gcc/4.8.3-2014q1/bin/../lib/gcc/arm-none-eabi/4.8.3/../../../../arm-none-eabi/lib/armv7-m/libg.a(lib_a-iprintf.o)
                0x0000000000084dd0                iprintf
 .text.malloc   0x0000000000084df8       0x10 /home/adiravishankara/Documents/MATLAB/SupportPackages/R2018a/3P.instrset/arduinoide.instrset/idepkgs/packages/arduino/tools/arm-none-eabi-gcc/4.8.3-2014q1/bin/../lib/gcc/arm-none-eabi/4.8.3/../../../../arm-none-eabi/lib/armv7-m/libg.a(lib_a-malloc.o)
                0x0000000000084df8                malloc
 .text.free     0x0000000000084e08       0x10 /home/adiravishankara/Documents/MATLAB/SupportPackages/R2018a/3P.instrset/arduinoide.instrset/idepkgs/packages/arduino/tools/arm-none-eabi-gcc/4.8.3-2014q1/bin/../lib/gcc/arm-none-eabi/4.8.3/../../../../arm-none-eabi/lib/armv7-m/libg.a(lib_a-malloc.o)
                0x0000000000084e08                free
 .text._malloc_r
                0x0000000000084e18      0x538 /home/adiravishankara/Documents/MATLAB/SupportPackages/R2018a/3P.instrset/arduinoide.instrset/idepkgs/packages/arduino/tools/arm-none-eabi-gcc/4.8.3-2014q1/bin/../lib/gcc/arm-none-eabi/4.8.3/../../../../arm-none-eabi/lib/armv7-m/libg.a(lib_a-mallocr.o)
                0x0000000000084e18                _malloc_r
 .text          0x0000000000085350       0xec /home/adiravishankara/Documents/MATLAB/SupportPackages/R2018a/3P.instrset/arduinoide.instrset/idepkgs/packages/arduino/tools/arm-none-eabi-gcc/4.8.3-2014q1/bin/../lib/gcc/arm-none-eabi/4.8.3/../../../../arm-none-eabi/lib/armv7-m/libg.a(lib_a-memcpy.o)
                0x0000000000085350                memcpy
 .text.memmove  0x000000000008543c       0xcc /home/adiravishankara/Documents/MATLAB/SupportPackages/R2018a/3P.instrset/arduinoide.instrset/idepkgs/packages/arduino/tools/arm-none-eabi-gcc/4.8.3-2014q1/bin/../lib/gcc/arm-none-eabi/4.8.3/../../../../arm-none-eabi/lib/armv7-m/libg.a(lib_a-memmove.o)
                0x000000000008543c                memmove
 .text.memset   0x0000000000085508       0x94 /home/adiravishankara/Documents/MATLAB/SupportPackages/R2018a/3P.instrset/arduinoide.instrset/idepkgs/packages/arduino/tools/arm-none-eabi-gcc/4.8.3-2014q1/bin/../lib/gcc/arm-none-eabi/4.8.3/../../../../arm-none-eabi/lib/armv7-m/libg.a(lib_a-memset.o)
                0x0000000000085508                memset
 .text.__malloc_lock
                0x000000000008559c        0x4 /home/adiravishankara/Documents/MATLAB/SupportPackages/R2018a/3P.instrset/arduinoide.instrset/idepkgs/packages/arduino/tools/arm-none-eabi-gcc/4.8.3-2014q1/bin/../lib/gcc/arm-none-eabi/4.8.3/../../../../arm-none-eabi/lib/armv7-m/libg.a(lib_a-mlock.o)
                0x000000000008559c                __malloc_lock
 .text.__malloc_unlock
                0x00000000000855a0        0x4 /home/adiravishankara/Documents/MATLAB/SupportPackages/R2018a/3P.instrset/arduinoide.instrset/idepkgs/packages/arduino/tools/arm-none-eabi-gcc/4.8.3-2014q1/bin/../lib/gcc/arm-none-eabi/4.8.3/../../../../arm-none-eabi/lib/armv7-m/libg.a(lib_a-mlock.o)
                0x00000000000855a0                __malloc_unlock
 .text._realloc_r
                0x00000000000855a4      0x3c0 /home/adiravishankara/Documents/MATLAB/SupportPackages/R2018a/3P.instrset/arduinoide.instrset/idepkgs/packages/arduino/tools/arm-none-eabi-gcc/4.8.3-2014q1/bin/../lib/gcc/arm-none-eabi/4.8.3/../../../../arm-none-eabi/lib/armv7-m/libg.a(lib_a-reallocr.o)
                0x00000000000855a4                _realloc_r
 .text._sbrk_r  0x0000000000085964       0x24 /home/adiravishankara/Documents/MATLAB/SupportPackages/R2018a/3P.instrset/arduinoide.instrset/idepkgs/packages/arduino/tools/arm-none-eabi-gcc/4.8.3-2014q1/bin/../lib/gcc/arm-none-eabi/4.8.3/../../../../arm-none-eabi/lib/armv7-m/libg.a(lib_a-sbrkr.o)
                0x0000000000085964                _sbrk_r
 .text          0x0000000000085988      0x23c /home/adiravishankara/Documents/MATLAB/SupportPackages/R2018a/3P.instrset/arduinoide.instrset/idepkgs/packages/arduino/tools/arm-none-eabi-gcc/4.8.3-2014q1/bin/../lib/gcc/arm-none-eabi/4.8.3/../../../../arm-none-eabi/lib/armv7-m/libg.a(lib_a-strcmp.o)
                0x0000000000085988                strcmp
 .text.strlen   0x0000000000085bc4       0x60 /home/adiravishankara/Documents/MATLAB/SupportPackages/R2018a/3P.instrset/arduinoide.instrset/idepkgs/packages/arduino/tools/arm-none-eabi-gcc/4.8.3-2014q1/bin/../lib/gcc/arm-none-eabi/4.8.3/../../../../arm-none-eabi/lib/armv7-m/libg.a(lib_a-strlen.o)
                0x0000000000085bc4                strlen
 .text.__sprint_r.part.0
                0x0000000000085c24       0x78 /home/adiravishankara/Documents/MATLAB/SupportPackages/R2018a/3P.instrset/arduinoide.instrset/idepkgs/packages/arduino/tools/arm-none-eabi-gcc/4.8.3-2014q1/bin/../lib/gcc/arm-none-eabi/4.8.3/../../../../arm-none-eabi/lib/armv7-m/libg.a(lib_a-vfiprintf.o)
 .text._vfiprintf_r
                0x0000000000085c9c      0xc54 /home/adiravishankara/Documents/MATLAB/SupportPackages/R2018a/3P.instrset/arduinoide.instrset/idepkgs/packages/arduino/tools/arm-none-eabi-gcc/4.8.3-2014q1/bin/../lib/gcc/arm-none-eabi/4.8.3/../../../../arm-none-eabi/lib/armv7-m/libg.a(lib_a-vfiprintf.o)
                0x0000000000085c9c                _vfiprintf_r
 .text.__sbprintf
                0x00000000000868f0       0x7c /home/adiravishankara/Documents/MATLAB/SupportPackages/R2018a/3P.instrset/arduinoide.instrset/idepkgs/packages/arduino/tools/arm-none-eabi-gcc/4.8.3-2014q1/bin/../lib/gcc/arm-none-eabi/4.8.3/../../../../arm-none-eabi/lib/armv7-m/libg.a(lib_a-vfiprintf.o)
 .text.__swsetup_r
                0x000000000008696c       0xc4 /home/adiravishankara/Documents/MATLAB/SupportPackages/R2018a/3P.instrset/arduinoide.instrset/idepkgs/packages/arduino/tools/arm-none-eabi-gcc/4.8.3-2014q1/bin/../lib/gcc/arm-none-eabi/4.8.3/../../../../arm-none-eabi/lib/armv7-m/libg.a(lib_a-wsetup.o)
                0x000000000008696c                __swsetup_r
 .text.startup.register_fini
                0x0000000000086a30       0x14 /home/adiravishankara/Documents/MATLAB/SupportPackages/R2018a/3P.instrset/arduinoide.instrset/idepkgs/packages/arduino/tools/arm-none-eabi-gcc/4.8.3-2014q1/bin/../lib/gcc/arm-none-eabi/4.8.3/../../../../arm-none-eabi/lib/armv7-m/libg.a(lib_a-__call_atexit.o)
 .text.abort    0x0000000000086a44       0x10 /home/adiravishankara/Documents/MATLAB/SupportPackages/R2018a/3P.instrset/arduinoide.instrset/idepkgs/packages/arduino/tools/arm-none-eabi-gcc/4.8.3-2014q1/bin/../lib/gcc/arm-none-eabi/4.8.3/../../../../arm-none-eabi/lib/armv7-m/libg.a(lib_a-abort.o)
                0x0000000000086a44                abort
 .text.atexit   0x0000000000086a54        0xc /home/adiravishankara/Documents/MATLAB/SupportPackages/R2018a/3P.instrset/arduinoide.instrset/idepkgs/packages/arduino/tools/arm-none-eabi-gcc/4.8.3-2014q1/bin/../lib/gcc/arm-none-eabi/4.8.3/../../../../arm-none-eabi/lib/armv7-m/libg.a(lib_a-atexit.o)
                0x0000000000086a54                atexit
 .text.__sflush_r
                0x0000000000086a60      0x148 /home/adiravishankara/Documents/MATLAB/SupportPackages/R2018a/3P.instrset/arduinoide.instrset/idepkgs/packages/arduino/tools/arm-none-eabi-gcc/4.8.3-2014q1/bin/../lib/gcc/arm-none-eabi/4.8.3/../../../../arm-none-eabi/lib/armv7-m/libg.a(lib_a-fflush.o)
                0x0000000000086a60                __sflush_r
 .text._fflush_r
                0x0000000000086ba8       0x2c /home/adiravishankara/Documents/MATLAB/SupportPackages/R2018a/3P.instrset/arduinoide.instrset/idepkgs/packages/arduino/tools/arm-none-eabi-gcc/4.8.3-2014q1/bin/../lib/gcc/arm-none-eabi/4.8.3/../../../../arm-none-eabi/lib/armv7-m/libg.a(lib_a-fflush.o)
                0x0000000000086ba8                _fflush_r
 .text._cleanup_r
                0x0000000000086bd4        0xc /home/adiravishankara/Documents/MATLAB/SupportPackages/R2018a/3P.instrset/arduinoide.instrset/idepkgs/packages/arduino/tools/arm-none-eabi-gcc/4.8.3-2014q1/bin/../lib/gcc/arm-none-eabi/4.8.3/../../../../arm-none-eabi/lib/armv7-m/libg.a(lib_a-findfp.o)
                0x0000000000086bd4                _cleanup_r
 .text.__sinit  0x0000000000086be0       0xf4 /home/adiravishankara/Documents/MATLAB/SupportPackages/R2018a/3P.instrset/arduinoide.instrset/idepkgs/packages/arduino/tools/arm-none-eabi-gcc/4.8.3-2014q1/bin/../lib/gcc/arm-none-eabi/4.8.3/../../../../arm-none-eabi/lib/armv7-m/libg.a(lib_a-findfp.o)
                0x0000000000086be0                __sinit
 .text.__sfp_lock_acquire
                0x0000000000086cd4        0x4 /home/adiravishankara/Documents/MATLAB/SupportPackages/R2018a/3P.instrset/arduinoide.instrset/idepkgs/packages/arduino/tools/arm-none-eabi-gcc/4.8.3-2014q1/bin/../lib/gcc/arm-none-eabi/4.8.3/../../../../arm-none-eabi/lib/armv7-m/libg.a(lib_a-findfp.o)
                0x0000000000086cd4                __sfp_lock_acquire
 .text.__sfp_lock_release
                0x0000000000086cd8        0x4 /home/adiravishankara/Documents/MATLAB/SupportPackages/R2018a/3P.instrset/arduinoide.instrset/idepkgs/packages/arduino/tools/arm-none-eabi-gcc/4.8.3-2014q1/bin/../lib/gcc/arm-none-eabi/4.8.3/../../../../arm-none-eabi/lib/armv7-m/libg.a(lib_a-findfp.o)
                0x0000000000086cd8                __sfp_lock_release
 .text.__libc_fini_array
                0x0000000000086cdc       0x30 /home/adiravishankara/Documents/MATLAB/SupportPackages/R2018a/3P.instrset/arduinoide.instrset/idepkgs/packages/arduino/tools/arm-none-eabi-gcc/4.8.3-2014q1/bin/../lib/gcc/arm-none-eabi/4.8.3/../../../../arm-none-eabi/lib/armv7-m/libg.a(lib_a-fini.o)
                0x0000000000086cdc                __libc_fini_array
 .text._fputwc_r
                0x0000000000086d0c       0xc0 /home/adiravishankara/Documents/MATLAB/SupportPackages/R2018a/3P.instrset/arduinoide.instrset/idepkgs/packages/arduino/tools/arm-none-eabi-gcc/4.8.3-2014q1/bin/../lib/gcc/arm-none-eabi/4.8.3/../../../../arm-none-eabi/lib/armv7-m/libg.a(lib_a-fputwc.o)
                0x0000000000086d0c                _fputwc_r
 .text._malloc_trim_r
                0x0000000000086dcc       0x9c /home/adiravishankara/Documents/MATLAB/SupportPackages/R2018a/3P.instrset/arduinoide.instrset/idepkgs/packages/arduino/tools/arm-none-eabi-gcc/4.8.3-2014q1/bin/../lib/gcc/arm-none-eabi/4.8.3/../../../../arm-none-eabi/lib/armv7-m/libg.a(lib_a-freer.o)
                0x0000000000086dcc                _malloc_trim_r
 .text._free_r  0x0000000000086e68      0x198 /home/adiravishankara/Documents/MATLAB/SupportPackages/R2018a/3P.instrset/arduinoide.instrset/idepkgs/packages/arduino/tools/arm-none-eabi-gcc/4.8.3-2014q1/bin/../lib/gcc/arm-none-eabi/4.8.3/../../../../arm-none-eabi/lib/armv7-m/libg.a(lib_a-freer.o)
                0x0000000000086e68                _free_r
 .text.__sfvwrite_r
                0x0000000000087000      0x314 /home/adiravishankara/Documents/MATLAB/SupportPackages/R2018a/3P.instrset/arduinoide.instrset/idepkgs/packages/arduino/tools/arm-none-eabi-gcc/4.8.3-2014q1/bin/../lib/gcc/arm-none-eabi/4.8.3/../../../../arm-none-eabi/lib/armv7-m/libg.a(lib_a-fvwrite.o)
                0x0000000000087000                __sfvwrite_r
 .text._fwalk   0x0000000000087314       0x48 /home/adiravishankara/Documents/MATLAB/SupportPackages/R2018a/3P.instrset/arduinoide.instrset/idepkgs/packages/arduino/tools/arm-none-eabi-gcc/4.8.3-2014q1/bin/../lib/gcc/arm-none-eabi/4.8.3/../../../../arm-none-eabi/lib/armv7-m/libg.a(lib_a-fwalk.o)
                0x0000000000087314                _fwalk
 .text.__locale_charset
                0x000000000008735c        0x8 /home/adiravishankara/Documents/MATLAB/SupportPackages/R2018a/3P.instrset/arduinoide.instrset/idepkgs/packages/arduino/tools/arm-none-eabi-gcc/4.8.3-2014q1/bin/../lib/gcc/arm-none-eabi/4.8.3/../../../../arm-none-eabi/lib/armv7-m/libg.a(lib_a-locale.o)
                0x000000000008735c                __locale_charset
 .text.__locale_mb_cur_max
                0x0000000000087364        0xc /home/adiravishankara/Documents/MATLAB/SupportPackages/R2018a/3P.instrset/arduinoide.instrset/idepkgs/packages/arduino/tools/arm-none-eabi-gcc/4.8.3-2014q1/bin/../lib/gcc/arm-none-eabi/4.8.3/../../../../arm-none-eabi/lib/armv7-m/libg.a(lib_a-locale.o)
                0x0000000000087364                __locale_mb_cur_max
 .text.__smakebuf_r
                0x0000000000087370       0xe0 /home/adiravishankara/Documents/MATLAB/SupportPackages/R2018a/3P.instrset/arduinoide.instrset/idepkgs/packages/arduino/tools/arm-none-eabi-gcc/4.8.3-2014q1/bin/../lib/gcc/arm-none-eabi/4.8.3/../../../../arm-none-eabi/lib/armv7-m/libg.a(lib_a-makebuf.o)
                0x0000000000087370                __smakebuf_r
 .text.memchr   0x0000000000087450       0x94 /home/adiravishankara/Documents/MATLAB/SupportPackages/R2018a/3P.instrset/arduinoide.instrset/idepkgs/packages/arduino/tools/arm-none-eabi-gcc/4.8.3-2014q1/bin/../lib/gcc/arm-none-eabi/4.8.3/../../../../arm-none-eabi/lib/armv7-m/libg.a(lib_a-memchr-stub.o)
                0x0000000000087450                memchr
 .text._raise_r
                0x00000000000874e4       0x58 /home/adiravishankara/Documents/MATLAB/SupportPackages/R2018a/3P.instrset/arduinoide.instrset/idepkgs/packages/arduino/tools/arm-none-eabi-gcc/4.8.3-2014q1/bin/../lib/gcc/arm-none-eabi/4.8.3/../../../../arm-none-eabi/lib/armv7-m/libg.a(lib_a-signal.o)
                0x00000000000874e4                _raise_r
 .text.raise    0x000000000008753c       0x10 /home/adiravishankara/Documents/MATLAB/SupportPackages/R2018a/3P.instrset/arduinoide.instrset/idepkgs/packages/arduino/tools/arm-none-eabi-gcc/4.8.3-2014q1/bin/../lib/gcc/arm-none-eabi/4.8.3/../../../../arm-none-eabi/lib/armv7-m/libg.a(lib_a-signal.o)
                0x000000000008753c                raise
 .text._kill_r  0x000000000008754c       0x28 /home/adiravishankara/Documents/MATLAB/SupportPackages/R2018a/3P.instrset/arduinoide.instrset/idepkgs/packages/arduino/tools/arm-none-eabi-gcc/4.8.3-2014q1/bin/../lib/gcc/arm-none-eabi/4.8.3/../../../../arm-none-eabi/lib/armv7-m/libg.a(lib_a-signalr.o)
                0x000000000008754c                _kill_r
 .text._getpid_r
                0x0000000000087574        0x4 /home/adiravishankara/Documents/MATLAB/SupportPackages/R2018a/3P.instrset/arduinoide.instrset/idepkgs/packages/arduino/tools/arm-none-eabi-gcc/4.8.3-2014q1/bin/../lib/gcc/arm-none-eabi/4.8.3/../../../../arm-none-eabi/lib/armv7-m/libg.a(lib_a-signalr.o)
                0x0000000000087574                _getpid_r
 .text.__sread  0x0000000000087578       0x24 /home/adiravishankara/Documents/MATLAB/SupportPackages/R2018a/3P.instrset/arduinoide.instrset/idepkgs/packages/arduino/tools/arm-none-eabi-gcc/4.8.3-2014q1/bin/../lib/gcc/arm-none-eabi/4.8.3/../../../../arm-none-eabi/lib/armv7-m/libg.a(lib_a-stdio.o)
                0x0000000000087578                __sread
 .text.__swrite
                0x000000000008759c       0x38 /home/adiravishankara/Documents/MATLAB/SupportPackages/R2018a/3P.instrset/arduinoide.instrset/idepkgs/packages/arduino/tools/arm-none-eabi-gcc/4.8.3-2014q1/bin/../lib/gcc/arm-none-eabi/4.8.3/../../../../arm-none-eabi/lib/armv7-m/libg.a(lib_a-stdio.o)
                0x000000000008759c                __swrite
 .text.__sseek  0x00000000000875d4       0x20 /home/adiravishankara/Documents/MATLAB/SupportPackages/R2018a/3P.instrset/arduinoide.instrset/idepkgs/packages/arduino/tools/arm-none-eabi-gcc/4.8.3-2014q1/bin/../lib/gcc/arm-none-eabi/4.8.3/../../../../arm-none-eabi/lib/armv7-m/libg.a(lib_a-stdio.o)
                0x00000000000875d4                __sseek
 .text.__sclose
                0x00000000000875f4        0x8 /home/adiravishankara/Documents/MATLAB/SupportPackages/R2018a/3P.instrset/arduinoide.instrset/idepkgs/packages/arduino/tools/arm-none-eabi-gcc/4.8.3-2014q1/bin/../lib/gcc/arm-none-eabi/4.8.3/../../../../arm-none-eabi/lib/armv7-m/libg.a(lib_a-stdio.o)
                0x00000000000875f4                __sclose
 .text.__swbuf_r
                0x00000000000875fc       0xa8 /home/adiravishankara/Documents/MATLAB/SupportPackages/R2018a/3P.instrset/arduinoide.instrset/idepkgs/packages/arduino/tools/arm-none-eabi-gcc/4.8.3-2014q1/bin/../lib/gcc/arm-none-eabi/4.8.3/../../../../arm-none-eabi/lib/armv7-m/libg.a(lib_a-wbuf.o)
                0x00000000000875fc                __swbuf_r
 .text._wcrtomb_r
                0x00000000000876a4       0x50 /home/adiravishankara/Documents/MATLAB/SupportPackages/R2018a/3P.instrset/arduinoide.instrset/idepkgs/packages/arduino/tools/arm-none-eabi-gcc/4.8.3-2014q1/bin/../lib/gcc/arm-none-eabi/4.8.3/../../../../arm-none-eabi/lib/armv7-m/libg.a(lib_a-wcrtomb.o)
                0x00000000000876a4                _wcrtomb_r
 .text.__ascii_wctomb
                0x00000000000876f4       0x1c /home/adiravishankara/Documents/MATLAB/SupportPackages/R2018a/3P.instrset/arduinoide.instrset/idepkgs/packages/arduino/tools/arm-none-eabi-gcc/4.8.3-2014q1/bin/../lib/gcc/arm-none-eabi/4.8.3/../../../../arm-none-eabi/lib/armv7-m/libg.a(lib_a-wctomb_r.o)
                0x00000000000876f4                __ascii_wctomb
 .text._write_r
                0x0000000000087710       0x28 /home/adiravishankara/Documents/MATLAB/SupportPackages/R2018a/3P.instrset/arduinoide.instrset/idepkgs/packages/arduino/tools/arm-none-eabi-gcc/4.8.3-2014q1/bin/../lib/gcc/arm-none-eabi/4.8.3/../../../../arm-none-eabi/lib/armv7-m/libg.a(lib_a-writer.o)
                0x0000000000087710                _write_r
 .text.__register_exitproc
                0x0000000000087738       0xa8 /home/adiravishankara/Documents/MATLAB/SupportPackages/R2018a/3P.instrset/arduinoide.instrset/idepkgs/packages/arduino/tools/arm-none-eabi-gcc/4.8.3-2014q1/bin/../lib/gcc/arm-none-eabi/4.8.3/../../../../arm-none-eabi/lib/armv7-m/libg.a(lib_a-__atexit.o)
                0x0000000000087738                __register_exitproc
 .text._close_r
                0x00000000000877e0       0x24 /home/adiravishankara/Documents/MATLAB/SupportPackages/R2018a/3P.instrset/arduinoide.instrset/idepkgs/packages/arduino/tools/arm-none-eabi-gcc/4.8.3-2014q1/bin/../lib/gcc/arm-none-eabi/4.8.3/../../../../arm-none-eabi/lib/armv7-m/libg.a(lib_a-closer.o)
                0x00000000000877e0                _close_r
 .text._fclose_r
                0x0000000000087804       0x80 /home/adiravishankara/Documents/MATLAB/SupportPackages/R2018a/3P.instrset/arduinoide.instrset/idepkgs/packages/arduino/tools/arm-none-eabi-gcc/4.8.3-2014q1/bin/../lib/gcc/arm-none-eabi/4.8.3/../../../../arm-none-eabi/lib/armv7-m/libg.a(lib_a-fclose.o)
                0x0000000000087804                _fclose_r
 .text.fclose   0x0000000000087884       0x10 /home/adiravishankara/Documents/MATLAB/SupportPackages/R2018a/3P.instrset/arduinoide.instrset/idepkgs/packages/arduino/tools/arm-none-eabi-gcc/4.8.3-2014q1/bin/../lib/gcc/arm-none-eabi/4.8.3/../../../../arm-none-eabi/lib/armv7-m/libg.a(lib_a-fclose.o)
                0x0000000000087884                fclose
 .text._fstat_r
                0x0000000000087894       0x28 /home/adiravishankara/Documents/MATLAB/SupportPackages/R2018a/3P.instrset/arduinoide.instrset/idepkgs/packages/arduino/tools/arm-none-eabi-gcc/4.8.3-2014q1/bin/../lib/gcc/arm-none-eabi/4.8.3/../../../../arm-none-eabi/lib/armv7-m/libg.a(lib_a-fstatr.o)
                0x0000000000087894                _fstat_r
 .text._isatty_r
                0x00000000000878bc       0x24 /home/adiravishankara/Documents/MATLAB/SupportPackages/R2018a/3P.instrset/arduinoide.instrset/idepkgs/packages/arduino/tools/arm-none-eabi-gcc/4.8.3-2014q1/bin/../lib/gcc/arm-none-eabi/4.8.3/../../../../arm-none-eabi/lib/armv7-m/libg.a(lib_a-isattyr.o)
                0x00000000000878bc                _isatty_r
 .text._lseek_r
                0x00000000000878e0       0x28 /home/adiravishankara/Documents/MATLAB/SupportPackages/R2018a/3P.instrset/arduinoide.instrset/idepkgs/packages/arduino/tools/arm-none-eabi-gcc/4.8.3-2014q1/bin/../lib/gcc/arm-none-eabi/4.8.3/../../../../arm-none-eabi/lib/armv7-m/libg.a(lib_a-lseekr.o)
                0x00000000000878e0                _lseek_r
 .text._read_r  0x0000000000087908       0x28 /home/adiravishankara/Documents/MATLAB/SupportPackages/R2018a/3P.instrset/arduinoide.instrset/idepkgs/packages/arduino/tools/arm-none-eabi-gcc/4.8.3-2014q1/bin/../lib/gcc/arm-none-eabi/4.8.3/../../../../arm-none-eabi/lib/armv7-m/libg.a(lib_a-readr.o)
                0x0000000000087908                _read_r
 .text          0x0000000000087930       0x2c /home/adiravishankara/Documents/MATLAB/SupportPackages/R2018a/3P.instrset/arduinoide.instrset/idepkgs/packages/arduino/tools/arm-none-eabi-gcc/4.8.3-2014q1/bin/../lib/gcc/arm-none-eabi/4.8.3/armv7-m/libgcc.a(_aeabi_uldivmod.o)
                0x0000000000087930                __aeabi_uldivmod
 .text          0x000000000008795c       0x60 /home/adiravishankara/Documents/MATLAB/SupportPackages/R2018a/3P.instrset/arduinoide.instrset/idepkgs/packages/arduino/tools/arm-none-eabi-gcc/4.8.3-2014q1/bin/../lib/gcc/arm-none-eabi/4.8.3/armv7-m/libgcc.a(bpabi.o)
                0x000000000008795c                __gnu_ldivmod_helper
                0x000000000008798c                __gnu_uldivmod_helper
 .text          0x00000000000879bc        0x4 /home/adiravishankara/Documents/MATLAB/SupportPackages/R2018a/3P.instrset/arduinoide.instrset/idepkgs/packages/arduino/tools/arm-none-eabi-gcc/4.8.3-2014q1/bin/../lib/gcc/arm-none-eabi/4.8.3/armv7-m/libgcc.a(_dvmd_tls.o)
                0x00000000000879bc                __aeabi_ldiv0
                0x00000000000879bc                __aeabi_idiv0
 .text          0x00000000000879c0      0x2a0 /home/adiravishankara/Documents/MATLAB/SupportPackages/R2018a/3P.instrset/arduinoide.instrset/idepkgs/packages/arduino/tools/arm-none-eabi-gcc/4.8.3-2014q1/bin/../lib/gcc/arm-none-eabi/4.8.3/armv7-m/libgcc.a(_divdi3.o)
                0x00000000000879c0                __divdi3
 .text          0x0000000000087c60      0x290 /home/adiravishankara/Documents/MATLAB/SupportPackages/R2018a/3P.instrset/arduinoide.instrset/idepkgs/packages/arduino/tools/arm-none-eabi-gcc/4.8.3-2014q1/bin/../lib/gcc/arm-none-eabi/4.8.3/armv7-m/libgcc.a(_udivdi3.o)
                0x0000000000087c60                __udivdi3
 *(.glue_7t)
 .glue_7t       0x0000000000000000        0x0 linker stubs
 *(.glue_7)
 .glue_7        0x0000000000000000        0x0 linker stubs
 *(.rodata .rodata* .gnu.linkonce.r.*)
 .rodata.str1.1
                0x0000000000087ef0       0xd2 basic.o
                                         0xe9 (size before relaxing)
 .rodata.rtAlwaysEnabled.10281
                0x0000000000087fc2        0x1 basic.o
 *fill*         0x0000000000087fc3        0x1 
 .rodata.basic_M
                0x0000000000087fc4        0x4 basic.o
                0x0000000000087fc4                basic_M
 .rodata.str1.1
                0x0000000000087fc8       0x19 syscalls_sam3.o
 *fill*         0x0000000000087fe1        0x3 
 .rodata.channelToId.9433
                0x0000000000087fe4       0x48 wiring_analog.o
 .rodata.channelToTC.9432
                0x000000000008802c       0x48 wiring_analog.o
 .rodata.channelToChNo.9430
                0x0000000000088074       0x48 wiring_analog.o
 .rodata.channelToAB.9431
                0x00000000000880bc       0x48 wiring_analog.o
 *fill*         0x0000000000088104        0x4 
 .rodata._ZTV9IPAddress
                0x0000000000088108       0x10 IPAddress.o
                0x0000000000088108                vtable for IPAddress
 .rodata._ZTV9UARTClass
                0x0000000000088118       0x30 UARTClass.o
                0x0000000000088118                vtable for UARTClass
 .rodata._ZTV10USARTClass
                0x0000000000088148       0x30 USARTClass.o
                0x0000000000088148                vtable for USARTClass
 .rodata._ZTV7Serial_
                0x0000000000088178       0x28 CDC.o
                0x0000000000088178                vtable for Serial_
 .rodata._ZL18_cdcOtherInterface
                0x00000000000881a0       0x42 CDC.o
 .rodata._ZL13_cdcInterface
                0x00000000000881e2       0x42 CDC.o
 .rodata.STRING_PRODUCT
                0x0000000000088224        0xc USBCore.o
                0x0000000000088224                STRING_PRODUCT
 .rodata.USB_DeviceDescriptor
                0x0000000000088230       0x12 USBCore.o
                0x0000000000088230                USB_DeviceDescriptor
 .rodata.STRING_LANGUAGE
                0x0000000000088242        0x4 USBCore.o
                0x0000000000088242                STRING_LANGUAGE
 .rodata._ZL18test_packet_buffer
                0x0000000000088246       0x35 USBCore.o
 .rodata.STRING_MANUFACTURER
                0x000000000008827b        0x8 USBCore.o
                0x000000000008827b                STRING_MANUFACTURER
 .rodata.USB_DeviceDescriptorA
                0x0000000000088283       0x12 USBCore.o
                0x0000000000088283                USB_DeviceDescriptorA
 .rodata._ZL19USB_DeviceQualifier
                0x0000000000088295        0x9 USBCore.o
 *fill*         0x000000000008829e        0x2 
 .rodata.g_APinDescription
                0x00000000000882a0      0xa2c variant.o
                0x00000000000882a0                g_APinDescription
 .rodata.str1.1
                0x0000000000088ccc        0xf rtiostream_interface.o
 .rodata.str1.1
                0x0000000000088cdb       0x3b ext_svr_daemon.o
 .rodata.crc8_table_j1850
                0x0000000000088d16      0x100 daemon_checksum.o
                0x0000000000088d16                crc8_table_j1850
 *fill*         0x0000000000088e16        0x2 
 .rodata        0x0000000000088e18       0x2c /home/adiravishankara/Documents/MATLAB/SupportPackages/R2018a/3P.instrset/arduinoide.instrset/idepkgs/packages/arduino/hardware/sam/1.6.11/variants/arduino_due_x/libsam_sam3x8e_gcc_rel.a(pwmc.o)
 .rodata.__func__.6830
                0x0000000000088e44       0x15 /home/adiravishankara/Documents/MATLAB/SupportPackages/R2018a/3P.instrset/arduinoide.instrset/idepkgs/packages/arduino/hardware/sam/1.6.11/variants/arduino_due_x/libsam_sam3x8e_gcc_rel.a(pwmc.o)
 .rodata.__func__.6841
                0x0000000000088e59       0x12 /home/adiravishankara/Documents/MATLAB/SupportPackages/R2018a/3P.instrset/arduinoide.instrset/idepkgs/packages/arduino/hardware/sam/1.6.11/variants/arduino_due_x/libsam_sam3x8e_gcc_rel.a(pwmc.o)
 .rodata.str1.1
                0x0000000000088e6b      0x1cc /home/adiravishankara/Documents/MATLAB/SupportPackages/R2018a/3P.instrset/arduinoide.instrset/idepkgs/packages/arduino/hardware/sam/1.6.11/variants/arduino_due_x/libsam_sam3x8e_gcc_rel.a(pwmc.o)
 .rodata.__func__.6804
                0x0000000000089037       0x16 /home/adiravishankara/Documents/MATLAB/SupportPackages/R2018a/3P.instrset/arduinoide.instrset/idepkgs/packages/arduino/hardware/sam/1.6.11/variants/arduino_due_x/libsam_sam3x8e_gcc_rel.a(pwmc.o)
 .rodata.__func__.6793
                0x000000000008904d       0x17 /home/adiravishankara/Documents/MATLAB/SupportPackages/R2018a/3P.instrset/arduinoide.instrset/idepkgs/packages/arduino/hardware/sam/1.6.11/variants/arduino_due_x/libsam_sam3x8e_gcc_rel.a(pwmc.o)
 .rodata.__func__.6792
                0x0000000000089064        0xd /home/adiravishankara/Documents/MATLAB/SupportPackages/R2018a/3P.instrset/arduinoide.instrset/idepkgs/packages/arduino/hardware/sam/1.6.11/variants/arduino_due_x/libsam_sam3x8e_gcc_rel.a(tc.o)
 .rodata.str1.1
                0x0000000000089071       0x54 /home/adiravishankara/Documents/MATLAB/SupportPackages/R2018a/3P.instrset/arduinoide.instrset/idepkgs/packages/arduino/hardware/sam/1.6.11/variants/arduino_due_x/libsam_sam3x8e_gcc_rel.a(tc.o)
 .rodata.__func__.6798
                0x00000000000890c5        0x9 /home/adiravishankara/Documents/MATLAB/SupportPackages/R2018a/3P.instrset/arduinoide.instrset/idepkgs/packages/arduino/hardware/sam/1.6.11/variants/arduino_due_x/libsam_sam3x8e_gcc_rel.a(tc.o)
 *fill*         0x00000000000890ce        0x2 
 .rodata        0x00000000000890d0       0x40 /home/adiravishankara/Documents/MATLAB/SupportPackages/R2018a/3P.instrset/arduinoide.instrset/idepkgs/packages/arduino/hardware/sam/1.6.11/variants/arduino_due_x/libsam_sam3x8e_gcc_rel.a(adc.o)
 .rodata.str1.4
                0x0000000000089110       0x3f /home/adiravishankara/Documents/MATLAB/SupportPackages/R2018a/3P.instrset/arduinoide.instrset/idepkgs/packages/arduino/tools/arm-none-eabi-gcc/4.8.3-2014q1/bin/../lib/gcc/arm-none-eabi/4.8.3/../../../../arm-none-eabi/lib/armv7-m/libg.a(lib_a-assert.o)
                                         0x44 (size before relaxing)
 *fill*         0x000000000008914f        0x1 
 .rodata.str1.4
                0x0000000000089150        0x2 /home/adiravishankara/Documents/MATLAB/SupportPackages/R2018a/3P.instrset/arduinoide.instrset/idepkgs/packages/arduino/tools/arm-none-eabi-gcc/4.8.3-2014q1/bin/../lib/gcc/arm-none-eabi/4.8.3/../../../../arm-none-eabi/lib/armv7-m/libg.a(lib_a-impure.o)
                                          0x4 (size before relaxing)
 *fill*         0x0000000000089152        0x2 
 .rodata._global_impure_ptr
                0x0000000000089154        0x4 /home/adiravishankara/Documents/MATLAB/SupportPackages/R2018a/3P.instrset/arduinoide.instrset/idepkgs/packages/arduino/tools/arm-none-eabi-gcc/4.8.3-2014q1/bin/../lib/gcc/arm-none-eabi/4.8.3/../../../../arm-none-eabi/lib/armv7-m/libg.a(lib_a-impure.o)
                0x0000000000089154                _global_impure_ptr
 .rodata.blanks.6717
                0x0000000000089158       0x10 /home/adiravishankara/Documents/MATLAB/SupportPackages/R2018a/3P.instrset/arduinoide.instrset/idepkgs/packages/arduino/tools/arm-none-eabi-gcc/4.8.3-2014q1/bin/../lib/gcc/arm-none-eabi/4.8.3/../../../../arm-none-eabi/lib/armv7-m/libg.a(lib_a-vfiprintf.o)
 .rodata.str1.4
                0x0000000000089168       0x30 /home/adiravishankara/Documents/MATLAB/SupportPackages/R2018a/3P.instrset/arduinoide.instrset/idepkgs/packages/arduino/tools/arm-none-eabi-gcc/4.8.3-2014q1/bin/../lib/gcc/arm-none-eabi/4.8.3/../../../../arm-none-eabi/lib/armv7-m/libg.a(lib_a-vfiprintf.o)
 .rodata.zeroes.6718
                0x0000000000089198       0x10 /home/adiravishankara/Documents/MATLAB/SupportPackages/R2018a/3P.instrset/arduinoide.instrset/idepkgs/packages/arduino/tools/arm-none-eabi-gcc/4.8.3-2014q1/bin/../lib/gcc/arm-none-eabi/4.8.3/../../../../arm-none-eabi/lib/armv7-m/libg.a(lib_a-vfiprintf.o)
 *(.ARM.extab* .gnu.linkonce.armextab.*)
                0x00000000000891a8                . = ALIGN (0x4)
 *(.init)
 .init          0x00000000000891a8        0x4 /home/adiravishankara/Documents/MATLAB/SupportPackages/R2018a/3P.instrset/arduinoide.instrset/idepkgs/packages/arduino/tools/arm-none-eabi-gcc/4.8.3-2014q1/bin/../lib/gcc/arm-none-eabi/4.8.3/armv7-m/crti.o
                0x00000000000891a8                _init
 .init          0x00000000000891ac        0x8 /home/adiravishankara/Documents/MATLAB/SupportPackages/R2018a/3P.instrset/arduinoide.instrset/idepkgs/packages/arduino/tools/arm-none-eabi-gcc/4.8.3-2014q1/bin/../lib/gcc/arm-none-eabi/4.8.3/armv7-m/crtn.o
                0x00000000000891b4                . = ALIGN (0x4)
                0x00000000000891b4                __preinit_array_start = .
 *(.preinit_array)
                0x00000000000891b4                __preinit_array_end = .
                0x00000000000891b4                . = ALIGN (0x4)
                0x00000000000891b4                __init_array_start = .