Archive member included because of file (symbol)

/home/adiravishankara/Documents/MATLAB/SupportPackages/R2018a/3P.instrset/arduinoide.instrset/idepkgs/packages/arduino/hardware/sam/1.6.11/variants/arduino_due_x/libsam_sam3x8e_gcc_rel.a(startup_sam3xa.o)
                              (Reset_Handler)
/home/adiravishankara/Documents/MATLAB/SupportPackages/R2018a/3P.instrset/arduinoide.instrset/idepkgs/packages/arduino/hardware/sam/1.6.11/variants/arduino_due_x/libsam_sam3x8e_gcc_rel.a(uotghs.o)
                              /home/adiravishankara/Documents/MATLAB/SupportPackages/R2018a/3P.instrset/arduinoide.instrset/idepkgs/packages/arduino/hardware/sam/1.6.11/variants/arduino_due_x/libsam_sam3x8e_gcc_rel.a(startup_sam3xa.o) (UOTGHS_Handler)
/home/adiravishankara/Documents/MATLAB/SupportPackages/R2018a/3P.instrset/arduinoide.instrset/idepkgs/packages/arduino/hardware/sam/1.6.11/variants/arduino_due_x/libsam_sam3x8e_gcc_rel.a(pio.o)
                              wiring_digital.o (PIO_PullUp)
/home/adiravishankara/Documents/MATLAB/SupportPackages/R2018a/3P.instrset/arduinoide.instrset/idepkgs/packages/arduino/hardware/sam/1.6.11/variants/arduino_due_x/libsam_sam3x8e_gcc_rel.a(pmc.o)
                              WInterrupts.o (pmc_enable_periph_clk)
/home/adiravishankara/Documents/MATLAB/SupportPackages/R2018a/3P.instrset/arduinoide.instrset/idepkgs/packages/arduino/hardware/sam/1.6.11/variants/arduino_due_x/libsam_sam3x8e_gcc_rel.a(pwmc.o)
                              wiring_analog.o (PWMC_ConfigureChannel)
/home/adiravishankara/Documents/MATLAB/SupportPackages/R2018a/3P.instrset/arduinoide.instrset/idepkgs/packages/arduino/hardware/sam/1.6.11/variants/arduino_due_x/libsam_sam3x8e_gcc_rel.a(tc.o)
                              wiring_analog.o (TC_Configure)
/home/adiravishankara/Documents/MATLAB/SupportPackages/R2018a/3P.instrset/arduinoide.instrset/idepkgs/packages/arduino/hardware/sam/1.6.11/variants/arduino_due_x/libsam_sam3x8e_gcc_rel.a(timetick.o)
                              cortex_handlers.o (TimeTick_Increment)
/home/adiravishankara/Documents/MATLAB/SupportPackages/R2018a/3P.instrset/arduinoide.instrset/idepkgs/packages/arduino/hardware/sam/1.6.11/variants/arduino_due_x/libsam_sam3x8e_gcc_rel.a(wdt.o)
                              watchdog.o (WDT_Enable)
/home/adiravishankara/Documents/MATLAB/SupportPackages/R2018a/3P.instrset/arduinoide.instrset/idepkgs/packages/arduino/hardware/sam/1.6.11/variants/arduino_due_x/libsam_sam3x8e_gcc_rel.a(system_sam3xa.o)
                              variant.o (SystemInit)
/home/adiravishankara/Documents/MATLAB/SupportPackages/R2018a/3P.instrset/arduinoide.instrset/idepkgs/packages/arduino/hardware/sam/1.6.11/variants/arduino_due_x/libsam_sam3x8e_gcc_rel.a(adc.o)
                              variant.o (adc_init)
/home/adiravishankara/Documents/MATLAB/SupportPackages/R2018a/3P.instrset/arduinoide.instrset/idepkgs/packages/arduino/hardware/sam/1.6.11/variants/arduino_due_x/libsam_sam3x8e_gcc_rel.a(interrupt_sam_nvic.o)
                              USBCore.o (g_interrupt_enabled)
/home/adiravishankara/Documents/MATLAB/SupportPackages/R2018a/3P.instrset/arduinoide.instrset/idepkgs/packages/arduino/hardware/sam/1.6.11/variants/arduino_due_x/libsam_sam3x8e_gcc_rel.a(uotghs_device.o)
                              USBCore.o (UDD_SetStack)
/home/adiravishankara/Documents/MATLAB/SupportPackages/R2018a/3P.instrset/arduinoide.instrset/idepkgs/packages/arduino/hardware/sam/1.6.11/variants/arduino_due_x/libsam_sam3x8e_gcc_rel.a(dacc.o)
                              wiring_analog.o (dacc_reset)
/home/adiravishankara/Documents/MATLAB/SupportPackages/R2018a/3P.instrset/arduinoide.instrset/idepkgs/packages/arduino/tools/arm-none-eabi-gcc/4.8.3-2014q1/bin/../lib/gcc/arm-none-eabi/4.8.3/../../../../arm-none-eabi/lib/armv7-m/libm.a(lib_a-s_floor.o)
                              Final_test.o (floor)
/home/adiravishankara/Documents/MATLAB/SupportPackages/R2018a/3P.instrset/arduinoide.instrset/idepkgs/packages/arduino/tools/arm-none-eabi-gcc/4.8.3-2014q1/bin/../lib/gcc/arm-none-eabi/4.8.3/../../../../arm-none-eabi/lib/armv7-m/libm.a(lib_a-s_fpclassify.o)
                              Print.o (__fpclassifyd)
/home/adiravishankara/Documents/MATLAB/SupportPackages/R2018a/3P.instrset/arduinoide.instrset/idepkgs/packages/arduino/tools/arm-none-eabi-gcc/4.8.3-2014q1/bin/../lib/gcc/arm-none-eabi/4.8.3/../../../../arm-none-eabi/lib/armv7-m/libm.a(lib_a-w_pow.o)
                              Final_test.o (pow)
/home/adiravishankara/Documents/MATLAB/SupportPackages/R2018a/3P.instrset/arduinoide.instrset/idepkgs/packages/arduino/tools/arm-none-eabi-gcc/4.8.3-2014q1/bin/../lib/gcc/arm-none-eabi/4.8.3/../../../../arm-none-eabi/lib/armv7-m/libm.a(lib_a-w_sqrt.o)
                              Final_test.o (sqrt)
[...]
Memory Configuration

Name             Origin             Length             Attributes
rom              0x0000000000080000 0x0000000000080000 xr
sram0            0x0000000020000000 0x0000000000010000 xrw
sram1            0x0000000020080000 0x0000000000008000 xrw
ram              0x0000000020070000 0x0000000000018000 xrw
*default*        0x0000000000000000 0xffffffffffffffff

Linker script and memory map

LOAD /home/adiravishankara/Documents/MATLAB/SupportPackages/R2018a/3P.instrset/arduinoide.instrset/idepkgs/packages/arduino/tools/arm-none-eabi-gcc/4.8.3-2014q1/bin/../lib/gcc/arm-none-eabi/4.8.3/armv7-m/crti.o
LOAD /home/adiravishankara/Documents/MATLAB/SupportPackages/R2018a/3P.instrset/arduinoide.instrset/idepkgs/packages/arduino/tools/arm-none-eabi-gcc/4.8.3-2014q1/bin/../lib/gcc/arm-none-eabi/4.8.3/armv7-m/crtbegin.o
LOAD /home/adiravishankara/Documents/MATLAB/SupportPackages/R2018a/3P.instrset/arduinoide.instrset/idepkgs/packages/arduino/tools/arm-none-eabi-gcc/4.8.3-2014q1/bin/../lib/gcc/arm-none-eabi/4.8.3/../../../../arm-none-eabi/lib/armv7-m/crt0.o
START GROUP
LOAD /home/adiravishankara/Documents/MATLAB/SupportPackages/R2018a/3P.instrset/arduinoide.instrset/idepkgs/packages/arduino/hardware/sam/1.6.11/variants/arduino_due_x/libsam_sam3x8e_gcc_rel.a
LOAD MW_PWM.o
LOAD MW_AnalogInput.o
LOAD Final_test.o
LOAD Final_test_data.o
LOAD rtGetInf.o
LOAD rtGetNaN.o
LOAD rt_nonfinite.o
LOAD updown.o
LOAD ext_work.o
LOAD rtiostream_utils.o
LOAD wiring_pulse_asm.S.o
LOAD dtostrf.o
LOAD cortex_handlers.o
LOAD hooks.o
LOAD iar_calls_sam3.o
LOAD itoa.o
LOAD syscalls_sam3.o
LOAD WInterrupts.o
LOAD wiring.o
LOAD wiring_analog.o
LOAD wiring_digital.o
LOAD wiring_shift.o
LOAD abi.o
LOAD IPAddress.o
LOAD new.o
LOAD Print.o
LOAD Reset.o
LOAD RingBuffer.o
LOAD Stream.o
LOAD UARTClass.o
LOAD USARTClass.o
LOAD CDC.o
LOAD PluggableUSB.o
LOAD USBCore.o
LOAD wiring_pulse.o
LOAD WMath.o
LOAD WString.o
LOAD watchdog.o
LOAD variant.o
LOAD MW_ArduinoHWInit.o
LOAD io_wrappers.o
LOAD arduinoARMScheduler.o
LOAD arm_cortex_m_multitasking.o
LOAD rtiostream_interface.o
LOAD ext_svr_daemon.o
LOAD rtiostream_serial_daemon.o
LOAD daemon_checksum.o
LOAD ert_main.o
END GROUP
LOAD /home/adiravishankara/Documents/MATLAB/SupportPackages/R2018a/3P.instrset/arduinoide.instrset/idepkgs/packages/arduino/tools/arm-none-eabi-gcc/4.8.3-2014q1/bin/../lib/gcc/arm-none-eabi/4.8.3/../../../../arm-none-eabi/lib/armv7-m/libm.a
START GROUP
LOAD /home/adiravishankara/Documents/MATLAB/SupportPackages/R2018a/3P.instrset/arduinoide.instrset/idepkgs/packages/arduino/tools/arm-none-eabi-gcc/4.8.3-2014q1/bin/../lib/gcc/arm-none-eabi/4.8.3/armv7-m/libgcc.a
LOAD /home/adiravishankara/Documents/MATLAB/SupportPackages/R2018a/3P.instrset/arduinoide.instrset/idepkgs/packages/arduino/tools/arm-none-eabi-gcc/4.8.3-2014q1/bin/../lib/gcc/arm-none-eabi/4.8.3/../../../../arm-none-eabi/lib/armv7-m/libg.a
LOAD /home/adiravishankara/Documents/MATLAB/SupportPackages/R2018a/3P.instrset/arduinoide.instrset/idepkgs/packages/arduino/tools/arm-none-eabi-gcc/4.8.3-2014q1/bin/../lib/gcc/arm-none-eabi/4.8.3/../../../../arm-none-eabi/lib/armv7-m/libc.a
END GROUP
LOAD /home/adiravishankara/Documents/MATLAB/SupportPackages/R2018a/3P.instrset/arduinoide.instrset/idepkgs/packages/arduino/tools/arm-none-eabi-gcc/4.8.3-2014q1/bin/../lib/gcc/arm-none-eabi/4.8.3/armv7-m/crtend.o
LOAD /home/adiravishankara/Documents/MATLAB/SupportPackages/R2018a/3P.instrset/arduinoide.instrset/idepkgs/packages/arduino/tools/arm-none-eabi-gcc/4.8.3-2014q1/bin/../lib/gcc/arm-none-eabi/4.8.3/armv7-m/crtn.o

.text           0x0000000000080000     0xb7f4
                0x0000000000080000                . = ALIGN (0x4)
                0x0000000000080000                _sfixed = .
 *(.vectors .vectors.*)
 .vectors       0x0000000000080000       0xf4 /home/adiravishankara/Documents/MATLAB/SupportPackages/R2018a/3P.instrset/arduinoide.instrset/idepkgs/packages/arduino/hardware/sam/1.6.11/variants/arduino_due_x/libsam_sam3x8e_gcc_rel.a(startup_sam3xa.o)
                0x0000000000080000                exception_table
 *(.text .text.* .gnu.linkonce.t.*)
 .text          0x00000000000800f4       0x54 /home/adiravishankara/Documents/MATLAB/SupportPackages/R2018a/3P.instrset/arduinoide.instrset/idepkgs/packages/arduino/tools/arm-none-eabi-gcc/4.8.3-2014q1/bin/../lib/gcc/arm-none-eabi/4.8.3/armv7-m/crtbegin.o
 .text.Reset_Handler
                0x0000000000080148       0x78 /home/adiravishankara/Documents/MATLAB/SupportPackages/R2018a/3P.instrset/arduinoide.instrset/idepkgs/packages/arduino/hardware/sam/1.6.11/variants/arduino_due_x/libsam_sam3x8e_gcc_rel.a(startup_sam3xa.o)
                0x0000000000080148                Reset_Handler
 .text.UOTGHS_Handler
                0x00000000000801c0       0x10 /home/adiravishankara/Documents/MATLAB/SupportPackages/R2018a/3P.instrset/arduinoide.instrset/idepkgs/packages/arduino/hardware/sam/1.6.11/variants/arduino_due_x/libsam_sam3x8e_gcc_rel.a(uotghs.o)
                0x00000000000801c0                UOTGHS_Handler
 .text.MW_PWM_Open
                0x00000000000801d0        0xe MW_PWM.o
                0x00000000000801d0                MW_PWM_Open
 .text.MW_PWM_Start
                0x00000000000801de        0x2 MW_PWM.o
                0x00000000000801de                MW_PWM_Start
 .text.MW_PWM_SetDutyCycle
                0x00000000000801e0       0x18 MW_PWM.o
                0x00000000000801e0                MW_PWM_SetDutyCycle
 .text.MW_AnalogInSingle_Open
                0x00000000000801f8       0x18 MW_AnalogInput.o
                0x00000000000801f8                MW_AnalogInSingle_Open
 .text.MW_AnalogIn_SetTriggerSource
                0x0000000000080210        0x2 MW_AnalogInput.o
                0x0000000000080210                MW_AnalogIn_SetTriggerSource
 .text.MW_AnalogInSingle_ReadResult
                0x0000000000080212        0xe MW_AnalogInput.o
                0x0000000000080212                MW_AnalogInSingle_ReadResult
 .text.MW_AnalogIn_Start
                0x0000000000080220        0x2 MW_AnalogInput.o
                0x0000000000080220                MW_AnalogIn_Start
 *fill*         0x0000000000080222        0x2 
 .text.rt_powd_snf
                0x0000000000080224      0x160 Final_test.o
                0x0000000000080224                rt_powd_snf
 .text.Final_test_derivatives
                0x0000000000080384       0x5c Final_test.o
                0x0000000000080384                Final_test_derivatives
 .text.Final_test_step
                0x00000000000803e0     0x1168 Final_test.o
                0x00000000000803e0                Final_test_step
 .text.Final_test_initialize
                0x0000000000081548      0x438 Final_test.o
                0x0000000000081548                Final_test_initialize
 .text.Final_test_terminate
                0x0000000000081980       0x58 Final_test.o
                0x0000000000081980                Final_test_terminate
 .text.rtGetInf
                0x00000000000819d8        0xc rtGetInf.o
                0x00000000000819d8                rtGetInf
 .text.rtGetInfF
                0x00000000000819e4        0x6 rtGetInf.o
                0x00000000000819e4                rtGetInfF
 *fill*         0x00000000000819ea        0x2 
 .text.rtGetMinusInf
                0x00000000000819ec        0xc rtGetInf.o
                0x00000000000819ec                rtGetMinusInf
 .text.rtGetMinusInfF
                0x00000000000819f8        0x8 rtGetInf.o
                0x00000000000819f8                rtGetMinusInfF
 .text.rtGetNaN
                0x0000000000081a00        0xc rtGetNaN.o
                0x0000000000081a00                rtGetNaN
 .text.rtGetNaNF
                0x0000000000081a0c        0x8 rtGetNaN.o
                0x0000000000081a0c                rtGetNaNF
 .text.rt_InitInfAndNaN
                0x0000000000081a14       0x54 rt_nonfinite.o
                0x0000000000081a14                rt_InitInfAndNaN
 .text.rtIsInf  0x0000000000081a68       0x38 rt_nonfinite.o
                0x0000000000081a68                rtIsInf
 .text.rtIsNaN  0x0000000000081aa0       0x1a rt_nonfinite.o
                0x0000000000081aa0                rtIsNaN
 .text.UploadBufAssignMem
                0x0000000000081aba       0x6a updown.o
 .text.UploadDestroyTrigger
                0x0000000000081b24       0x54 updown.o
 .text.InitUploadSection.isra.0
                0x0000000000081b78       0x34 updown.o
 .text.SetParam
                0x0000000000081bac       0x72 updown.o
                0x0000000000081bac                SetParam
 *fill*         0x0000000000081c1e        0x2 
 .text.UploadLogInfoReset
                0x0000000000081c20       0x3c updown.o
                0x0000000000081c20                UploadLogInfoReset
 .text.UploadLogInfoTerm
                0x0000000000081c5c       0xa4 updown.o
                0x0000000000081c5c                UploadLogInfoTerm
 .text.UploadPrepareForFinalFlush
                0x0000000000081d00       0x24 updown.o
                0x0000000000081d00                UploadPrepareForFinalFlush
 .text.UploadLogInfoInit
                0x0000000000081d24      0x1ac updown.o
                0x0000000000081d24                UploadLogInfoInit
 .text.UploadInitTrigger
                0x0000000000081ed0       0xe4 updown.o
                0x0000000000081ed0                UploadInitTrigger
 .text.UploadArmTrigger
                0x0000000000081fb4       0x50 updown.o
                0x0000000000081fb4                UploadArmTrigger
 .text.UploadEndLoggingSession
                0x0000000000082004       0x18 updown.o
                0x0000000000082004                UploadEndLoggingSession
 .text.UploadCancelLogging
                0x000000000008201c       0x34 updown.o
                0x000000000008201c                UploadCancelLogging
 .text.UploadBufDataSent
                0x0000000000082050       0x34 updown.o
                0x0000000000082050                UploadBufDataSent
 .text.UploadBufAddTimePoint
                0x0000000000082084      0x340 updown.o
                0x0000000000082084                UploadBufAddTimePoint
 .text.UploadCheckTrigger
                0x00000000000823c4       0x54 updown.o
                0x00000000000823c4                UploadCheckTrigger
 .text.UploadCheckEndTrigger
                0x0000000000082418       0x28 updown.o
                0x0000000000082418                UploadCheckEndTrigger
 .text.UploadBufGetData
                0x0000000000082440       0xf0 updown.o
                0x0000000000082440                UploadBufGetData
 .text.rtExtModeWaitForStartPkt
                0x0000000000082530       0x50 ext_work.o
                0x0000000000082530                rtExtModeWaitForStartPkt
 .text.rtExtModeOneStep
                0x0000000000082580       0x20 ext_work.o
                0x0000000000082580                rtExtModeOneStep
 .text.rtExtModeUpload
                0x00000000000825a0        0x4 ext_work.o
                0x00000000000825a0                rtExtModeUpload
 .text.rtExtModeCheckEndTrigger
                0x00000000000825a4        0x4 ext_work.o
                0x00000000000825a4                rtExtModeCheckEndTrigger
 .text.rtExtModeUploadCheckTrigger
                0x00000000000825a8        0x4 ext_work.o
                0x00000000000825a8                rtExtModeUploadCheckTrigger
 .text.rtExtModeCheckInit
                0x00000000000825ac        0x4 ext_work.o
                0x00000000000825ac                rtExtModeCheckInit
 .text.rtExtModeShutdown
                0x00000000000825b0        0x4 ext_work.o
                0x00000000000825b0                rtExtModeShutdown
 .text.rtSetTFinalForExtMode
                0x00000000000825b4        0x2 ext_work.o
                0x00000000000825b4                rtSetTFinalForExtMode
 .text.rtParseArgsForExtMode
                0x00000000000825b6        0x8 ext_work.o
                0x00000000000825b6                rtParseArgsForExtMode
 .text.rtERTExtModeStartMsg
                0x00000000000825be        0x2 ext_work.o
                0x00000000000825be                rtERTExtModeStartMsg
 .text.rtIOStreamBlockingSend
                0x00000000000825c0       0x32 rtiostream_utils.o
                0x00000000000825c0                rtIOStreamBlockingSend
 .text.__halt   0x00000000000825f2        0x2 cortex_handlers.o
                0x00000000000825f2                DACC_Handler
                0x00000000000825f2                DebugMon_Handler
                0x00000000000825f2                DMAC_Handler
                0x00000000000825f2                TRNG_Handler
                0x00000000000825f2                HardFault_Handler
                0x00000000000825f2                TC2_Handler
                0x00000000000825f2                TWI1_Handler
                0x00000000000825f2                NMI_Handler
                0x00000000000825f2                ADC_Handler
                0x00000000000825f2                SMC_Handler
                0x00000000000825f2                RTT_Handler
                0x00000000000825f2                EFC1_Handler
                0x00000000000825f2                RTC_Handler
                0x00000000000825f2                UsageFault_Handler
                0x00000000000825f2                TC6_Handler
                0x00000000000825f2                WDT_Handler
                0x00000000000825f2                CAN0_Handler
                0x00000000000825f2                TC4_Handler
                0x00000000000825f2                TC1_Handler
                0x00000000000825f2                HSMCI_Handler
                0x00000000000825f2                TC3_Handler
                0x00000000000825f2                TWI0_Handler
                0x00000000000825f2                SSC_Handler
                0x00000000000825f2                EFC0_Handler
                0x00000000000825f2                PMC_Handler
                0x00000000000825f2                PWM_Handler
                0x00000000000825f2                CAN1_Handler
                0x00000000000825f2                MemManage_Handler
                0x00000000000825f2                SUPC_Handler
                0x00000000000825f2                TC8_Handler
                0x00000000000825f2                USART2_Handler
                0x00000000000825f2                EMAC_Handler
                0x00000000000825f2                BusFault_Handler
                0x00000000000825f2                RSTC_Handler
                0x00000000000825f2                TC0_Handler
                0x00000000000825f2                TC5_Handler
                0x00000000000825f2                SPI0_Handler
 .text.SVC_Handler
                0x00000000000825f4        0x4 cortex_handlers.o
                0x00000000000825f4                SVC_Handler
 .text.PendSV_Handler
                0x00000000000825f8        0x4 cortex_handlers.o
                0x00000000000825f8                PendSV_Handler
 .text.SysTick_Handler
                0x00000000000825fc       0x16 cortex_handlers.o
                0x00000000000825fc                SysTick_Handler
 .text.__empty  0x0000000000082612        0x2 hooks.o
                0x0000000000082612                yield
 .text.__false  0x0000000000082614        0x4 hooks.o
                0x0000000000082614                sysTickHook
 .text.__halt   0x0000000000082618        0x2 hooks.o
                0x0000000000082618                pendSVHook
 *fill*         0x000000000008261a        0x2 
 .text._sbrk    0x000000000008261c       0x1c syscalls_sam3.o
                0x000000000008261c                _sbrk
 .text._close   0x0000000000082638        0x6 syscalls_sam3.o
                0x0000000000082638                _close
 .text._fstat   0x000000000008263e        0xa syscalls_sam3.o
                0x000000000008263e                _fstat
 .text._isatty  0x0000000000082648        0x4 syscalls_sam3.o
                0x0000000000082648                _isatty
 .text._lseek   0x000000000008264c        0x4 syscalls_sam3.o
                0x000000000008264c                _lseek
 .text._read    0x0000000000082650        0x4 syscalls_sam3.o
                0x0000000000082650                _read
 .text._write   0x0000000000082654       0x24 syscalls_sam3.o
                0x0000000000082654                _write
 .text._exit    0x0000000000082678       0x10 syscalls_sam3.o
                0x0000000000082678                _exit
 .text._kill    0x0000000000082688        0x2 syscalls_sam3.o
                0x0000000000082688                _kill
 .text._getpid  0x000000000008268a        0x6 syscalls_sam3.o
                0x000000000008268a                _getpid
 .text.PIOA_Handler
                0x0000000000082690       0x38 WInterrupts.o
                0x0000000000082690                PIOA_Handler
 .text.PIOB_Handler
                0x00000000000826c8       0x38 WInterrupts.o
                0x00000000000826c8                PIOB_Handler
 .text.PIOC_Handler
                0x0000000000082700       0x38 WInterrupts.o
                0x0000000000082700                PIOC_Handler
 .text.PIOD_Handler
                0x0000000000082738       0x38 WInterrupts.o
                0x0000000000082738                PIOD_Handler
 .text.delay    0x0000000000082770       0x1c wiring.o
                0x0000000000082770                delay
 .text.mapResolution
                0x000000000008278c       0x12 wiring_analog.o
 *fill*         0x000000000008279e        0x2 
 .text.analogRead
                0x00000000000827a0       0x9c wiring_analog.o
                0x00000000000827a0                analogRead
 .text.analogOutputInit
                0x000000000008283c        0x2 wiring_analog.o
                0x000000000008283c                analogOutputInit
 *fill*         0x000000000008283e        0x2 
 .text.analogWrite
                0x0000000000082840      0x2c0 wiring_analog.o
                0x0000000000082840                analogWrite
 .text.pinMode  0x0000000000082b00      0x108 wiring_digital.o
                0x0000000000082b00                pinMode
 .text.digitalWrite
                0x0000000000082c08       0x70 wiring_digital.o
                0x0000000000082c08                digitalWrite
 .text._ZNK9IPAddress7printToER5Print
                0x0000000000082c78       0x3c IPAddress.o
                0x0000000000082c78                IPAddress::printTo(Print&) const
 .text.startup._GLOBAL__sub_I__ZN9IPAddressC2Ev
                0x0000000000082cb4       0x1c IPAddress.o
 .text._ZN5Print5writeEPKhj
                0x0000000000082cd0       0x22 Print.o
                0x0000000000082cd0                Print::write(unsigned char const*, unsigned int)
 .text._ZN5Print5printEmi.part.3
                0x0000000000082cf2        0xc Print.o
 .text._ZN5Print5writeEPKc
                0x0000000000082cfe       0x1e Print.o
                0x0000000000082cfe                Print::write(char const*)
 .text._ZN5Print5printEc
                0x0000000000082d1c        0xa Print.o
                0x0000000000082d1c                Print::print(char)
 .text._ZN5Print11printNumberEmh
                0x0000000000082d26       0x3e Print.o
                0x0000000000082d26                Print::printNumber(unsigned long, unsigned char)
 .text._ZN5Print5printEmi
                0x0000000000082d64        0xc Print.o
                0x0000000000082d64                Print::print(unsigned long, int)
 .text._ZN5Print5printEhi
                0x0000000000082d70        0x4 Print.o
                0x0000000000082d70                Print::print(unsigned char, int)
 .text.initiateReset
                0x0000000000082d74        0xc Reset.o
                0x0000000000082d74                initiateReset
 .text.cancelReset
                0x0000000000082d80       0x10 Reset.o
                0x0000000000082d80                cancelReset
 .text.tickReset
                0x0000000000082d90       0x20 Reset.o
                0x0000000000082d90                tickReset
 .text._ZN10RingBufferC2Ev
                0x0000000000082db0       0x1a RingBuffer.o
                0x0000000000082db0                RingBuffer::RingBuffer()
                0x0000000000082db0                RingBuffer::RingBuffer()
 .text._ZN10RingBuffer10store_charEh
                0x0000000000082dca       0x1e RingBuffer.o
                0x0000000000082dca                RingBuffer::store_char(unsigned char)
 .text._ZN9UARTClasscvbEv
                0x0000000000082de8        0x4 UARTClass.o
                0x0000000000082de8                UARTClass::operator bool()
 .text._ZN9UARTClass9availableEv
                0x0000000000082dec       0x12 UARTClass.o
                0x0000000000082dec                UARTClass::available()
 .text._ZN9UARTClass4peekEv
                0x0000000000082dfe       0x1c UARTClass.o
                0x0000000000082dfe                UARTClass::peek()
 .text._ZN9UARTClass4readEv
                0x0000000000082e1a       0x2a UARTClass.o
                0x0000000000082e1a                UARTClass::read()
 .text._ZN9UARTClass5flushEv
                0x0000000000082e44       0x18 UARTClass.o
                0x0000000000082e44                UARTClass::flush()
 .text._ZN9UARTClass5writeEh
                0x0000000000082e5c       0x54 UARTClass.o
                0x0000000000082e5c                UARTClass::write(unsigned char)
 .text._ZN9UARTClass3endEv
                0x0000000000082eb0       0x3c UARTClass.o
                0x0000000000082eb0                UARTClass::end()
 .text._ZN9UARTClassC2EP4Uart4IRQnmP10RingBufferS4_
                0x0000000000082eec       0x24 UARTClass.o
                0x0000000000082eec                UARTClass::UARTClass(Uart*, IRQn, unsigned long, RingBuffer*, RingBuffer*)
                0x0000000000082eec                UARTClass::UARTClass(Uart*, IRQn, unsigned long, RingBuffer*, RingBuffer*)
 .text._ZN9UARTClass4initEmm
                0x0000000000082f10       0x70 UARTClass.o
                0x0000000000082f10                UARTClass::init(unsigned long, unsigned long)
 .text._ZN9UARTClass5beginEm
                0x0000000000082f80        0x8 UARTClass.o
                0x0000000000082f80                UARTClass::begin(unsigned long)
 .text._ZN9UARTClass10IrqHandlerEv
                0x0000000000082f88       0x5a UARTClass.o
                0x0000000000082f88                UARTClass::IrqHandler()
 .text._ZN10USARTClass5beginEm
                0x0000000000082fe2        0x8 USARTClass.o
                0x0000000000082fe2                USARTClass::begin(unsigned long)
 *fill*         0x0000000000082fea        0x2 
 .text._ZN10USARTClassC2EP5Usart4IRQnmP10RingBufferS4_
                0x0000000000082fec       0x24 USARTClass.o
                0x0000000000082fec                USARTClass::USARTClass(Usart*, IRQn, unsigned long, RingBuffer*, RingBuffer*)
                0x0000000000082fec                USARTClass::USARTClass(Usart*, IRQn, unsigned long, RingBuffer*, RingBuffer*)
 .text._ZN7Serial_9availableEv
                0x0000000000083010       0x18 CDC.o
                0x0000000000083010                Serial_::available()
 .text._ZN7Serial_17availableForWriteEv
                0x0000000000083028        0x6 CDC.o
                0x0000000000083028                Serial_::availableForWrite()
 *fill*         0x000000000008302e        0x2 
 .text._ZN7Serial_4peekEv
                0x0000000000083030       0x20 CDC.o
                0x0000000000083030                Serial_::peek()
 .text._ZN7Serial_5writeEh
                0x0000000000083050       0x16 CDC.o
                0x0000000000083050                Serial_::write(unsigned char)
 *fill*         0x0000000000083066        0x2 
 .text._ZN7Serial_4readEv
                0x0000000000083068       0x44 CDC.o
                0x0000000000083068                Serial_::read()
 .text._ZN7Serial_5flushEv
                0x00000000000830ac        0x6 CDC.o
                0x00000000000830ac                Serial_::flush()
 *fill*         0x00000000000830b2        0x2 
 .text._ZN7Serial_6acceptEv
                0x00000000000830b4       0x70 CDC.o
                0x00000000000830b4                Serial_::accept()
 .text._ZN7Serial_5writeEPKhj
                0x0000000000083124       0x2c CDC.o
                0x0000000000083124                Serial_::write(unsigned char const*, unsigned int)
 .text._Z16CDC_GetInterfacePh
                0x0000000000083150       0x14 CDC.o
                0x0000000000083150                CDC_GetInterface(unsigned char*)
 .text._Z21CDC_GetOtherInterfacePh
                0x0000000000083164       0x14 CDC.o
                0x0000000000083164                CDC_GetOtherInterface(unsigned char*)
 .text._Z9CDC_SetupR8USBSetup
                0x0000000000083178       0x78 CDC.o
                0x0000000000083178                CDC_Setup(USBSetup&)
 .text.startup._GLOBAL__sub_I_cdc_rx_buffer
                0x00000000000831f0       0x1c CDC.o
 .text._ZN13PluggableUSB_12getInterfaceEPh
                0x000000000008320c       0x28 PluggableUSB.o
                0x000000000008320c                PluggableUSB_::getInterface(unsigned char*)
 .text._ZN13PluggableUSB_13getDescriptorER8USBSetup
                0x0000000000083234       0x1c PluggableUSB.o
                0x0000000000083234                PluggableUSB_::getDescriptor(USBSetup&)
 .text._ZN13PluggableUSB_12getShortNameEPc
                0x0000000000083250       0x1c PluggableUSB.o
                0x0000000000083250                PluggableUSB_::getShortName(char*)
 .text._ZN13PluggableUSB_5setupER8USBSetup
                0x000000000008326c       0x20 PluggableUSB.o
                0x000000000008326c                PluggableUSB_::setup(USBSetup&)
 .text._Z12PluggableUSBv
                0x000000000008328c       0x28 PluggableUSB.o
                0x000000000008328c                PluggableUSB()
 .text.unlikely._ZL11USB_SendZlpv
                0x00000000000832b4       0x20 USBCore.o
 .text._Z14USBD_Availablem
                0x00000000000832d4       0x2c USBCore.o
                0x00000000000832d4                USBD_Available(unsigned long)
 .text._Z9USBD_RecvmPvm
                0x0000000000083300       0x7c USBCore.o
                0x0000000000083300                USBD_Recv(unsigned long, void*, unsigned long)
 .text._Z9USBD_Recvm
                0x000000000008337c       0x22 USBCore.o
                0x000000000008337c                USBD_Recv(unsigned long)
 *fill*         0x000000000008339e        0x2 
 .text._Z9USBD_SendmPKvm
                0x00000000000833a0       0x4c USBCore.o
                0x00000000000833a0                USBD_Send(unsigned long, void const*, unsigned long)
 .text._Z16USBD_SendControlhPKvm
                0x00000000000833ec       0x40 USBCore.o
                0x00000000000833ec                USBD_SendControl(unsigned char, void const*, unsigned long)
 .text.unlikely._ZL24USB_SendStringDescriptorPKhi
                0x000000000008342c       0x64 USBCore.o
 .text._Z16USBD_RecvControlPvm
                0x0000000000083490       0x1c USBCore.o
                0x0000000000083490                USBD_RecvControl(void*, unsigned long)
 .text._Z26USBD_ClassInterfaceRequestR8USBSetup
                0x00000000000834ac       0x1e USBCore.o
                0x00000000000834ac                USBD_ClassInterfaceRequest(USBSetup&)
 .text._Z19USBD_SendInterfacesv
                0x00000000000834ca       0x22 USBCore.o
                0x00000000000834ca                USBD_SendInterfaces()
 .text._Z24USBD_SendOtherInterfacesv
                0x00000000000834ec       0x22 USBCore.o
                0x00000000000834ec                USBD_SendOtherInterfaces()
 .text._Z10USBD_Flushm
                0x000000000008350e       0x16 USBCore.o
                0x000000000008350e                USBD_Flush(unsigned long)
 .text._ZN10USBDevice_C2Ev
                0x0000000000083524       0x24 USBCore.o
                0x0000000000083524                USBDevice_::USBDevice_()
                0x0000000000083524                USBDevice_::USBDevice_()
 .text.startup._GLOBAL__sub_I_EndPoints
                0x0000000000083548        0xc USBCore.o
 .text._ZL7USB_ISRv
                0x0000000000083554      0x454 USBCore.o
 .text._Z15watchdogDisablev
                0x00000000000839a8        0xc watchdog.o
                0x00000000000839a8                watchdogDisable()
 .text.UART_Handler
                0x00000000000839b4        0xc variant.o
                0x00000000000839b4                UART_Handler
 .text.USART0_Handler
                0x00000000000839c0        0xc variant.o
                0x00000000000839c0                USART0_Handler
 .text.USART1_Handler
                0x00000000000839cc        0xc variant.o
                0x00000000000839cc                USART1_Handler
 .text.USART3_Handler
                0x00000000000839d8        0xc variant.o
                0x00000000000839d8                USART3_Handler
 .text.init     0x00000000000839e4      0x128 variant.o
                0x00000000000839e4                init
 .text.startup._GLOBAL__sub_I_g_APinDescription
                0x0000000000083b0c       0xd4 variant.o
 .text.MW_Arduino_Init
                0x0000000000083be0       0x14 MW_ArduinoHWInit.o
                0x0000000000083be0                MW_Arduino_Init
 .text.Serial_begin
                0x0000000000083bf4       0x34 io_wrappers.o
                0x0000000000083bf4                Serial_begin
 .text._ZL13Scheduler_Isrv
                0x0000000000083c28       0x14 arduinoARMScheduler.o
 .text.TC7_Handler
                0x0000000000083c3c       0x1c arduinoARMScheduler.o
                0x0000000000083c3c                TC7_Handler
 .text.Setup_SchedulerTimer
                0x0000000000083c58       0x84 arduinoARMScheduler.o
                0x0000000000083c58                Setup_SchedulerTimer
 .text.configureArduinoARMTimer
                0x0000000000083cdc       0x24 arduinoARMScheduler.o
                0x0000000000083cdc                configureArduinoARMTimer
 .text.MW_Arduino_Loop
                0x0000000000083d00        0x4 arduinoARMScheduler.o
                0x0000000000083d00                MW_Arduino_Loop
 .text.arm_cortex_m_call_thread_with_context_switch
                0x0000000000083d04       0x34 arm_cortex_m_multitasking.o
                0x0000000000083d04                arm_cortex_m_call_thread_with_context_switch
 .text.svcHook  0x0000000000083d38       0x2c arm_cortex_m_multitasking.o
                0x0000000000083d38                svcHook
 .text.ExtProcessArgs
                0x0000000000083d64       0x70 rtiostream_interface.o
                0x0000000000083d64                ExtProcessArgs
 .text.ExtUserDataCreate
                0x0000000000083dd4        0x8 rtiostream_interface.o
                0x0000000000083dd4                ExtUserDataCreate
 .text.ExtInit  0x0000000000083ddc        0x4 rtiostream_interface.o
                0x0000000000083ddc                ExtInit
 .text.ExtSetHostPkt
                0x0000000000083de0       0x20 rtiostream_interface.o
                0x0000000000083de0                ExtSetHostPkt
 .text.ExtGetHostPkt
                0x0000000000083e00       0x22 rtiostream_interface.o
                0x0000000000083e00                ExtGetHostPkt
 .text.ExtWaitForStartPktFromHost
                0x0000000000083e22        0x4 rtiostream_interface.o
                0x0000000000083e22                ExtWaitForStartPktFromHost
 .text.ExtUserDataDestroy
                0x0000000000083e26        0x2 rtiostream_interface.o
                0x0000000000083e26                ExtUserDataDestroy
 .text.ExtModeSleep
                0x0000000000083e28        0x2 rtiostream_interface.o
                0x0000000000083e28                ExtModeSleep
 .text.ExtOpenConnection
                0x0000000000083e2a        0x8 rtiostream_interface.o
                0x0000000000083e2a                ExtOpenConnection
 .text.ExtForceDisconnect
                0x0000000000083e32        0x2 rtiostream_interface.o
                0x0000000000083e32                ExtForceDisconnect
 .text.ExtCloseConnection
                0x0000000000083e34        0xc rtiostream_interface.o
                0x0000000000083e34                ExtCloseConnection
 .text.ExtShutDown
                0x0000000000083e40        0x6 rtiostream_interface.o
                0x0000000000083e40                ExtShutDown
 *fill*         0x0000000000083e46        0x2 
 .text.SendPktHdrToHost
                0x0000000000083e48       0x30 ext_svr_daemon.o
 .text.SendPktDataToHost
                0x0000000000083e78       0x28 ext_svr_daemon.o
 .text.ForceDisconnectFromHost
                0x0000000000083ea0       0x3c ext_svr_daemon.o
 .text.GetPktUsingAck
                0x0000000000083edc      0x25c ext_svr_daemon.o
 .text.SendPktToHost
                0x0000000000084138       0x3c ext_svr_daemon.o
                0x0000000000084138                SendPktToHost
 .text.SendResponseStatus
                0x0000000000084174       0x14 ext_svr_daemon.o
 .text.ProcessSelectTriggerSignalPkt.isra.1
                0x0000000000084188       0x6c ext_svr_daemon.o
 .text.ExtParseArgsAndInitUD
                0x00000000000841f4       0x38 ext_svr_daemon.o
                0x00000000000841f4                ExtParseArgsAndInitUD
 .text.ExtWaitForStartPkt
                0x000000000008422c        0xc ext_svr_daemon.o
                0x000000000008422c                ExtWaitForStartPkt
 .text.UploadServerWork
                0x0000000000084238      0x250 ext_svr_daemon.o
                0x0000000000084238                UploadServerWork
 .text.rt_UploadServerWork
                0x0000000000084488       0x18 ext_svr_daemon.o
                0x0000000000084488                rt_UploadServerWork
 .text.rt_ExtModeInit
                0x00000000000844a0       0x20 ext_svr_daemon.o
                0x00000000000844a0                rt_ExtModeInit
 .text.rt_ExtModeSleep
                0x00000000000844c0       0x14 ext_svr_daemon.o
                0x00000000000844c0                rt_ExtModeSleep
 .text.rt_PktServerWork
                0x00000000000844d4      0x3e8 ext_svr_daemon.o
                0x00000000000844d4                rt_PktServerWork
 .text.rt_ExtModeShutdown
                0x00000000000848bc       0x7c ext_svr_daemon.o
                0x00000000000848bc                rt_ExtModeShutdown
 .text.rt_UploadCheckTrigger
                0x0000000000084938       0x18 ext_svr_daemon.o
                0x0000000000084938                rt_UploadCheckTrigger
 .text.rt_UploadCheckEndTrigger
                0x0000000000084950       0x12 ext_svr_daemon.o
                0x0000000000084950                rt_UploadCheckEndTrigger
 .text.rt_UploadBufAddTimePoint
                0x0000000000084962       0x22 ext_svr_daemon.o
                0x0000000000084962                rt_UploadBufAddTimePoint
 .text.rtIOStreamSend
                0x0000000000084984       0x1c rtiostream_serial_daemon.o
                0x0000000000084984                rtIOStreamSend
 .text.rtIOStreamClose
                0x00000000000849a0        0xe rtiostream_serial_daemon.o
                0x00000000000849a0                rtIOStreamClose
 *fill*         0x00000000000849ae        0x2 
 .text.rtIOStreamOpen
                0x00000000000849b0       0x24 rtiostream_serial_daemon.o
                0x00000000000849b0                rtIOStreamOpen
 .text.rtIOStreamRecv
                0x00000000000849d4       0x5c rtiostream_serial_daemon.o
                0x00000000000849d4                rtIOStreamRecv
 .text.calculate_crc8_j1850_withInit
                0x0000000000084a30       0x20 daemon_checksum.o
                0x0000000000084a30                calculate_crc8_j1850_withInit
 .text.calculate_crc8_j1850
                0x0000000000084a50       0x12 daemon_checksum.o
                0x0000000000084a50                calculate_crc8_j1850
 .text.verify_crc8_j1850
                0x0000000000084a62       0x18 daemon_checksum.o
                0x0000000000084a62                verify_crc8_j1850
 *fill*         0x0000000000084a7a        0x2 
 .text.rt_OneStep
                0x0000000000084a7c       0x38 ert_main.o
                0x0000000000084a7c                rt_OneStep
 .text.startup.main
                0x0000000000084ab4       0xf8 ert_main.o
                0x0000000000084ab4                main
 .text.PIO_PullUp
                0x0000000000084bac        0xa /home/adiravishankara/Documents/MATLAB/SupportPackages/R2018a/3P.instrset/arduinoide.instrset/idepkgs/packages/arduino/hardware/sam/1.6.11/variants/arduino_due_x/libsam_sam3x8e_gcc_rel.a(pio.o)
                0x0000000000084bac                PIO_PullUp
 .text.PIO_SetPeripheral
                0x0000000000084bb6       0x26 /home/adiravishankara/Documents/MATLAB/SupportPackages/R2018a/3P.instrset/arduinoide.instrset/idepkgs/packages/arduino/hardware/sam/1.6.11/variants/arduino_due_x/libsam_sam3x8e_gcc_rel.a(pio.o)
                0x0000000000084bb6                PIO_SetPeripheral
 .text.PIO_SetInput
                0x0000000000084bdc       0x26 /home/adiravishankara/Documents/MATLAB/SupportPackages/R2018a/3P.instrset/arduinoide.instrset/idepkgs/packages/arduino/hardware/sam/1.6.11/variants/arduino_due_x/libsam_sam3x8e_gcc_rel.a(pio.o)
                0x0000000000084bdc                PIO_SetInput
 .text.PIO_SetOutput
                0x0000000000084c02       0x24 /home/adiravishankara/Documents/MATLAB/SupportPackages/R2018a/3P.instrset/arduinoide.instrset/idepkgs/packages/arduino/hardware/sam/1.6.11/variants/arduino_due_x/libsam_sam3x8e_gcc_rel.a(pio.o)
                0x0000000000084c02                PIO_SetOutput
 *fill*         0x0000000000084c26        0x2 
 .text.PIO_Configure
                0x0000000000084c28       0x64 /home/adiravishankara/Documents/MATLAB/SupportPackages/R2018a/3P.instrset/arduinoide.instrset/idepkgs/packages/arduino/hardware/sam/1.6.11/variants/arduino_due_x/libsam_sam3x8e_gcc_rel.a(pio.o)
                0x0000000000084c28                PIO_Configure
 .text.PIO_GetOutputDataStatus
                0x0000000000084c8c       0x14 /home/adiravishankara/Documents/MATLAB/SupportPackages/R2018a/3P.instrset/arduinoide.instrset/idepkgs/packages/arduino/hardware/sam/1.6.11/variants/arduino_due_x/libsam_sam3x8e_gcc_rel.a(pio.o)
                0x0000000000084c8c                PIO_GetOutputDataStatus
 .text.pmc_enable_upll_clock
                0x0000000000084ca0       0x14 /home/adiravishankara/Documents/MATLAB/SupportPackages/R2018a/3P.instrset/arduinoide.instrset/idepkgs/packages/arduino/hardware/sam/1.6.11/variants/arduino_due_x/libsam_sam3x8e_gcc_rel.a(pmc.o)
                0x0000000000084ca0                pmc_enable_upll_clock
 .text.pmc_enable_periph_clk
                0x0000000000084cb4       0x44 /home/adiravishankara/Documents/MATLAB/SupportPackages/R2018a/3P.instrset/arduinoide.instrset/idepkgs/packages/arduino/hardware/sam/1.6.11/variants/arduino_due_x/libsam_sam3x8e_gcc_rel.a(pmc.o)
                0x0000000000084cb4                pmc_enable_periph_clk
 .text.pmc_disable_periph_clk
                0x0000000000084cf8       0x40 /home/adiravishankara/Documents/MATLAB/SupportPackages/R2018a/3P.instrset/arduinoide.instrset/idepkgs/packages/arduino/hardware/sam/1.6.11/variants/arduino_due_x/libsam_sam3x8e_gcc_rel.a(pmc.o)
                0x0000000000084cf8                pmc_disable_periph_clk
 .text.pmc_switch_udpck_to_upllck
                0x0000000000084d38       0x14 /home/adiravishankara/Documents/MATLAB/SupportPackages/R2018a/3P.instrset/arduinoide.instrset/idepkgs/packages/arduino/hardware/sam/1.6.11/variants/arduino_due_x/libsam_sam3x8e_gcc_rel.a(pmc.o)
                0x0000000000084d38                pmc_switch_udpck_to_upllck
 .text.pmc_enable_udpck
                0x0000000000084d4c        0xc /home/adiravishankara/Documents/MATLAB/SupportPackages/R2018a/3P.instrset/arduinoide.instrset/idepkgs/packages/arduino/hardware/sam/1.6.11/variants/arduino_due_x/libsam_sam3x8e_gcc_rel.a(pmc.o)
                0x0000000000084d4c                pmc_enable_udpck
 .text.pmc_set_writeprotect
                0x0000000000084d58       0x1c /home/adiravishankara/Documents/MATLAB/SupportPackages/R2018a/3P.instrset/arduinoide.instrset/idepkgs/packages/arduino/hardware/sam/1.6.11/variants/arduino_due_x/libsam_sam3x8e_gcc_rel.a(pmc.o)
                0x0000000000084d58                pmc_set_writeprotect
 .text.FindClockConfiguration
                0x0000000000084d74       0x7c /home/adiravishankara/Documents/MATLAB/SupportPackages/R2018a/3P.instrset/arduinoide.instrset/idepkgs/packages/arduino/hardware/sam/1.6.11/variants/arduino_due_x/libsam_sam3x8e_gcc_rel.a(pwmc.o)
 .text.PWMC_ConfigureChannel
                0x0000000000084df0       0x60 /home/adiravishankara/Documents/MATLAB/SupportPackages/R2018a/3P.instrset/arduinoide.instrset/idepkgs/packages/arduino/hardware/sam/1.6.11/variants/arduino_due_x/libsam_sam3x8e_gcc_rel.a(pwmc.o)
                0x0000000000084df0                PWMC_ConfigureChannel
 .text.PWMC_ConfigureClocks
                0x0000000000084e50       0x54 /home/adiravishankara/Documents/MATLAB/SupportPackages/R2018a/3P.instrset/arduinoide.instrset/idepkgs/packages/arduino/hardware/sam/1.6.11/variants/arduino_due_x/libsam_sam3x8e_gcc_rel.a(pwmc.o)
                0x0000000000084e50                PWMC_ConfigureClocks
 .text.PWMC_SetPeriod
                0x0000000000084ea4       0x1a /home/adiravishankara/Documents/MATLAB/SupportPackages/R2018a/3P.instrset/arduinoide.instrset/idepkgs/packages/arduino/hardware/sam/1.6.11/variants/arduino_due_x/libsam_sam3x8e_gcc_rel.a(pwmc.o)
                0x0000000000084ea4                PWMC_SetPeriod
 *fill*         0x0000000000084ebe        0x2 
 .text.PWMC_SetDutyCycle
                0x0000000000084ec0       0x44 /home/adiravishankara/Documents/MATLAB/SupportPackages/R2018a/3P.instrset/arduinoide.instrset/idepkgs/packages/arduino/hardware/sam/1.6.11/variants/arduino_due_x/libsam_sam3x8e_gcc_rel.a(pwmc.o)
                0x0000000000084ec0                PWMC_SetDutyCycle
 .text.PWMC_EnableChannel
                0x0000000000084f04        0xa /home/adiravishankara/Documents/MATLAB/SupportPackages/R2018a/3P.instrset/arduinoide.instrset/idepkgs/packages/arduino/hardware/sam/1.6.11/variants/arduino_due_x/libsam_sam3x8e_gcc_rel.a(pwmc.o)
                0x0000000000084f04                PWMC_EnableChannel
 *fill*         0x0000000000084f0e        0x2 
 .text.TC_Configure
                0x0000000000084f10       0x38 /home/adiravishankara/Documents/MATLAB/SupportPackages/R2018a/3P.instrset/arduinoide.instrset/idepkgs/packages/arduino/hardware/sam/1.6.11/variants/arduino_due_x/libsam_sam3x8e_gcc_rel.a(tc.o)
                0x0000000000084f10                TC_Configure
 .text.TC_Start
                0x0000000000084f48       0x2c /home/adiravishankara/Documents/MATLAB/SupportPackages/R2018a/3P.instrset/arduinoide.instrset/idepkgs/packages/arduino/hardware/sam/1.6.11/variants/arduino_due_x/libsam_sam3x8e_gcc_rel.a(tc.o)
                0x0000000000084f48                TC_Start
 .text.TC_GetStatus
                0x0000000000084f74        0x8 /home/adiravishankara/Documents/MATLAB/SupportPackages/R2018a/3P.instrset/arduinoide.instrset/idepkgs/packages/arduino/hardware/sam/1.6.11/variants/arduino_due_x/libsam_sam3x8e_gcc_rel.a(tc.o)
                0x0000000000084f74                TC_GetStatus
 .text.TC_SetRA
                0x0000000000084f7c        0x8 /home/adiravishankara/Documents/MATLAB/SupportPackages/R2018a/3P.instrset/arduinoide.instrset/idepkgs/packages/arduino/hardware/sam/1.6.11/variants/arduino_due_x/libsam_sam3x8e_gcc_rel.a(tc.o)
                0x0000000000084f7c                TC_SetRA
 .text.TC_SetRB
                0x0000000000084f84        0x8 /home/adiravishankara/Documents/MATLAB/SupportPackages/R2018a/3P.instrset/arduinoide.instrset/idepkgs/packages/arduino/hardware/sam/1.6.11/variants/arduino_due_x/libsam_sam3x8e_gcc_rel.a(tc.o)
                0x0000000000084f84                TC_SetRB
 .text.TC_SetRC
                0x0000000000084f8c        0x8 /home/adiravishankara/Documents/MATLAB/SupportPackages/R2018a/3P.instrset/arduinoide.instrset/idepkgs/packages/arduino/hardware/sam/1.6.11/variants/arduino_due_x/libsam_sam3x8e_gcc_rel.a(tc.o)
                0x0000000000084f8c                TC_SetRC
 .text.TimeTick_Increment
                0x0000000000084f94       0x10 /home/adiravishankara/Documents/MATLAB/SupportPackages/R2018a/3P.instrset/arduinoide.instrset/idepkgs/packages/arduino/hardware/sam/1.6.11/variants/arduino_due_x/libsam_sam3x8e_gcc_rel.a(timetick.o)
                0x0000000000084f94                TimeTick_Increment
 .text.GetTickCount
                0x0000000000084fa4        0xc /home/adiravishankara/Documents/MATLAB/SupportPackages/R2018a/3P.instrset/arduinoide.instrset/idepkgs/packages/arduino/hardware/sam/1.6.11/variants/arduino_due_x/libsam_sam3x8e_gcc_rel.a(timetick.o)
                0x0000000000084fa4                GetTickCount
 .text.WDT_Disable
                0x0000000000084fb0        0x8 /home/adiravishankara/Documents/MATLAB/SupportPackages/R2018a/3P.instrset/arduinoide.instrset/idepkgs/packages/arduino/hardware/sam/1.6.11/variants/arduino_due_x/libsam_sam3x8e_gcc_rel.a(wdt.o)
                0x0000000000084fb0                WDT_Disable
 .text.SystemInit
                0x0000000000084fb8       0x88 /home/adiravishankara/Documents/MATLAB/SupportPackages/R2018a/3P.instrset/arduinoide.instrset/idepkgs/packages/arduino/hardware/sam/1.6.11/variants/arduino_due_x/libsam_sam3x8e_gcc_rel.a(system_sam3xa.o)
                0x0000000000084fb8                SystemInit
 .text.adc_init
                0x0000000000085040       0x98 /home/adiravishankara/Documents/MATLAB/SupportPackages/R2018a/3P.instrset/arduinoide.instrset/idepkgs/packages/arduino/hardware/sam/1.6.11/variants/arduino_due_x/libsam_sam3x8e_gcc_rel.a(adc.o)
                0x0000000000085040                adc_init
 .text.adc_configure_trigger
                0x00000000000850d8        0xe /home/adiravishankara/Documents/MATLAB/SupportPackages/R2018a/3P.instrset/arduinoide.instrset/idepkgs/packages/arduino/hardware/sam/1.6.11/variants/arduino_due_x/libsam_sam3x8e_gcc_rel.a(adc.o)
                0x00000000000850d8                adc_configure_trigger
 .text.adc_configure_timing
                0x00000000000850e6       0x1a /home/adiravishankara/Documents/MATLAB/SupportPackages/R2018a/3P.instrset/arduinoide.instrset/idepkgs/packages/arduino/hardware/sam/1.6.11/variants/arduino_due_x/libsam_sam3x8e_gcc_rel.a(adc.o)
                0x00000000000850e6                adc_configure_timing
 .text.adc_start
                0x0000000000085100        0x6 /home/adiravishankara/Documents/MATLAB/SupportPackages/R2018a/3P.instrset/arduinoide.instrset/idepkgs/packages/arduino/hardware/sam/1.6.11/variants/arduino_due_x/libsam_sam3x8e_gcc_rel.a(adc.o)
                0x0000000000085100                adc_start
 .text.adc_enable_channel
                0x0000000000085106        0xa /home/adiravishankara/Documents/MATLAB/SupportPackages/R2018a/3P.instrset/arduinoide.instrset/idepkgs/packages/arduino/hardware/sam/1.6.11/variants/arduino_due_x/libsam_sam3x8e_gcc_rel.a(adc.o)
                0x0000000000085106                adc_enable_channel
 .text.adc_disable_channel
                0x0000000000085110        0xa /home/adiravishankara/Documents/MATLAB/SupportPackages/R2018a/3P.instrset/arduinoide.instrset/idepkgs/packages/arduino/hardware/sam/1.6.11/variants/arduino_due_x/libsam_sam3x8e_gcc_rel.a(adc.o)
                0x0000000000085110                adc_disable_channel
 .text.adc_disable_all_channel
                0x000000000008511a        0x8 /home/adiravishankara/Documents/MATLAB/SupportPackages/R2018a/3P.instrset/arduinoide.instrset/idepkgs/packages/arduino/hardware/sam/1.6.11/variants/arduino_due_x/libsam_sam3x8e_gcc_rel.a(adc.o)
                0x000000000008511a                adc_disable_all_channel
 .text.adc_get_channel_status
                0x0000000000085122        0xa /home/adiravishankara/Documents/MATLAB/SupportPackages/R2018a/3P.instrset/arduinoide.instrset/idepkgs/packages/arduino/hardware/sam/1.6.11/variants/arduino_due_x/libsam_sam3x8e_gcc_rel.a(adc.o)
                0x0000000000085122                adc_get_channel_status
 .text.adc_get_latest_value
                0x000000000008512c        0x4 /home/adiravishankara/Documents/MATLAB/SupportPackages/R2018a/3P.instrset/arduinoide.instrset/idepkgs/packages/arduino/hardware/sam/1.6.11/variants/arduino_due_x/libsam_sam3x8e_gcc_rel.a(adc.o)
                0x000000000008512c                adc_get_latest_value
 .text.adc_disable_interrupt
                0x0000000000085130        0x4 /home/adiravishankara/Documents/MATLAB/SupportPackages/R2018a/3P.instrset/arduinoide.instrset/idepkgs/packages/arduino/hardware/sam/1.6.11/variants/arduino_due_x/libsam_sam3x8e_gcc_rel.a(adc.o)
                0x0000000000085130                adc_disable_interrupt
 .text.adc_get_status
                0x0000000000085134        0x4 /home/adiravishankara/Documents/MATLAB/SupportPackages/R2018a/3P.instrset/arduinoide.instrset/idepkgs/packages/arduino/hardware/sam/1.6.11/variants/arduino_due_x/libsam_sam3x8e_gcc_rel.a(adc.o)
                0x0000000000085134                adc_get_status
 .text.UDD_SetStack
                0x0000000000085138        0xc /home/adiravishankara/Documents/MATLAB/SupportPackages/R2018a/3P.instrset/arduinoide.instrset/idepkgs/packages/arduino/hardware/sam/1.6.11/variants/arduino_due_x/libsam_sam3x8e_gcc_rel.a(uotghs_device.o)
                0x0000000000085138                UDD_SetStack
 .text.UDD_Init
                0x0000000000085144       0xd0 /home/adiravishankara/Documents/MATLAB/SupportPackages/R2018a/3P.instrset/arduinoide.instrset/idepkgs/packages/arduino/hardware/sam/1.6.11/variants/arduino_due_x/libsam_sam3x8e_gcc_rel.a(uotghs_device.o)
                0x0000000000085144                UDD_Init
 .text.UDD_InitEP
                0x0000000000085214       0x2c /home/adiravishankara/Documents/MATLAB/SupportPackages/R2018a/3P.instrset/arduinoide.instrset/idepkgs/packages/arduino/hardware/sam/1.6.11/variants/arduino_due_x/libsam_sam3x8e_gcc_rel.a(uotghs_device.o)
                0x0000000000085214                UDD_InitEP
 .text.UDD_InitEndpoints
                0x0000000000085240       0x3c /home/adiravishankara/Documents/MATLAB/SupportPackages/R2018a/3P.instrset/arduinoide.instrset/idepkgs/packages/arduino/hardware/sam/1.6.11/variants/arduino_due_x/libsam_sam3x8e_gcc_rel.a(uotghs_device.o)
                0x0000000000085240                UDD_InitEndpoints
 .text.UDD_WaitIN
                0x000000000008527c       0x10 /home/adiravishankara/Documents/MATLAB/SupportPackages/R2018a/3P.instrset/arduinoide.instrset/idepkgs/packages/arduino/hardware/sam/1.6.11/variants/arduino_due_x/libsam_sam3x8e_gcc_rel.a(uotghs_device.o)
                0x000000000008527c                UDD_WaitIN
 .text.UDD_WaitOUT
                0x000000000008528c       0x10 /home/adiravishankara/Documents/MATLAB/SupportPackages/R2018a/3P.instrset/arduinoide.instrset/idepkgs/packages/arduino/hardware/sam/1.6.11/variants/arduino_due_x/libsam_sam3x8e_gcc_rel.a(uotghs_device.o)
                0x000000000008528c                UDD_WaitOUT
 .text.UDD_ClearIN
                0x000000000008529c       0x18 /home/adiravishankara/Documents/MATLAB/SupportPackages/R2018a/3P.instrset/arduinoide.instrset/idepkgs/packages/arduino/hardware/sam/1.6.11/variants/arduino_due_x/libsam_sam3x8e_gcc_rel.a(uotghs_device.o)
                0x000000000008529c                UDD_ClearIN
 .text.UDD_ClearOUT
                0x00000000000852b4       0x18 /home/adiravishankara/Documents/MATLAB/SupportPackages/R2018a/3P.instrset/arduinoide.instrset/idepkgs/packages/arduino/hardware/sam/1.6.11/variants/arduino_due_x/libsam_sam3x8e_gcc_rel.a(uotghs_device.o)
                0x00000000000852b4                UDD_ClearOUT
 .text.UDD_ReceivedSetupInt
                0x00000000000852cc       0x10 /home/adiravishankara/Documents/MATLAB/SupportPackages/R2018a/3P.instrset/arduinoide.instrset/idepkgs/packages/arduino/hardware/sam/1.6.11/variants/arduino_due_x/libsam_sam3x8e_gcc_rel.a(uotghs_device.o)
                0x00000000000852cc                UDD_ReceivedSetupInt
 .text.UDD_ClearSetupInt
                0x00000000000852dc       0x10 /home/adiravishankara/Documents/MATLAB/SupportPackages/R2018a/3P.instrset/arduinoide.instrset/idepkgs/packages/arduino/hardware/sam/1.6.11/variants/arduino_due_x/libsam_sam3x8e_gcc_rel.a(uotghs_device.o)
                0x00000000000852dc                UDD_ClearSetupInt
 .text.UDD_Send
                0x00000000000852ec       0x88 /home/adiravishankara/Documents/MATLAB/SupportPackages/R2018a/3P.instrset/arduinoide.instrset/idepkgs/packages/arduino/hardware/sam/1.6.11/variants/arduino_due_x/libsam_sam3x8e_gcc_rel.a(uotghs_device.o)
                0x00000000000852ec                UDD_Send
 .text.UDD_Send8
                0x0000000000085374       0x24 /home/adiravishankara/Documents/MATLAB/SupportPackages/R2018a/3P.instrset/arduinoide.instrset/idepkgs/packages/arduino/hardware/sam/1.6.11/variants/arduino_due_x/libsam_sam3x8e_gcc_rel.a(uotghs_device.o)
                0x0000000000085374                UDD_Send8
 .text.UDD_Recv8
                0x0000000000085398       0x28 /home/adiravishankara/Documents/MATLAB/SupportPackages/R2018a/3P.instrset/arduinoide.instrset/idepkgs/packages/arduino/hardware/sam/1.6.11/variants/arduino_due_x/libsam_sam3x8e_gcc_rel.a(uotghs_device.o)
                0x0000000000085398                UDD_Recv8
 .text.UDD_Recv
                0x00000000000853c0       0x34 /home/adiravishankara/Documents/MATLAB/SupportPackages/R2018a/3P.instrset/arduinoide.instrset/idepkgs/packages/arduino/hardware/sam/1.6.11/variants/arduino_due_x/libsam_sam3x8e_gcc_rel.a(uotghs_device.o)
                0x00000000000853c0                UDD_Recv
 .text.UDD_Stall
                0x00000000000853f4       0x14 /home/adiravishankara/Documents/MATLAB/SupportPackages/R2018a/3P.instrset/arduinoide.instrset/idepkgs/packages/arduino/hardware/sam/1.6.11/variants/arduino_due_x/libsam_sam3x8e_gcc_rel.a(uotghs_device.o)
                0x00000000000853f4                UDD_Stall
 .text.UDD_FifoByteCount
                0x0000000000085408       0x14 /home/adiravishankara/Documents/MATLAB/SupportPackages/R2018a/3P.instrset/arduinoide.instrset/idepkgs/packages/arduino/hardware/sam/1.6.11/variants/arduino_due_x/libsam_sam3x8e_gcc_rel.a(uotghs_device.o)
                0x0000000000085408                UDD_FifoByteCount
 .text.UDD_ReleaseRX
                0x000000000008541c       0x28 /home/adiravishankara/Documents/MATLAB/SupportPackages/R2018a/3P.instrset/arduinoide.instrset/idepkgs/packages/arduino/hardware/sam/1.6.11/variants/arduino_due_x/libsam_sam3x8e_gcc_rel.a(uotghs_device.o)
                0x000000000008541c                UDD_ReleaseRX
 .text.UDD_ReleaseTX
                0x0000000000085444       0x28 /home/adiravishankara/Documents/MATLAB/SupportPackages/R2018a/3P.instrset/arduinoide.instrset/idepkgs/packages/arduino/hardware/sam/1.6.11/variants/arduino_due_x/libsam_sam3x8e_gcc_rel.a(uotghs_device.o)
                0x0000000000085444                UDD_ReleaseTX
 .text.UDD_SetAddress
                0x000000000008546c       0x20 /home/adiravishankara/Documents/MATLAB/SupportPackages/R2018a/3P.instrset/arduinoide.instrset/idepkgs/packages/arduino/hardware/sam/1.6.11/variants/arduino_due_x/libsam_sam3x8e_gcc_rel.a(uotghs_device.o)
                0x000000000008546c                UDD_SetAddress
 .text.dacc_reset
                0x000000000008548c        0x6 /home/adiravishankara/Documents/MATLAB/SupportPackages/R2018a/3P.instrset/arduinoide.instrset/idepkgs/packages/arduino/hardware/sam/1.6.11/variants/arduino_due_x/libsam_sam3x8e_gcc_rel.a(dacc.o)
                0x000000000008548c                dacc_reset
 .text.dacc_set_transfer_mode
                0x0000000000085492       0x14 /home/adiravishankara/Documents/MATLAB/SupportPackages/R2018a/3P.instrset/arduinoide.instrset/idepkgs/packages/arduino/hardware/sam/1.6.11/variants/arduino_due_x/libsam_sam3x8e_gcc_rel.a(dacc.o)
                0x0000000000085492                dacc_set_transfer_mode
 .text.dacc_get_interrupt_status
                0x00000000000854a6        0x4 /home/adiravishankara/Documents/MATLAB/SupportPackages/R2018a/3P.instrset/arduinoide.instrset/idepkgs/packages/arduino/hardware/sam/1.6.11/variants/arduino_due_x/libsam_sam3x8e_gcc_rel.a(dacc.o)
                0x00000000000854a6                dacc_get_interrupt_status
 .text.dacc_write_conversion_data
                0x00000000000854aa        0x4 /home/adiravishankara/Documents/MATLAB/SupportPackages/R2018a/3P.instrset/arduinoide.instrset/idepkgs/packages/arduino/hardware/sam/1.6.11/variants/arduino_due_x/libsam_sam3x8e_gcc_rel.a(dacc.o)
                0x00000000000854aa                dacc_write_conversion_data
 .text.dacc_set_channel_selection
                0x00000000000854ae       0x18 /home/adiravishankara/Documents/MATLAB/SupportPackages/R2018a/3P.instrset/arduinoide.instrset/idepkgs/packages/arduino/hardware/sam/1.6.11/variants/arduino_due_x/libsam_sam3x8e_gcc_rel.a(dacc.o)
                0x00000000000854ae                dacc_set_channel_selection
 .text.dacc_set_power_save
                0x00000000000854c6       0x24 /home/adiravishankara/Documents/MATLAB/SupportPackages/R2018a/3P.instrset/arduinoide.instrset/idepkgs/packages/arduino/hardware/sam/1.6.11/variants/arduino_due_x/libsam_sam3x8e_gcc_rel.a(dacc.o)
                0x00000000000854c6                dacc_set_power_save
 .text.dacc_set_timing
                0x00000000000854ea       0x2c /home/adiravishankara/Documents/MATLAB/SupportPackages/R2018a/3P.instrset/arduinoide.instrset/idepkgs/packages/arduino/hardware/sam/1.6.11/variants/arduino_due_x/libsam_sam3x8e_gcc_rel.a(dacc.o)
                0x00000000000854ea                dacc_set_timing
 .text.dacc_enable_channel
                0x0000000000085516       0x12 /home/adiravishankara/Documents/MATLAB/SupportPackages/R2018a/3P.instrset/arduinoide.instrset/idepkgs/packages/arduino/hardware/sam/1.6.11/variants/arduino_due_x/libsam_sam3x8e_gcc_rel.a(dacc.o)
                0x0000000000085516                dacc_enable_channel
 .text.dacc_get_channel_status
                0x0000000000085528        0x4 /home/adiravishankara/Documents/MATLAB/SupportPackages/R2018a/3P.instrset/arduinoide.instrset/idepkgs/packages/arduino/hardware/sam/1.6.11/variants/arduino_due_x/libsam_sam3x8e_gcc_rel.a(dacc.o)
                0x0000000000085528                dacc_get_channel_status
 .text.dacc_set_analog_control
                0x000000000008552c        0x8 /home/adiravishankara/Documents/MATLAB/SupportPackages/R2018a/3P.instrset/arduinoide.instrset/idepkgs/packages/arduino/hardware/sam/1.6.11/variants/arduino_due_x/libsam_sam3x8e_gcc_rel.a(dacc.o)
                0x000000000008552c                dacc_set_analog_control
 *fill*         0x0000000000085534        0x4 
 .text.floor    0x0000000000085538      0x120 /home/adiravishankara/Documents/MATLAB/SupportPackages/R2018a/3P.instrset/arduinoide.instrset/idepkgs/packages/arduino/tools/arm-none-eabi-gcc/4.8.3-2014q1/bin/../lib/gcc/arm-none-eabi/4.8.3/../../../../arm-none-eabi/lib/armv7-m/libm.a(lib_a-s_floor.o)
                0x0000000000085538                floor
 .text.__fpclassifyd
                0x0000000000085658       0x50 /home/adiravishankara/Documents/MATLAB/SupportPackages/R2018a/3P.instrset/arduinoide.instrset/idepkgs/packages/arduino/tools/arm-none-eabi-gcc/4.8.3-2014q1/bin/../lib/gcc/arm-none-eabi/4.8.3/../../../../arm-none-eabi/lib/armv7-m/libm.a(lib_a-s_fpclassify.o)
                0x0000000000085658                __fpclassifyd
 .text.pow      0x00000000000856a8      0x2f8 /home/adiravishankara/Documents/MATLAB/SupportPackages/R2018a/3P.instrset/arduinoide.instrset/idepkgs/packages/arduino/tools/arm-none-eabi-gcc/4.8.3-2014q1/bin/../lib/gcc/arm-none-eabi/4.8.3/../../../../arm-none-eabi/lib/armv7-m/libm.a(lib_a-w_pow.o)
                0x00000000000856a8                pow
 .text.sqrt     0x00000000000859a0       0xac /home/adiravishankara/Documents/MATLAB/SupportPackages/R2018a/3P.instrset/arduinoide.instrset/idepkgs/packages/arduino/tools/arm-none-eabi-gcc/4.8.3-2014q1/bin/../lib/gcc/arm-none-eabi/4.8.3/../../../../arm-none-eabi/lib/armv7-m/libm.a(lib_a-w_sqrt.o)
                0x00000000000859a0                sqrt
 *fill*         0x0000000000085a4c        0x4 
 .text.__ieee754_pow
                0x0000000000085a50      0xab8 /home/adiravishankara/Documents/MATLAB/SupportPackages/R2018a/3P.instrset/arduinoide.instrset/idepkgs/packages/arduino/tools/arm-none-eabi-gcc/4.8.3-2014q1/bin/../lib/gcc/arm-none-eabi/4.8.3/../../../../arm-none-eabi/lib/armv7-m/libm.a(lib_a-e_pow.o)
                0x0000000000085a50                __ieee754_pow
 .text.__ieee754_sqrt
                0x0000000000086508      0x180 /home/adiravishankara/Documents/MATLAB/SupportPackages/R2018a/3P.instrset/arduinoide.instrset/idepkgs/packages/arduino/tools/arm-none-eabi-gcc/4.8.3-2014q1/bin/../lib/gcc/arm-none-eabi/4.8.3/../../../../arm-none-eabi/lib/armv7-m/libm.a(lib_a-e_sqrt.o)
                0x0000000000086508                __ieee754_sqrt
 .text.fabs     0x0000000000086688        0x8 /home/adiravishankara/Documents/MATLAB/SupportPackages/R2018a/3P.instrset/arduinoide.instrset/idepkgs/packages/arduino/tools/arm-none-eabi-gcc/4.8.3-2014q1/bin/../lib/gcc/arm-none-eabi/4.8.3/../../../../arm-none-eabi/lib/armv7-m/libm.a(lib_a-s_fabs.o)
                0x0000000000086688                fabs
 .text.finite   0x0000000000086690        0xc /home/adiravishankara/Documents/MATLAB/SupportPackages/R2018a/3P.instrset/arduinoide.instrset/idepkgs/packages/arduino/tools/arm-none-eabi-gcc/4.8.3-2014q1/bin/../lib/gcc/arm-none-eabi/4.8.3/../../../../arm-none-eabi/lib/armv7-m/libm.a(lib_a-s_finite.o)
                0x0000000000086690                finite
 .text.matherr  0x000000000008669c        0x4 /home/adiravishankara/Documents/MATLAB/SupportPackages/R2018a/3P.instrset/arduinoide.instrset/idepkgs/packages/arduino/tools/arm-none-eabi-gcc/4.8.3-2014q1/bin/../lib/gcc/arm-none-eabi/4.8.3/../../../../arm-none-eabi/lib/armv7-m/libm.a(lib_a-s_matherr.o)
                0x000000000008669c                matherr
 .text.nan      0x00000000000866a0        0xc /home/adiravishankara/Documents/MATLAB/SupportPackages/R2018a/3P.instrset/arduinoide.instrset/idepkgs/packages/arduino/tools/arm-none-eabi-gcc/4.8.3-2014q1/bin/../lib/gcc/arm-none-eabi/4.8.3/../../../../arm-none-eabi/lib/armv7-m/libm.a(lib_a-s_nan.o)
                0x00000000000866a0                nan
 .text.rint     0x00000000000866ac      0x118 /home/adiravishankara/Documents/MATLAB/SupportPackages/R2018a/3P.instrset/arduinoide.instrset/idepkgs/packages/arduino/tools/arm-none-eabi-gcc/4.8.3-2014q1/bin/../lib/gcc/arm-none-eabi/4.8.3/../../../../arm-none-eabi/lib/armv7-m/libm.a(lib_a-s_rint.o)
                0x00000000000866ac                rint
 *fill*         0x00000000000867c4        0x4 
 .text.scalbn   0x00000000000867c8      0x100 /home/adiravishankara/Documents/MATLAB/SupportPackages/R2018a/3P.instrset/arduinoide.instrset/idepkgs/packages/arduino/tools/arm-none-eabi-gcc/4.8.3-2014q1/bin/../lib/gcc/arm-none-eabi/4.8.3/../../../../arm-none-eabi/lib/armv7-m/libm.a(lib_a-s_scalbn.o)
                0x00000000000867c8                scalbn
 .text.copysign
                0x00000000000868c8       0x14 /home/adiravishankara/Documents/MATLAB/SupportPackages/R2018a/3P.instrset/arduinoide.instrset/idepkgs/packages/arduino/tools/arm-none-eabi-gcc/4.8.3-2014q1/bin/../lib/gcc/arm-none-eabi/4.8.3/../../../../arm-none-eabi/lib/armv7-m/libm.a(lib_a-s_copysign.o)
                0x00000000000868c8                copysign
 .text          0x00000000000868dc      0x370 /home/adiravishankara/Documents/MATLAB/SupportPackages/R2018a/3P.instrset/arduinoide.instrset/idepkgs/packages/arduino/tools/arm-none-eabi-gcc/4.8.3-2014q1/bin/../lib/gcc/arm-none-eabi/4.8.3/armv7-m/libgcc.a(_arm_addsubdf3.o)
                0x00000000000868dc                __aeabi_drsub
                0x00000000000868e4                __aeabi_dsub
                0x00000000000868e4                __subdf3
                0x00000000000868e8                __adddf3
                0x00000000000868e8                __aeabi_dadd
                0x0000000000086b60                __aeabi_ui2d
                0x0000000000086b60                __floatunsidf
                0x0000000000086b80                __floatsidf
                0x0000000000086b80                __aeabi_i2d
                0x0000000000086ba4                __extendsfdf2
                0x0000000000086ba4                __aeabi_f2d
                0x0000000000086be0                __aeabi_ul2d
                0x0000000000086be0                __floatundidf
                0x0000000000086bf0                __floatdidf
                0x0000000000086bf0                __aeabi_l2d
 .text          0x0000000000086c4c      0x424 /home/adiravishankara/Documents/MATLAB/SupportPackages/R2018a/3P.instrset/arduinoide.instrset/idepkgs/packages/arduino/tools/arm-none-eabi-gcc/4.8.3-2014q1/bin/../lib/gcc/arm-none-eabi/4.8.3/armv7-m/libgcc.a(_arm_muldivdf3.o)
                0x0000000000086c4c                __aeabi_dmul
                0x0000000000086c4c                __muldf3
                0x0000000000086ea0                __aeabi_ddiv
                0x0000000000086ea0                __divdf3
 .text          0x0000000000087070      0x110 /home/adiravishankara/Documents/MATLAB/SupportPackages/R2018a/3P.instrset/arduinoide.instrset/idepkgs/packages/arduino/tools/arm-none-eabi-gcc/4.8.3-2014q1/bin/../lib/gcc/arm-none-eabi/4.8.3/armv7-m/libgcc.a(_arm_cmpdf2.o)
                0x0000000000087070                __gtdf2
                0x0000000000087070                __gedf2
                0x0000000000087078                __ltdf2
                0x0000000000087078                __ledf2
                0x0000000000087080                __cmpdf2
                0x0000000000087080                __eqdf2
                0x0000000000087080                __nedf2
                0x00000000000870fc                __aeabi_cdrcmple
                0x000000000008710c                __aeabi_cdcmple
                0x000000000008710c                __aeabi_cdcmpeq
                0x000000000008711c                __aeabi_dcmpeq
                0x0000000000087130                __aeabi_dcmplt
                0x0000000000087144                __aeabi_dcmple
                0x0000000000087158                __aeabi_dcmpge
                0x000000000008716c                __aeabi_dcmpgt
 .text          0x0000000000087180       0x50 /home/adiravishankara/Documents/MATLAB/SupportPackages/R2018a/3P.instrset/arduinoide.instrset/idepkgs/packages/arduino/tools/arm-none-eabi-gcc/4.8.3-2014q1/bin/../lib/gcc/arm-none-eabi/4.8.3/armv7-m/libgcc.a(_arm_fixdfsi.o)
                0x0000000000087180                __fixdfsi
                0x0000000000087180                __aeabi_d2iz
 .text          0x00000000000871d0       0x40 /home/adiravishankara/Documents/MATLAB/SupportPackages/R2018a/3P.instrset/arduinoide.instrset/idepkgs/packages/arduino/tools/arm-none-eabi-gcc/4.8.3-2014q1/bin/../lib/gcc/arm-none-eabi/4.8.3/armv7-m/libgcc.a(_arm_fixunsdfsi.o)
                0x00000000000871d0                __fixunsdfsi
                0x00000000000871d0                __aeabi_d2uiz
 .text.__assert_func
                0x0000000000087210       0x3c /home/adiravishankara/Documents/MATLAB/SupportPackages/R2018a/3P.instrset/arduinoide.instrset/idepkgs/packages/arduino/tools/arm-none-eabi-gcc/4.8.3-2014q1/bin/../lib/gcc/arm-none-eabi/4.8.3/../../../../arm-none-eabi/lib/armv7-m/libg.a(lib_a-assert.o)
                0x0000000000087210                __assert_func
 .text.calloc   0x000000000008724c       0x10 /home/adiravishankara/Documents/MATLAB/SupportPackages/R2018a/3P.instrset/arduinoide.instrset/idepkgs/packages/arduino/tools/arm-none-eabi-gcc/4.8.3-2014q1/bin/../lib/gcc/arm-none-eabi/4.8.3/../../../../arm-none-eabi/lib/armv7-m/libg.a(lib_a-calloc.o)
                0x000000000008724c                calloc
 .text._calloc_r
                0x000000000008725c       0x60 /home/adiravishankara/Documents/MATLAB/SupportPackages/R2018a/3P.instrset/arduinoide.instrset/idepkgs/packages/arduino/tools/arm-none-eabi-gcc/4.8.3-2014q1/bin/../lib/gcc/arm-none-eabi/4.8.3/../../../../arm-none-eabi/lib/armv7-m/libg.a(lib_a-callocr.o)
                0x000000000008725c                _calloc_r
 .text.__errno  0x00000000000872bc        0xc /home/adiravishankara/Documents/MATLAB/SupportPackages/R2018a/3P.instrset/arduinoide.instrset/idepkgs/packages/arduino/tools/arm-none-eabi-gcc/4.8.3-2014q1/bin/../lib/gcc/arm-none-eabi/4.8.3/../../../../arm-none-eabi/lib/armv7-m/libg.a(lib_a-errno.o)
                0x00000000000872bc                __errno
 .text.fiprintf
                0x00000000000872c8       0x28 /home/adiravishankara/Documents/MATLAB/SupportPackages/R2018a/3P.instrset/arduinoide.instrset/idepkgs/packages/arduino/tools/arm-none-eabi-gcc/4.8.3-2014q1/bin/../lib/gcc/arm-none-eabi/4.8.3/../../../../arm-none-eabi/lib/armv7-m/libg.a(lib_a-fiprintf.o)
                0x00000000000872c8                fiprintf
 .text.__libc_init_array
                0x00000000000872f0       0x50 /home/adiravishankara/Documents/MATLAB/SupportPackages/R2018a/3P.instrset/arduinoide.instrset/idepkgs/packages/arduino/tools/arm-none-eabi-gcc/4.8.3-2014q1/bin/../lib/gcc/arm-none-eabi/4.8.3/../../../../arm-none-eabi/lib/armv7-m/libg.a(lib_a-init.o)
                0x00000000000872f0                __libc_init_array
 .text.iprintf  0x0000000000087340       0x28 /home/adiravishankara/Documents/MATLAB/SupportPackages/R2018a/3P.instrset/arduinoide.instrset/idepkgs/packages/arduino/tools/arm-none-eabi-gcc/4.8.3-2014q1/bin/../lib/gcc/arm-none-eabi/4.8.3/../../../../arm-none-eabi/lib/armv7-m/libg.a(lib_a-iprintf.o)
                0x0000000000087340                iprintf
 .text.malloc   0x0000000000087368       0x10 /home/adiravishankara/Documents/MATLAB/SupportPackages/R2018a/3P.instrset/arduinoide.instrset/idepkgs/packages/arduino/tools/arm-none-eabi-gcc/4.8.3-2014q1/bin/../lib/gcc/arm-none-eabi/4.8.3/../../../../arm-none-eabi/lib/armv7-m/libg.a(lib_a-malloc.o)
                0x0000000000087368                malloc
 .text.free     0x0000000000087378       0x10 /home/adiravishankara/Documents/MATLAB/SupportPackages/R2018a/3P.instrset/arduinoide.instrset/idepkgs/packages/arduino/tools/arm-none-eabi-gcc/4.8.3-2014q1/bin/../lib/gcc/arm-none-eabi/4.8.3/../../../../arm-none-eabi/lib/armv7-m/libg.a(lib_a-malloc.o)
                0x0000000000087378                free
 .text._malloc_r
                0x0000000000087388      0x538 /home/adiravishankara/Documents/MATLAB/SupportPackages/R2018a/3P.instrset/arduinoide.instrset/idepkgs/packages/arduino/tools/arm-none-eabi-gcc/4.8.3-2014q1/bin/../lib/gcc/arm-none-eabi/4.8.3/../../../../arm-none-eabi/lib/armv7-m/libg.a(lib_a-mallocr.o)
                0x0000000000087388                _malloc_r
 .text          0x00000000000878c0       0xec /home/adiravishankara/Documents/MATLAB/SupportPackages/R2018a/3P.instrset/arduinoide.instrset/idepkgs/packages/arduino/tools/arm-none-eabi-gcc/4.8.3-2014q1/bin/../lib/gcc/arm-none-eabi/4.8.3/../../../../arm-none-eabi/lib/armv7-m/libg.a(lib_a-memcpy.o)
                0x00000000000878c0                memcpy
 .text.memmove  0x00000000000879ac       0xcc /home/adiravishankara/Documents/MATLAB/SupportPackages/R2018a/3P.instrset/arduinoide.instrset/idepkgs/packages/arduino/tools/arm-none-eabi-gcc/4.8.3-2014q1/bin/../lib/gcc/arm-none-eabi/4.8.3/../../../../arm-none-eabi/lib/armv7-m/libg.a(lib_a-memmove.o)
                0x00000000000879ac                memmove
 .text.memset   0x0000000000087a78       0x94 /home/adiravishankara/Documents/MATLAB/SupportPackages/R2018a/3P.instrset/arduinoide.instrset/idepkgs/packages/arduino/tools/arm-none-eabi-gcc/4.8.3-2014q1/bin/../lib/gcc/arm-none-eabi/4.8.3/../../../../arm-none-eabi/lib/armv7-m/libg.a(lib_a-memset.o)
                0x0000000000087a78                memset
 .text.__malloc_lock
                0x0000000000087b0c        0x4 /home/adiravishankara/Documents/MATLAB/SupportPackages/R2018a/3P.instrset/arduinoide.instrset/idepkgs/packages/arduino/tools/arm-none-eabi-gcc/4.8.3-2014q1/bin/../lib/gcc/arm-none-eabi/4.8.3/../../../../arm-none-eabi/lib/armv7-m/libg.a(lib_a-mlock.o)
                0x0000000000087b0c                __malloc_lock
 .text.__malloc_unlock
                0x0000000000087b10        0x4 /home/adiravishankara/Documents/MATLAB/SupportPackages/R2018a/3P.instrset/arduinoide.instrset/idepkgs/packages/arduino/tools/arm-none-eabi-gcc/4.8.3-2014q1/bin/../lib/gcc/arm-none-eabi/4.8.3/../../../../arm-none-eabi/lib/armv7-m/libg.a(lib_a-mlock.o)
                0x0000000000087b10                __malloc_unlock
 .text._realloc_r
                0x0000000000087b14      0x3c0 /home/adiravishankara/Documents/MATLAB/SupportPackages/R2018a/3P.instrset/arduinoide.instrset/idepkgs/packages/arduino/tools/arm-none-eabi-gcc/4.8.3-2014q1/bin/../lib/gcc/arm-none-eabi/4.8.3/../../../../arm-none-eabi/lib/armv7-m/libg.a(lib_a-reallocr.o)
                0x0000000000087b14                _realloc_r
 .text._sbrk_r  0x0000000000087ed4       0x24 /home/adiravishankara/Documents/MATLAB/SupportPackages/R2018a/3P.instrset/arduinoide.instrset/idepkgs/packages/arduino/tools/arm-none-eabi-gcc/4.8.3-2014q1/bin/../lib/gcc/arm-none-eabi/4.8.3/../../../../arm-none-eabi/lib/armv7-m/libg.a(lib_a-sbrkr.o)
                0x0000000000087ed4                _sbrk_r
 .text          0x0000000000087ef8      0x23c /home/adiravishankara/Documents/MATLAB/SupportPackages/R2018a/3P.instrset/arduinoide.instrset/idepkgs/packages/arduino/tools/arm-none-eabi-gcc/4.8.3-2014q1/bin/../lib/gcc/arm-none-eabi/4.8.3/../../../../arm-none-eabi/lib/armv7-m/libg.a(lib_a-strcmp.o)
                0x0000000000087ef8                strcmp
 .text.strlen   0x0000000000088134       0x60 /home/adiravishankara/Documents/MATLAB/SupportPackages/R2018a/3P.instrset/arduinoide.instrset/idepkgs/packages/arduino/tools/arm-none-eabi-gcc/4.8.3-2014q1/bin/../lib/gcc/arm-none-eabi/4.8.3/../../../../arm-none-eabi/lib/armv7-m/libg.a(lib_a-strlen.o)
                0x0000000000088134                strlen
 .text.__sprint_r.part.0
                0x0000000000088194       0x78 /home/adiravishankara/Documents/MATLAB/SupportPackages/R2018a/3P.instrset/arduinoide.instrset/idepkgs/packages/arduino/tools/arm-none-eabi-gcc/4.8.3-2014q1/bin/../lib/gcc/arm-none-eabi/4.8.3/../../../../arm-none-eabi/lib/armv7-m/libg.a(lib_a-vfiprintf.o)
 .text._vfiprintf_r
                0x000000000008820c      0xc54 /home/adiravishankara/Documents/MATLAB/SupportPackages/R2018a/3P.instrset/arduinoide.instrset/idepkgs/packages/arduino/tools/arm-none-eabi-gcc/4.8.3-2014q1/bin/../lib/gcc/arm-none-eabi/4.8.3/../../../../arm-none-eabi/lib/armv7-m/libg.a(lib_a-vfiprintf.o)
                0x000000000008820c                _vfiprintf_r
 .text.__sbprintf
                0x0000000000088e60       0x7c /home/adiravishankara/Documents/MATLAB/SupportPackages/R2018a/3P.instrset/arduinoide.instrset/idepkgs/packages/arduino/tools/arm-none-eabi-gcc/4.8.3-2014q1/bin/../lib/gcc/arm-none-eabi/4.8.3/../../../../arm-none-eabi/lib/armv7-m/libg.a(lib_a-vfiprintf.o)
 .text.__swsetup_r
                0x0000000000088edc       0xc4 /home/adiravishankara/Documents/MATLAB/SupportPackages/R2018a/3P.instrset/arduinoide.instrset/idepkgs/packages/arduino/tools/arm-none-eabi-gcc/4.8.3-2014q1/bin/../lib/gcc/arm-none-eabi/4.8.3/../../../../arm-none-eabi/lib/armv7-m/libg.a(lib_a-wsetup.o)
                0x0000000000088edc                __swsetup_r
 .text.startup.register_fini
                0x0000000000088fa0       0x14 /home/adiravishankara/Documents/MATLAB/SupportPackages/R2018a/3P.instrset/arduinoide.instrset/idepkgs/packages/arduino/tools/arm-none-eabi-gcc/4.8.3-2014q1/bin/../lib/gcc/arm-none-eabi/4.8.3/../../../../arm-none-eabi/lib/armv7-m/libg.a(lib_a-__call_atexit.o)
 .text.abort    0x0000000000088fb4       0x10 /home/adiravishankara/Documents/MATLAB/SupportPackages/R2018a/3P.instrset/arduinoide.instrset/idepkgs/packages/arduino/tools/arm-none-eabi-gcc/4.8.3-2014q1/bin/../lib/gcc/arm-none-eabi/4.8.3/../../../../arm-none-eabi/lib/armv7-m/libg.a(lib_a-abort.o)
                0x0000000000088fb4                abort
 .text.atexit   0x0000000000088fc4        0xc /home/adiravishankara/Documents/MATLAB/SupportPackages/R2018a/3P.instrset/arduinoide.instrset/idepkgs/packages/arduino/tools/arm-none-eabi-gcc/4.8.3-2014q1/bin/../lib/gcc/arm-none-eabi/4.8.3/../../../../arm-none-eabi/lib/armv7-m/libg.a(lib_a-atexit.o)
                0x0000000000088fc4                atexit
 .text.__sflush_r
                0x0000000000088fd0      0x148 /home/adiravishankara/Documents/MATLAB/SupportPackages/R2018a/3P.instrset/arduinoide.instrset/idepkgs/packages/arduino/tools/arm-none-eabi-gcc/4.8.3-2014q1/bin/../lib/gcc/arm-none-eabi/4.8.3/../../../../arm-none-eabi/lib/armv7-m/libg.a(lib_a-fflush.o)
                0x0000000000088fd0                __sflush_r
 .text._fflush_r
                0x0000000000089118       0x2c /home/adiravishankara/Documents/MATLAB/SupportPackages/R2018a/3P.instrset/arduinoide.instrset/idepkgs/packages/arduino/tools/arm-none-eabi-gcc/4.8.3-2014q1/bin/../lib/gcc/arm-none-eabi/4.8.3/../../../../arm-none-eabi/lib/armv7-m/libg.a(lib_a-fflush.o)
                0x0000000000089118                _fflush_r
 .text._cleanup_r
                0x0000000000089144        0xc /home/adiravishankara/Documents/MATLAB/SupportPackages/R2018a/3P.instrset/arduinoide.instrset/idepkgs/packages/arduino/tools/arm-none-eabi-gcc/4.8.3-2014q1/bin/../lib/gcc/arm-none-eabi/4.8.3/../../../../arm-none-eabi/lib/armv7-m/libg.a(lib_a-findfp.o)
                0x0000000000089144                _cleanup_r
 .text.__sinit  0x0000000000089150       0xf4 /home/adiravishankara/Documents/MATLAB/SupportPackages/R2018a/3P.instrset/arduinoide.instrset/idepkgs/packages/arduino/tools/arm-none-eabi-gcc/4.8.3-2014q1/bin/../lib/gcc/arm-none-eabi/4.8.3/../../../../arm-none-eabi/lib/armv7-m/libg.a(lib_a-findfp.o)
                0x0000000000089150                __sinit
 .text.__sfp_lock_acquire
                0x0000000000089244        0x4 /home/adiravishankara/Documents/MATLAB/SupportPackages/R2018a/3P.instrset/arduinoide.instrset/idepkgs/packages/arduino/tools/arm-none-eabi-gcc/4.8.3-2014q1/bin/../lib/gcc/arm-none-eabi/4.8.3/../../../../arm-none-eabi/lib/armv7-m/libg.a(lib_a-findfp.o)
                0x0000000000089244                __sfp_lock_acquire
 .text.__sfp_lock_release
                0x0000000000089248        0x4 /home/adiravishankara/Documents/MATLAB/SupportPackages/R2018a/3P.instrset/arduinoide.instrset/idepkgs/packages/arduino/tools/arm-none-eabi-gcc/4.8.3-2014q1/bin/../lib/gcc/arm-none-eabi/4.8.3/../../../../arm-none-eabi/lib/armv7-m/libg.a(lib_a-findfp.o)
                0x0000000000089248                __sfp_lock_release
 .text.__libc_fini_array
                0x000000000008924c       0x30 /home/adiravishankara/Documents/MATLAB/SupportPackages/R2018a/3P.instrset/arduinoide.instrset/idepkgs/packages/arduino/tools/arm-none-eabi-gcc/4.8.3-2014q1/bin/../lib/gcc/arm-none-eabi/4.8.3/../../../../arm-none-eabi/lib/armv7-m/libg.a(lib_a-fini.o)
                0x000000000008924c                __libc_fini_array
 .text._fputwc_r
                0x000000000008927c       0xc0 /home/adiravishankara/Documents/MATLAB/SupportPackages/R2018a/3P.instrset/arduinoide.instrset/idepkgs/packages/arduino/tools/arm-none-eabi-gcc/4.8.3-2014q1/bin/../lib/gcc/arm-none-eabi/4.8.3/../../../../arm-none-eabi/lib/armv7-m/libg.a(lib_a-fputwc.o)
                0x000000000008927c                _fputwc_r
 .text._malloc_trim_r
                0x000000000008933c       0x9c /home/adiravishankara/Documents/MATLAB/SupportPackages/R2018a/3P.instrset/arduinoide.instrset/idepkgs/packages/arduino/tools/arm-none-eabi-gcc/4.8.3-2014q1/bin/../lib/gcc/arm-none-eabi/4.8.3/../../../../arm-none-eabi/lib/armv7-m/libg.a(lib_a-freer.o)
                0x000000000008933c                _malloc_trim_r
 .text._free_r  0x00000000000893d8      0x198 /home/adiravishankara/Documents/MATLAB/SupportPackages/R2018a/3P.instrset/arduinoide.instrset/idepkgs/packages/arduino/tools/arm-none-eabi-gcc/4.8.3-2014q1/bin/../lib/gcc/arm-none-eabi/4.8.3/../../../../arm-none-eabi/lib/armv7-m/libg.a(lib_a-freer.o)
                0x00000000000893d8                _free_r
 .text.__sfvwrite_r
                0x0000000000089570      0x314 /home/adiravishankara/Documents/MATLAB/SupportPackages/R2018a/3P.instrset/arduinoide.instrset/idepkgs/packages/arduino/tools/arm-none-eabi-gcc/4.8.3-2014q1/bin/../lib/gcc/arm-none-eabi/4.8.3/../../../../arm-none-eabi/lib/armv7-m/libg.a(lib_a-fvwrite.o)
                0x0000000000089570                __sfvwrite_r
 .text._fwalk   0x0000000000089884       0x48 /home/adiravishankara/Documents/MATLAB/SupportPackages/R2018a/3P.instrset/arduinoide.instrset/idepkgs/packages/arduino/tools/arm-none-eabi-gcc/4.8.3-2014q1/bin/../lib/gcc/arm-none-eabi/4.8.3/../../../../arm-none-eabi/lib/armv7-m/libg.a(lib_a-fwalk.o)
                0x0000000000089884                _fwalk
 .text.__locale_charset
                0x00000000000898cc        0x8 /home/adiravishankara/Documents/MATLAB/SupportPackages/R2018a/3P.instrset/arduinoide.instrset/idepkgs/packages/arduino/tools/arm-none-eabi-gcc/4.8.3-2014q1/bin/../lib/gcc/arm-none-eabi/4.8.3/../../../../arm-none-eabi/lib/armv7-m/libg.a(lib_a-locale.o)
                0x00000000000898cc                __locale_charset
 .text.__locale_mb_cur_max
                0x00000000000898d4        0xc /home/adiravishankara/Documents/MATLAB/SupportPackages/R2018a/3P.instrset/arduinoide.instrset/idepkgs/packages/arduino/tools/arm-none-eabi-gcc/4.8.3-2014q1/bin/../lib/gcc/arm-none-eabi/4.8.3/../../../../arm-none-eabi/lib/armv7-m/libg.a(lib_a-locale.o)
                0x00000000000898d4                __locale_mb_cur_max
 .text.__smakebuf_r
                0x00000000000898e0       0xe0 /home/adiravishankara/Documents/MATLAB/SupportPackages/R2018a/3P.instrset/arduinoide.instrset/idepkgs/packages/arduino/tools/arm-none-eabi-gcc/4.8.3-2014q1/bin/../lib/gcc/arm-none-eabi/4.8.3/../../../../arm-none-eabi/lib/armv7-m/libg.a(lib_a-makebuf.o)
                0x00000000000898e0                __smakebuf_r
 .text.memchr   0x00000000000899c0       0x94 /home/adiravishankara/Documents/MATLAB/SupportPackages/R2018a/3P.instrset/arduinoide.instrset/idepkgs/packages/arduino/tools/arm-none-eabi-gcc/4.8.3-2014q1/bin/../lib/gcc/arm-none-eabi/4.8.3/../../../../arm-none-eabi/lib/armv7-m/libg.a(lib_a-memchr-stub.o)
                0x00000000000899c0                memchr
 .text._raise_r
                0x0000000000089a54       0x58 /home/adiravishankara/Documents/MATLAB/SupportPackages/R2018a/3P.instrset/arduinoide.instrset/idepkgs/packages/arduino/tools/arm-none-eabi-gcc/4.8.3-2014q1/bin/../lib/gcc/arm-none-eabi/4.8.3/../../../../arm-none-eabi/lib/armv7-m/libg.a(lib_a-signal.o)
                0x0000000000089a54                _raise_r
 .text.raise    0x0000000000089aac       0x10 /home/adiravishankara/Documents/MATLAB/SupportPackages/R2018a/3P.instrset/arduinoide.instrset/idepkgs/packages/arduino/tools/arm-none-eabi-gcc/4.8.3-2014q1/bin/../lib/gcc/arm-none-eabi/4.8.3/../../../../arm-none-eabi/lib/armv7-m/libg.a(lib_a-signal.o)
                0x0000000000089aac                raise
 .text._kill_r  0x0000000000089abc       0x28 /home/adiravishankara/Documents/MATLAB/SupportPackages/R2018a/3P.instrset/arduinoide.instrset/idepkgs/packages/arduino/tools/arm-none-eabi-gcc/4.8.3-2014q1/bin/../lib/gcc/arm-none-eabi/4.8.3/../../../../arm-none-eabi/lib/armv7-m/libg.a(lib_a-signalr.o)
                0x0000000000089abc                _kill_r
 .text._getpid_r
                0x0000000000089ae4        0x4 /home/adiravishankara/Documents/MATLAB/SupportPackages/R2018a/3P.instrset/arduinoide.instrset/idepkgs/packages/arduino/tools/arm-none-eabi-gcc/4.8.3-2014q1/bin/../lib/gcc/arm-none-eabi/4.8.3/../../../../arm-none-eabi/lib/armv7-m/libg.a(lib_a-signalr.o)
                0x0000000000089ae4                _getpid_r
 .text.__sread  0x0000000000089ae8       0x24 /home/adiravishankara/Documents/MATLAB/SupportPackages/R2018a/3P.instrset/arduinoide.instrset/idepkgs/packages/arduino/tools/arm-none-eabi-gcc/4.8.3-2014q1/bin/../lib/gcc/arm-none-eabi/4.8.3/../../../../arm-none-eabi/lib/armv7-m/libg.a(lib_a-stdio.o)
                0x0000000000089ae8                __sread
 .text.__swrite
                0x0000000000089b0c       0x38 /home/adiravishankara/Documents/MATLAB/SupportPackages/R2018a/3P.instrset/arduinoide.instrset/idepkgs/packages/arduino/tools/arm-none-eabi-gcc/4.8.3-2014q1/bin/../lib/gcc/arm-none-eabi/4.8.3/../../../../arm-none-eabi/lib/armv7-m/libg.a(lib_a-stdio.o)
                0x0000000000089b0c                __swrite
 .text.__sseek  0x0000000000089b44       0x20 /home/adiravishankara/Documents/MATLAB/SupportPackages/R2018a/3P.instrset/arduinoide.instrset/idepkgs/packages/arduino/tools/arm-none-eabi-gcc/4.8.3-2014q1/bin/../lib/gcc/arm-none-eabi/4.8.3/../../../../arm-none-eabi/lib/armv7-m/libg.a(lib_a-stdio.o)
                0x0000000000089b44                __sseek
 .text.__sclose
                0x0000000000089b64        0x8 /home/adiravishankara/Documents/MATLAB/SupportPackages/R2018a/3P.instrset/arduinoide.instrset/idepkgs/packages/arduino/tools/arm-none-eabi-gcc/4.8.3-2014q1/bin/../lib/gcc/arm-none-eabi/4.8.3/../../../../arm-none-eabi/lib/armv7-m/libg.a(lib_a-stdio.o)
                0x0000000000089b64                __sclose
 .text.__swbuf_r
                0x0000000000089b6c       0xa8 /home/adiravishankara/Documents/MATLAB/SupportPackages/R2018a/3P.instrset/arduinoide.instrset/idepkgs/packages/arduino/tools/arm-none-eabi-gcc/4.8.3-2014q1/bin/../lib/gcc/arm-none-eabi/4.8.3/../../../../arm-none-eabi/lib/armv7-m/libg.a(lib_a-wbuf.o)
                0x0000000000089b6c                __swbuf_r
 .text._wcrtomb_r
                0x0000000000089c14       0x50 /home/adiravishankara/Documents/MATLAB/SupportPackages/R2018a/3P.instrset/arduinoide.instrset/idepkgs/packages/arduino/tools/arm-none-eabi-gcc/4.8.3-2014q1/bin/../lib/gcc/arm-none-eabi/4.8.3/../../../../arm-none-eabi/lib/armv7-m/libg.a(lib_a-wcrtomb.o)
                0x0000000000089c14                _wcrtomb_r
 .text.__ascii_wctomb
                0x0000000000089c64       0x1c /home/adiravishankara/Documents/MATLAB/SupportPackages/R2018a/3P.instrset/arduinoide.instrset/idepkgs/packages/arduino/tools/arm-none-eabi-gcc/4.8.3-2014q1/bin/../lib/gcc/arm-none-eabi/4.8.3/../../../../arm-none-eabi/lib/armv7-m/libg.a(lib_a-wctomb_r.o)
                0x0000000000089c64                __ascii_wctomb
 .text._write_r
                0x0000000000089c80       0x28 /home/adiravishankara/Documents/MATLAB/SupportPackages/R2018a/3P.instrset/arduinoide.instrset/idepkgs/packages/arduino/tools/arm-none-eabi-gcc/4.8.3-2014q1/bin/../lib/gcc/arm-none-eabi/4.8.3/../../../../arm-none-eabi/lib/armv7-m/libg.a(lib_a-writer.o)
                0x0000000000089c80                _write_r
 .text.__register_exitproc
                0x0000000000089ca8       0xa8 /home/adiravishankara/Documents/MATLAB/SupportPackages/R2018a/3P.instrset/arduinoide.instrset/idepkgs/packages/arduino/tools/arm-none-eabi-gcc/4.8.3-2014q1/bin/../lib/gcc/arm-none-eabi/4.8.3/../../../../arm-none-eabi/lib/armv7-m/libg.a(lib_a-__atexit.o)
                0x0000000000089ca8                __register_exitproc
 .text._close_r
                0x0000000000089d50       0x24 /home/adiravishankara/Documents/MATLAB/SupportPackages/R2018a/3P.instrset/arduinoide.instrset/idepkgs/packages/arduino/tools/arm-none-eabi-gcc/4.8.3-2014q1/bin/../lib/gcc/arm-none-eabi/4.8.3/../../../../arm-none-eabi/lib/armv7-m/libg.a(lib_a-closer.o)
                0x0000000000089d50                _close_r
 .text._fclose_r
                0x0000000000089d74       0x80 /home/adiravishankara/Documents/MATLAB/SupportPackages/R2018a/3P.instrset/arduinoide.instrset/idepkgs/packages/arduino/tools/arm-none-eabi-gcc/4.8.3-2014q1/bin/../lib/gcc/arm-none-eabi/4.8.3/../../../../arm-none-eabi/lib/armv7-m/libg.a(lib_a-fclose.o)
                0x0000000000089d74                _fclose_r
 .text.fclose   0x0000000000089df4       0x10 /home/adiravishankara/Documents/MATLAB/SupportPackages/R2018a/3P.instrset/arduinoide.instrset/idepkgs/packages/arduino/tools/arm-none-eabi-gcc/4.8.3-2014q1/bin/../lib/gcc/arm-none-eabi/4.8.3/../../../../arm-none-eabi/lib/armv7-m/libg.a(lib_a-fclose.o)
                0x0000000000089df4                fclose
 .text._fstat_r
                0x0000000000089e04       0x28 /home/adiravishankara/Documents/MATLAB/SupportPackages/R2018a/3P.instrset/arduinoide.instrset/idepkgs/packages/arduino/tools/arm-none-eabi-gcc/4.8.3-2014q1/bin/../lib/gcc/arm-none-eabi/4.8.3/../../../../arm-none-eabi/lib/armv7-m/libg.a(lib_a-fstatr.o)
                0x0000000000089e04                _fstat_r
 .text._isatty_r
                0x0000000000089e2c       0x24 /home/adiravishankara/Documents/MATLAB/SupportPackages/R2018a/3P.instrset/arduinoide.instrset/idepkgs/packages/arduino/tools/arm-none-eabi-gcc/4.8.3-2014q1/bin/../lib/gcc/arm-none-eabi/4.8.3/../../../../arm-none-eabi/lib/armv7-m/libg.a(lib_a-isattyr.o)
                0x0000000000089e2c                _isatty_r
 .text._lseek_r
                0x0000000000089e50       0x28 /home/adiravishankara/Documents/MATLAB/SupportPackages/R2018a/3P.instrset/arduinoide.instrset/idepkgs/packages/arduino/tools/arm-none-eabi-gcc/4.8.3-2014q1/bin/../lib/gcc/arm-none-eabi/4.8.3/../../../../arm-none-eabi/lib/armv7-m/libg.a(lib_a-lseekr.o)
                0x0000000000089e50                _lseek_r
 .text._read_r  0x0000000000089e78       0x28 /home/adiravishankara/Documents/MATLAB/SupportPackages/R2018a/3P.instrset/arduinoide.instrset/idepkgs/packages/arduino/tools/arm-none-eabi-gcc/4.8.3-2014q1/bin/../lib/gcc/arm-none-eabi/4.8.3/../../../../arm-none-eabi/lib/armv7-m/libg.a(lib_a-readr.o)
                0x0000000000089e78                _read_r
 .text          0x0000000000089ea0       0x2c /home/adiravishankara/Documents/MATLAB/SupportPackages/R2018a/3P.instrset/arduinoide.instrset/idepkgs/packages/arduino/tools/arm-none-eabi-gcc/4.8.3-2014q1/bin/../lib/gcc/arm-none-eabi/4.8.3/armv7-m/libgcc.a(_aeabi_uldivmod.o)
                0x0000000000089ea0                __aeabi_uldivmod
 .text          0x0000000000089ecc       0x60 /home/adiravishankara/Documents/MATLAB/SupportPackages/R2018a/3P.instrset/arduinoide.instrset/idepkgs/packages/arduino/tools/arm-none-eabi-gcc/4.8.3-2014q1/bin/../lib/gcc/arm-none-eabi/4.8.3/armv7-m/libgcc.a(bpabi.o)
                0x0000000000089ecc                __gnu_ldivmod_helper
                0x0000000000089efc                __gnu_uldivmod_helper
 .text          0x0000000000089f2c        0x4 /home/adiravishankara/Documents/MATLAB/SupportPackages/R2018a/3P.instrset/arduinoide.instrset/idepkgs/packages/arduino/tools/arm-none-eabi-gcc/4.8.3-2014q1/bin/../lib/gcc/arm-none-eabi/4.8.3/armv7-m/libgcc.a(_dvmd_tls.o)
                0x0000000000089f2c                __aeabi_ldiv0
                0x0000000000089f2c                __aeabi_idiv0
 .text          0x0000000000089f30      0x2a0 /home/adiravishankara/Documents/MATLAB/SupportPackages/R2018a/3P.instrset/arduinoide.instrset/idepkgs/packages/arduino/tools/arm-none-eabi-gcc/4.8.3-2014q1/bin/../lib/gcc/arm-none-eabi/4.8.3/armv7-m/libgcc.a(_divdi3.o)
                0x0000000000089f30                __divdi3
 .text          0x000000000008a1d0      0x290 /home/adiravishankara/Documents/MATLAB/SupportPackages/R2018a/3P.instrset/arduinoide.instrset/idepkgs/packages/arduino/tools/arm-none-eabi-gcc/4.8.3-2014q1/bin/../lib/gcc/arm-none-eabi/4.8.3/armv7-m/libgcc.a(_udivdi3.o)
                0x000000000008a1d0                __udivdi3
 *(.glue_7t)
 .glue_7t       0x0000000000000000        0x0 linker stubs
 *(.glue_7)
 .glue_7        0x0000000000000000        0x0 linker stubs
 *(.rodata .rodata* .gnu.linkonce.r.*)
 .rodata.Final_test_M
                0x000000000008a460        0x4 Final_test.o
                0x000000000008a460                Final_test_M
 .rodata.rtAlwaysEnabled.10531
                0x000000000008a464        0x1 Final_test.o
 .rodata.str1.1
                0x000000000008a465      0x105 Final_test.o
                                        0x11c (size before relaxing)
 *fill*         0x000000000008a56a        0x6 
 .rodata.b_b.10456
                0x000000000008a570       0x20 Final_test.o
 .rodata.str1.1
                0x000000000008a590       0x19 syscalls_sam3.o
 *fill*         0x000000000008a5a9        0x3 
 .rodata.channelToId.9433
                0x000000000008a5ac       0x48 wiring_analog.o
 .rodata.channelToTC.9432
                0x000000000008a5f4       0x48 wiring_analog.o
 .rodata.channelToChNo.9430
                0x000000000008a63c       0x48 wiring_analog.o
 .rodata.channelToAB.9431
                0x000000000008a684       0x48 wiring_analog.o
 *fill*         0x000000000008a6cc        0x4 
 .rodata._ZTV9IPAddress
                0x000000000008a6d0       0x10 IPAddress.o
                0x000000000008a6d0                vtable for IPAddress
 .rodata._ZTV9UARTClass
                0x000000000008a6e0       0x30 UARTClass.o
                0x000000000008a6e0                vtable for UARTClass
 .rodata._ZTV10USARTClass
                0x000000000008a710       0x30 USARTClass.o
                0x000000000008a710                vtable for USARTClass
 .rodata._ZTV7Serial_
                0x000000000008a740       0x28 CDC.o
                0x000000000008a740                vtable for Serial_
 .rodata._ZL18_cdcOtherInterface
                0x000000000008a768       0x42 CDC.o
 .rodata._ZL13_cdcInterface
                0x000000000008a7aa       0x42 CDC.o
 .rodata.STRING_PRODUCT
                0x000000000008a7ec        0xc USBCore.o
                0x000000000008a7ec                STRING_PRODUCT
 .rodata.USB_DeviceDescriptor
                0x000000000008a7f8       0x12 USBCore.o
                0x000000000008a7f8                USB_DeviceDescriptor
 .rodata.STRING_LANGUAGE
                0x000000000008a80a        0x4 USBCore.o