Archive member included because of file (symbol)

/home/adiravishankara/Documents/MATLAB/SupportPackages/R2018a/3P.instrset/arduinoide.instrset/idepkgs/packages/arduino/hardware/sam/1.6.11/variants/arduino_due_x/libsam_sam3x8e_gcc_rel.a(startup_sam3xa.o)
                              (Reset_Handler)
/home/adiravishankara/Documents/MATLAB/SupportPackages/R2018a/3P.instrset/arduinoide.instrset/idepkgs/packages/arduino/hardware/sam/1.6.11/variants/arduino_due_x/libsam_sam3x8e_gcc_rel.a(uotghs.o)
                              /home/adiravishankara/Documents/MATLAB/SupportPackages/R2018a/3P.instrset/arduinoide.instrset/idepkgs/packages/arduino/hardware/sam/1.6.11/variants/arduino_due_x/libsam_sam3x8e_gcc_rel.a(startup_sam3xa.o) (UOTGHS_Handler)
/home/adiravishankara/Documents/MATLAB/SupportPackages/R2018a/3P.instrset/arduinoide.instrset/idepkgs/packages/arduino/hardware/sam/1.6.11/variants/arduino_due_x/libsam_sam3x8e_gcc_rel.a(pio.o)
                              wiring_digital.o (PIO_PullUp)
/home/adiravishankara/Documents/MATLAB/SupportPackages/R2018a/3P.instrset/arduinoide.instrset/idepkgs/packages/arduino/hardware/sam/1.6.11/variants/arduino_due_x/libsam_sam3x8e_gcc_rel.a(pmc.o)
                              WInterrupts.o (pmc_enable_periph_clk)
/home/adiravishankara/Documents/MATLAB/SupportPackages/R2018a/3P.instrset/arduinoide.instrset/idepkgs/packages/arduino/hardware/sam/1.6.11/variants/arduino_due_x/libsam_sam3x8e_gcc_rel.a(pwmc.o)
                              wiring_analog.o (PWMC_ConfigureChannel)
/home/adiravishankara/Documents/MATLAB/SupportPackages/R2018a/3P.instrset/arduinoide.instrset/idepkgs/packages/arduino/hardware/sam/1.6.11/variants/arduino_due_x/libsam_sam3x8e_gcc_rel.a(tc.o)
                              wiring_analog.o (TC_Configure)
/home/adiravishankara/Documents/MATLAB/SupportPackages/R2018a/3P.instrset/arduinoide.instrset/idepkgs/packages/arduino/hardware/sam/1.6.11/variants/arduino_due_x/libsam_sam3x8e_gcc_rel.a(timetick.o)
                              cortex_handlers.o (TimeTick_Increment)
/home/adiravishankara/Documents/MATLAB/SupportPackages/R2018a/3P.instrset/arduinoide.instrset/idepkgs/packages/arduino/hardware/sam/1.6.11/variants/arduino_due_x/libsam_sam3x8e_gcc_rel.a(wdt.o)
                              watchdog.o (WDT_Enable)
/home/adiravishankara/Documents/MATLAB/SupportPackages/R2018a/3P.instrset/arduinoide.instrset/idepkgs/packages/arduino/hardware/sam/1.6.11/variants/arduino_due_x/libsam_sam3x8e_gcc_rel.a(system_sam3xa.o)
                              variant.o (SystemInit)
/home/adiravishankara/Documents/MATLAB/SupportPackages/R2018a/3P.instrset/arduinoide.instrset/idepkgs/packages/arduino/hardware/sam/1.6.11/variants/arduino_due_x/libsam_sam3x8e_gcc_rel.a(adc.o)
                              variant.o (adc_init)
/home/adiravishankara/Documents/MATLAB/SupportPackages/R2018a/3P.instrset/arduinoide.instrset/idepkgs/packages/arduino/hardware/sam/1.6.11/variants/arduino_due_x/libsam_sam3x8e_gcc_rel.a(interrupt_sam_nvic.o)
                              USBCore.o (g_interrupt_enabled)
/home/adiravishankara/Documents/MATLAB/SupportPackages/R2018a/3P.instrset/arduinoide.instrset/idepkgs/packages/arduino/hardware/sam/1.6.11/variants/arduino_due_x/libsam_sam3x8e_gcc_rel.a(uotghs_device.o)
                              USBCore.o (UDD_SetStack)
/home/adiravishankara/Documents/MATLAB/SupportPackages/R2018a/3P.instrset/arduinoide.instrset/idepkgs/packages/arduino/hardware/sam/1.6.11/variants/arduino_due_x/libsam_sam3x8e_gcc_rel.a(dacc.o)
                              wiring_analog.o (dacc_reset)
/home/adiravishankara/Documents/MATLAB/SupportPackages/R2018a/3P.instrset/arduinoide.instrset/idepkgs/packages/arduino/tools/arm-none-eabi-gcc/4.8.3-2014q1/bin/../lib/gcc/arm-none-eabi/4.8.3/../../../../arm-none-eabi/lib/armv7-m/libm.a(lib_a-s_fpclassify.o)
                              Print.o (__fpclassifyd)
/home/adiravishankara/Documents/MATLAB/SupportPackages/R2018a/3P.instrset/arduinoide.instrset/idepkgs/packages/arduino/tools/arm-none-eabi-gcc/4.8.3-2014q1/bin/../lib/gcc/arm-none-eabi/4.8.3/armv7-m/libgcc.a(_arm_addsubdf3.o)
                              step_test.o (__aeabi_dsub)
/home/adiravishankara/Documents/MATLAB/SupportPackages/R2018a/3P.instrset/arduinoide.instrset/idepkgs/packages/arduino/tools/arm-none-eabi-gcc/4.8.3-2014q1/bin/../lib/gcc/arm-none-eabi/4.8.3/armv7-m/libgcc.a(_arm_muldivdf3.o)
                              step_test.o (__aeabi_dmul)
/home/adiravishankara/Documents/MATLAB/SupportPackages/R2018a/3P.instrset/arduinoide.instrset/idepkgs/packages/arduino/tools/arm-none-eabi-gcc/4.8.3-2014q1/bin/../lib/gcc/arm-none-eabi/4.8.3/armv7-m/libgcc.a(_arm_cmpdf2.o)
                              step_test.o (__aeabi_dcmpeq)
/home/adiravishankara/Documents/MATLAB/SupportPackages/R2018a/3P.instrset/arduinoide.instrset/idepkgs/packages/arduino/tools/arm-none-eabi-gcc/4.8.3-2014q1/bin/../lib/gcc/arm-none-eabi/4.8.3/armv7-m/libgcc.a(_arm_fixdfsi.o)
[...]
Memory Configuration

Name             Origin             Length             Attributes
rom              0x0000000000080000 0x0000000000080000 xr
sram0            0x0000000020000000 0x0000000000010000 xrw
sram1            0x0000000020080000 0x0000000000008000 xrw
ram              0x0000000020070000 0x0000000000018000 xrw
*default*        0x0000000000000000 0xffffffffffffffff

Linker script and memory map

LOAD /home/adiravishankara/Documents/MATLAB/SupportPackages/R2018a/3P.instrset/arduinoide.instrset/idepkgs/packages/arduino/tools/arm-none-eabi-gcc/4.8.3-2014q1/bin/../lib/gcc/arm-none-eabi/4.8.3/armv7-m/crti.o
LOAD /home/adiravishankara/Documents/MATLAB/SupportPackages/R2018a/3P.instrset/arduinoide.instrset/idepkgs/packages/arduino/tools/arm-none-eabi-gcc/4.8.3-2014q1/bin/../lib/gcc/arm-none-eabi/4.8.3/armv7-m/crtbegin.o
LOAD /home/adiravishankara/Documents/MATLAB/SupportPackages/R2018a/3P.instrset/arduinoide.instrset/idepkgs/packages/arduino/tools/arm-none-eabi-gcc/4.8.3-2014q1/bin/../lib/gcc/arm-none-eabi/4.8.3/../../../../arm-none-eabi/lib/armv7-m/crt0.o
START GROUP
LOAD /home/adiravishankara/Documents/MATLAB/SupportPackages/R2018a/3P.instrset/arduinoide.instrset/idepkgs/packages/arduino/hardware/sam/1.6.11/variants/arduino_due_x/libsam_sam3x8e_gcc_rel.a
LOAD MW_PWM.o
LOAD MW_AnalogInput.o
LOAD step_test.o
LOAD step_test_data.o
LOAD updown.o
LOAD ext_work.o
LOAD rtiostream_utils.o
LOAD wiring_pulse_asm.S.o
LOAD dtostrf.o
LOAD cortex_handlers.o
LOAD hooks.o
LOAD iar_calls_sam3.o
LOAD itoa.o
LOAD syscalls_sam3.o
LOAD WInterrupts.o
LOAD wiring.o
LOAD wiring_analog.o
LOAD wiring_digital.o
LOAD wiring_shift.o
LOAD abi.o
LOAD IPAddress.o
LOAD new.o
LOAD Print.o
LOAD Reset.o
LOAD RingBuffer.o
LOAD Stream.o
LOAD UARTClass.o
LOAD USARTClass.o
LOAD CDC.o
LOAD PluggableUSB.o
LOAD USBCore.o
LOAD wiring_pulse.o
LOAD WMath.o
LOAD WString.o
LOAD watchdog.o
LOAD variant.o
LOAD MW_ArduinoHWInit.o
LOAD io_wrappers.o
LOAD arduinoARMScheduler.o
LOAD arm_cortex_m_multitasking.o
LOAD rtiostream_interface.o
LOAD ext_svr_daemon.o
LOAD rtiostream_serial_daemon.o
LOAD daemon_checksum.o
LOAD ert_main.o
END GROUP
LOAD /home/adiravishankara/Documents/MATLAB/SupportPackages/R2018a/3P.instrset/arduinoide.instrset/idepkgs/packages/arduino/tools/arm-none-eabi-gcc/4.8.3-2014q1/bin/../lib/gcc/arm-none-eabi/4.8.3/../../../../arm-none-eabi/lib/armv7-m/libm.a
START GROUP
LOAD /home/adiravishankara/Documents/MATLAB/SupportPackages/R2018a/3P.instrset/arduinoide.instrset/idepkgs/packages/arduino/tools/arm-none-eabi-gcc/4.8.3-2014q1/bin/../lib/gcc/arm-none-eabi/4.8.3/armv7-m/libgcc.a
LOAD /home/adiravishankara/Documents/MATLAB/SupportPackages/R2018a/3P.instrset/arduinoide.instrset/idepkgs/packages/arduino/tools/arm-none-eabi-gcc/4.8.3-2014q1/bin/../lib/gcc/arm-none-eabi/4.8.3/../../../../arm-none-eabi/lib/armv7-m/libg.a
LOAD /home/adiravishankara/Documents/MATLAB/SupportPackages/R2018a/3P.instrset/arduinoide.instrset/idepkgs/packages/arduino/tools/arm-none-eabi-gcc/4.8.3-2014q1/bin/../lib/gcc/arm-none-eabi/4.8.3/../../../../arm-none-eabi/lib/armv7-m/libc.a
END GROUP
LOAD /home/adiravishankara/Documents/MATLAB/SupportPackages/R2018a/3P.instrset/arduinoide.instrset/idepkgs/packages/arduino/tools/arm-none-eabi-gcc/4.8.3-2014q1/bin/../lib/gcc/arm-none-eabi/4.8.3/armv7-m/crtend.o
LOAD /home/adiravishankara/Documents/MATLAB/SupportPackages/R2018a/3P.instrset/arduinoide.instrset/idepkgs/packages/arduino/tools/arm-none-eabi-gcc/4.8.3-2014q1/bin/../lib/gcc/arm-none-eabi/4.8.3/armv7-m/crtn.o

.text           0x0000000000080000     0x9a7c
                0x0000000000080000                . = ALIGN (0x4)
                0x0000000000080000                _sfixed = .
 *(.vectors .vectors.*)
 .vectors       0x0000000000080000       0xf4 /home/adiravishankara/Documents/MATLAB/SupportPackages/R2018a/3P.instrset/arduinoide.instrset/idepkgs/packages/arduino/hardware/sam/1.6.11/variants/arduino_due_x/libsam_sam3x8e_gcc_rel.a(startup_sam3xa.o)
                0x0000000000080000                exception_table
 *(.text .text.* .gnu.linkonce.t.*)
 .text          0x00000000000800f4       0x54 /home/adiravishankara/Documents/MATLAB/SupportPackages/R2018a/3P.instrset/arduinoide.instrset/idepkgs/packages/arduino/tools/arm-none-eabi-gcc/4.8.3-2014q1/bin/../lib/gcc/arm-none-eabi/4.8.3/armv7-m/crtbegin.o
 .text.Reset_Handler
                0x0000000000080148       0x78 /home/adiravishankara/Documents/MATLAB/SupportPackages/R2018a/3P.instrset/arduinoide.instrset/idepkgs/packages/arduino/hardware/sam/1.6.11/variants/arduino_due_x/libsam_sam3x8e_gcc_rel.a(startup_sam3xa.o)
                0x0000000000080148                Reset_Handler
 .text.UOTGHS_Handler
                0x00000000000801c0       0x10 /home/adiravishankara/Documents/MATLAB/SupportPackages/R2018a/3P.instrset/arduinoide.instrset/idepkgs/packages/arduino/hardware/sam/1.6.11/variants/arduino_due_x/libsam_sam3x8e_gcc_rel.a(uotghs.o)
                0x00000000000801c0                UOTGHS_Handler
 .text.MW_PWM_Open
                0x00000000000801d0        0xe MW_PWM.o
                0x00000000000801d0                MW_PWM_Open
 .text.MW_PWM_Start
                0x00000000000801de        0x2 MW_PWM.o
                0x00000000000801de                MW_PWM_Start
 .text.MW_PWM_SetDutyCycle
                0x00000000000801e0       0x18 MW_PWM.o
                0x00000000000801e0                MW_PWM_SetDutyCycle
 .text.MW_AnalogInSingle_Open
                0x00000000000801f8       0x18 MW_AnalogInput.o
                0x00000000000801f8                MW_AnalogInSingle_Open
 .text.MW_AnalogIn_SetTriggerSource
                0x0000000000080210        0x2 MW_AnalogInput.o
                0x0000000000080210                MW_AnalogIn_SetTriggerSource
 .text.MW_AnalogInSingle_ReadResult
                0x0000000000080212        0xe MW_AnalogInput.o
                0x0000000000080212                MW_AnalogInSingle_ReadResult
 .text.MW_AnalogIn_Start
                0x0000000000080220        0x2 MW_AnalogInput.o
                0x0000000000080220                MW_AnalogIn_Start
 *fill*         0x0000000000080222        0x6 
 .text.step_test_step
                0x0000000000080228      0x7b8 step_test.o
                0x0000000000080228                step_test_step
 .text.step_test_initialize
                0x00000000000809e0      0x3e0 step_test.o
                0x00000000000809e0                step_test_initialize
 .text.step_test_terminate
                0x0000000000080dc0       0xc4 step_test.o
                0x0000000000080dc0                step_test_terminate
 .text.UploadBufAssignMem
                0x0000000000080e84       0x6a updown.o
 *fill*         0x0000000000080eee        0x2 
 .text.UploadDestroyTrigger
                0x0000000000080ef0       0x54 updown.o
 .text.InitUploadSection.isra.0
                0x0000000000080f44       0x34 updown.o
 .text.SetParam
                0x0000000000080f78       0x72 updown.o
                0x0000000000080f78                SetParam
 *fill*         0x0000000000080fea        0x2 
 .text.UploadLogInfoReset
                0x0000000000080fec       0x3c updown.o
                0x0000000000080fec                UploadLogInfoReset
 .text.UploadLogInfoTerm
                0x0000000000081028       0xa4 updown.o
                0x0000000000081028                UploadLogInfoTerm
 .text.UploadPrepareForFinalFlush
                0x00000000000810cc       0x24 updown.o
                0x00000000000810cc                UploadPrepareForFinalFlush
 .text.UploadLogInfoInit
                0x00000000000810f0      0x1ac updown.o
                0x00000000000810f0                UploadLogInfoInit
 .text.UploadInitTrigger
                0x000000000008129c       0xe4 updown.o
                0x000000000008129c                UploadInitTrigger
 .text.UploadArmTrigger
                0x0000000000081380       0x50 updown.o
                0x0000000000081380                UploadArmTrigger
 .text.UploadEndLoggingSession
                0x00000000000813d0       0x18 updown.o
                0x00000000000813d0                UploadEndLoggingSession
 .text.UploadCancelLogging
                0x00000000000813e8       0x34 updown.o
                0x00000000000813e8                UploadCancelLogging
 .text.UploadBufDataSent
                0x000000000008141c       0x34 updown.o
                0x000000000008141c                UploadBufDataSent
 .text.UploadBufAddTimePoint
                0x0000000000081450      0x340 updown.o
                0x0000000000081450                UploadBufAddTimePoint
 .text.UploadCheckTrigger
                0x0000000000081790       0x54 updown.o
                0x0000000000081790                UploadCheckTrigger
 .text.UploadCheckEndTrigger
                0x00000000000817e4       0x28 updown.o
                0x00000000000817e4                UploadCheckEndTrigger
 .text.UploadBufGetData
                0x000000000008180c       0xf0 updown.o
                0x000000000008180c                UploadBufGetData
 .text.rtExtModeWaitForStartPkt
                0x00000000000818fc       0x50 ext_work.o
                0x00000000000818fc                rtExtModeWaitForStartPkt
 .text.rtExtModeOneStep
                0x000000000008194c       0x20 ext_work.o
                0x000000000008194c                rtExtModeOneStep
 .text.rtExtModeUpload
                0x000000000008196c        0x4 ext_work.o
                0x000000000008196c                rtExtModeUpload
 .text.rtExtModeCheckEndTrigger
                0x0000000000081970        0x4 ext_work.o
                0x0000000000081970                rtExtModeCheckEndTrigger
 .text.rtExtModeUploadCheckTrigger
                0x0000000000081974        0x4 ext_work.o
                0x0000000000081974                rtExtModeUploadCheckTrigger
 .text.rtExtModeCheckInit
                0x0000000000081978        0x4 ext_work.o
                0x0000000000081978                rtExtModeCheckInit
 .text.rtExtModeShutdown
                0x000000000008197c        0x4 ext_work.o
                0x000000000008197c                rtExtModeShutdown
 .text.rtSetTFinalForExtMode
                0x0000000000081980        0x2 ext_work.o
                0x0000000000081980                rtSetTFinalForExtMode
 .text.rtParseArgsForExtMode
                0x0000000000081982        0x8 ext_work.o
                0x0000000000081982                rtParseArgsForExtMode
 .text.rtERTExtModeStartMsg
                0x000000000008198a        0x2 ext_work.o
                0x000000000008198a                rtERTExtModeStartMsg
 .text.rtIOStreamBlockingSend
                0x000000000008198c       0x32 rtiostream_utils.o
                0x000000000008198c                rtIOStreamBlockingSend
 .text.__halt   0x00000000000819be        0x2 cortex_handlers.o
                0x00000000000819be                DACC_Handler
                0x00000000000819be                DebugMon_Handler
                0x00000000000819be                DMAC_Handler
                0x00000000000819be                TRNG_Handler
                0x00000000000819be                HardFault_Handler
                0x00000000000819be                TC2_Handler
                0x00000000000819be                TWI1_Handler
                0x00000000000819be                NMI_Handler
                0x00000000000819be                ADC_Handler
                0x00000000000819be                SMC_Handler
                0x00000000000819be                RTT_Handler
                0x00000000000819be                EFC1_Handler
                0x00000000000819be                RTC_Handler
                0x00000000000819be                UsageFault_Handler
                0x00000000000819be                TC6_Handler
                0x00000000000819be                WDT_Handler
                0x00000000000819be                CAN0_Handler
                0x00000000000819be                TC4_Handler
                0x00000000000819be                TC1_Handler
                0x00000000000819be                HSMCI_Handler
                0x00000000000819be                TC3_Handler
                0x00000000000819be                TWI0_Handler
                0x00000000000819be                SSC_Handler
                0x00000000000819be                EFC0_Handler
                0x00000000000819be                PMC_Handler
                0x00000000000819be                PWM_Handler
                0x00000000000819be                CAN1_Handler
                0x00000000000819be                MemManage_Handler
                0x00000000000819be                SUPC_Handler
                0x00000000000819be                TC8_Handler
                0x00000000000819be                USART2_Handler
                0x00000000000819be                EMAC_Handler
                0x00000000000819be                BusFault_Handler
                0x00000000000819be                RSTC_Handler
                0x00000000000819be                TC0_Handler
                0x00000000000819be                TC5_Handler
                0x00000000000819be                SPI0_Handler
 .text.SVC_Handler
                0x00000000000819c0        0x4 cortex_handlers.o
                0x00000000000819c0                SVC_Handler
 .text.PendSV_Handler
                0x00000000000819c4        0x4 cortex_handlers.o
                0x00000000000819c4                PendSV_Handler
 .text.SysTick_Handler
                0x00000000000819c8       0x16 cortex_handlers.o
                0x00000000000819c8                SysTick_Handler
 .text.__empty  0x00000000000819de        0x2 hooks.o
                0x00000000000819de                yield
 .text.__false  0x00000000000819e0        0x4 hooks.o
                0x00000000000819e0                sysTickHook
 .text.__halt   0x00000000000819e4        0x2 hooks.o
                0x00000000000819e4                pendSVHook
 *fill*         0x00000000000819e6        0x2 
 .text._sbrk    0x00000000000819e8       0x1c syscalls_sam3.o
                0x00000000000819e8                _sbrk
 .text._close   0x0000000000081a04        0x6 syscalls_sam3.o
                0x0000000000081a04                _close
 .text._fstat   0x0000000000081a0a        0xa syscalls_sam3.o
                0x0000000000081a0a                _fstat
 .text._isatty  0x0000000000081a14        0x4 syscalls_sam3.o
                0x0000000000081a14                _isatty
 .text._lseek   0x0000000000081a18        0x4 syscalls_sam3.o
                0x0000000000081a18                _lseek
 .text._read    0x0000000000081a1c        0x4 syscalls_sam3.o
                0x0000000000081a1c                _read
 .text._write   0x0000000000081a20       0x24 syscalls_sam3.o
                0x0000000000081a20                _write
 .text._exit    0x0000000000081a44       0x10 syscalls_sam3.o
                0x0000000000081a44                _exit
 .text._kill    0x0000000000081a54        0x2 syscalls_sam3.o
                0x0000000000081a54                _kill
 .text._getpid  0x0000000000081a56        0x6 syscalls_sam3.o
                0x0000000000081a56                _getpid
 .text.PIOA_Handler
                0x0000000000081a5c       0x38 WInterrupts.o
                0x0000000000081a5c                PIOA_Handler
 .text.PIOB_Handler
                0x0000000000081a94       0x38 WInterrupts.o
                0x0000000000081a94                PIOB_Handler
 .text.PIOC_Handler
                0x0000000000081acc       0x38 WInterrupts.o
                0x0000000000081acc                PIOC_Handler
 .text.PIOD_Handler
                0x0000000000081b04       0x38 WInterrupts.o
                0x0000000000081b04                PIOD_Handler
 .text.delay    0x0000000000081b3c       0x1c wiring.o
                0x0000000000081b3c                delay
 .text.mapResolution
                0x0000000000081b58       0x12 wiring_analog.o
 *fill*         0x0000000000081b6a        0x2 
 .text.analogRead
                0x0000000000081b6c       0x9c wiring_analog.o
                0x0000000000081b6c                analogRead
 .text.analogOutputInit
                0x0000000000081c08        0x2 wiring_analog.o
                0x0000000000081c08                analogOutputInit
 *fill*         0x0000000000081c0a        0x2 
 .text.analogWrite
                0x0000000000081c0c      0x2c0 wiring_analog.o
                0x0000000000081c0c                analogWrite
 .text.pinMode  0x0000000000081ecc      0x108 wiring_digital.o
                0x0000000000081ecc                pinMode
 .text.digitalWrite
                0x0000000000081fd4       0x70 wiring_digital.o
                0x0000000000081fd4                digitalWrite
 .text._ZNK9IPAddress7printToER5Print
                0x0000000000082044       0x3c IPAddress.o
                0x0000000000082044                IPAddress::printTo(Print&) const
 .text.startup._GLOBAL__sub_I__ZN9IPAddressC2Ev
                0x0000000000082080       0x1c IPAddress.o
 .text._ZN5Print5writeEPKhj
                0x000000000008209c       0x22 Print.o
                0x000000000008209c                Print::write(unsigned char const*, unsigned int)
 .text._ZN5Print5printEmi.part.3
                0x00000000000820be        0xc Print.o
 .text._ZN5Print5writeEPKc
                0x00000000000820ca       0x1e Print.o
                0x00000000000820ca                Print::write(char const*)
 .text._ZN5Print5printEc
                0x00000000000820e8        0xa Print.o
                0x00000000000820e8                Print::print(char)
 .text._ZN5Print11printNumberEmh
                0x00000000000820f2       0x3e Print.o
                0x00000000000820f2                Print::printNumber(unsigned long, unsigned char)
 .text._ZN5Print5printEmi
                0x0000000000082130        0xc Print.o
                0x0000000000082130                Print::print(unsigned long, int)
 .text._ZN5Print5printEhi
                0x000000000008213c        0x4 Print.o
                0x000000000008213c                Print::print(unsigned char, int)
 .text.initiateReset
                0x0000000000082140        0xc Reset.o
                0x0000000000082140                initiateReset
 .text.cancelReset
                0x000000000008214c       0x10 Reset.o
                0x000000000008214c                cancelReset
 .text.tickReset
                0x000000000008215c       0x20 Reset.o
                0x000000000008215c                tickReset
 .text._ZN10RingBufferC2Ev
                0x000000000008217c       0x1a RingBuffer.o
                0x000000000008217c                RingBuffer::RingBuffer()
                0x000000000008217c                RingBuffer::RingBuffer()
 .text._ZN10RingBuffer10store_charEh
                0x0000000000082196       0x1e RingBuffer.o
                0x0000000000082196                RingBuffer::store_char(unsigned char)
 .text._ZN9UARTClasscvbEv
                0x00000000000821b4        0x4 UARTClass.o
                0x00000000000821b4                UARTClass::operator bool()
 .text._ZN9UARTClass9availableEv
                0x00000000000821b8       0x12 UARTClass.o
                0x00000000000821b8                UARTClass::available()
 .text._ZN9UARTClass4peekEv
                0x00000000000821ca       0x1c UARTClass.o
                0x00000000000821ca                UARTClass::peek()
 .text._ZN9UARTClass4readEv
                0x00000000000821e6       0x2a UARTClass.o
                0x00000000000821e6                UARTClass::read()
 .text._ZN9UARTClass5flushEv
                0x0000000000082210       0x18 UARTClass.o
                0x0000000000082210                UARTClass::flush()
 .text._ZN9UARTClass5writeEh
                0x0000000000082228       0x54 UARTClass.o
                0x0000000000082228                UARTClass::write(unsigned char)
 .text._ZN9UARTClass3endEv
                0x000000000008227c       0x3c UARTClass.o
                0x000000000008227c                UARTClass::end()
 .text._ZN9UARTClassC2EP4Uart4IRQnmP10RingBufferS4_
                0x00000000000822b8       0x24 UARTClass.o
                0x00000000000822b8                UARTClass::UARTClass(Uart*, IRQn, unsigned long, RingBuffer*, RingBuffer*)
                0x00000000000822b8                UARTClass::UARTClass(Uart*, IRQn, unsigned long, RingBuffer*, RingBuffer*)
 .text._ZN9UARTClass4initEmm
                0x00000000000822dc       0x70 UARTClass.o
                0x00000000000822dc                UARTClass::init(unsigned long, unsigned long)
 .text._ZN9UARTClass5beginEm
                0x000000000008234c        0x8 UARTClass.o
                0x000000000008234c                UARTClass::begin(unsigned long)
 .text._ZN9UARTClass10IrqHandlerEv
                0x0000000000082354       0x5a UARTClass.o
                0x0000000000082354                UARTClass::IrqHandler()
 .text._ZN10USARTClass5beginEm
                0x00000000000823ae        0x8 USARTClass.o
                0x00000000000823ae                USARTClass::begin(unsigned long)
 *fill*         0x00000000000823b6        0x2 
 .text._ZN10USARTClassC2EP5Usart4IRQnmP10RingBufferS4_
                0x00000000000823b8       0x24 USARTClass.o
                0x00000000000823b8                USARTClass::USARTClass(Usart*, IRQn, unsigned long, RingBuffer*, RingBuffer*)
                0x00000000000823b8                USARTClass::USARTClass(Usart*, IRQn, unsigned long, RingBuffer*, RingBuffer*)
 .text._ZN7Serial_9availableEv
                0x00000000000823dc       0x18 CDC.o
                0x00000000000823dc                Serial_::available()
 .text._ZN7Serial_17availableForWriteEv
                0x00000000000823f4        0x6 CDC.o
                0x00000000000823f4                Serial_::availableForWrite()
 *fill*         0x00000000000823fa        0x2 
 .text._ZN7Serial_4peekEv
                0x00000000000823fc       0x20 CDC.o
                0x00000000000823fc                Serial_::peek()
 .text._ZN7Serial_5writeEh
                0x000000000008241c       0x16 CDC.o
                0x000000000008241c                Serial_::write(unsigned char)
 *fill*         0x0000000000082432        0x2 
 .text._ZN7Serial_4readEv
                0x0000000000082434       0x44 CDC.o
                0x0000000000082434                Serial_::read()
 .text._ZN7Serial_5flushEv
                0x0000000000082478        0x6 CDC.o
                0x0000000000082478                Serial_::flush()
 *fill*         0x000000000008247e        0x2 
 .text._ZN7Serial_6acceptEv
                0x0000000000082480       0x70 CDC.o
                0x0000000000082480                Serial_::accept()
 .text._ZN7Serial_5writeEPKhj
                0x00000000000824f0       0x2c CDC.o
                0x00000000000824f0                Serial_::write(unsigned char const*, unsigned int)
 .text._Z16CDC_GetInterfacePh
                0x000000000008251c       0x14 CDC.o
                0x000000000008251c                CDC_GetInterface(unsigned char*)
 .text._Z21CDC_GetOtherInterfacePh
                0x0000000000082530       0x14 CDC.o
                0x0000000000082530                CDC_GetOtherInterface(unsigned char*)
 .text._Z9CDC_SetupR8USBSetup
                0x0000000000082544       0x78 CDC.o
                0x0000000000082544                CDC_Setup(USBSetup&)
 .text.startup._GLOBAL__sub_I_cdc_rx_buffer
                0x00000000000825bc       0x1c CDC.o
 .text._ZN13PluggableUSB_12getInterfaceEPh
                0x00000000000825d8       0x28 PluggableUSB.o
                0x00000000000825d8                PluggableUSB_::getInterface(unsigned char*)
 .text._ZN13PluggableUSB_13getDescriptorER8USBSetup
                0x0000000000082600       0x1c PluggableUSB.o
                0x0000000000082600                PluggableUSB_::getDescriptor(USBSetup&)
 .text._ZN13PluggableUSB_12getShortNameEPc
                0x000000000008261c       0x1c PluggableUSB.o
                0x000000000008261c                PluggableUSB_::getShortName(char*)
 .text._ZN13PluggableUSB_5setupER8USBSetup
                0x0000000000082638       0x20 PluggableUSB.o
                0x0000000000082638                PluggableUSB_::setup(USBSetup&)
 .text._Z12PluggableUSBv
                0x0000000000082658       0x28 PluggableUSB.o
                0x0000000000082658                PluggableUSB()
 .text.unlikely._ZL11USB_SendZlpv
                0x0000000000082680       0x20 USBCore.o
 .text._Z14USBD_Availablem
                0x00000000000826a0       0x2c USBCore.o
                0x00000000000826a0                USBD_Available(unsigned long)
 .text._Z9USBD_RecvmPvm
                0x00000000000826cc       0x7c USBCore.o
                0x00000000000826cc                USBD_Recv(unsigned long, void*, unsigned long)
 .text._Z9USBD_Recvm
                0x0000000000082748       0x22 USBCore.o
                0x0000000000082748                USBD_Recv(unsigned long)
 *fill*         0x000000000008276a        0x2 
 .text._Z9USBD_SendmPKvm
                0x000000000008276c       0x4c USBCore.o
                0x000000000008276c                USBD_Send(unsigned long, void const*, unsigned long)
 .text._Z16USBD_SendControlhPKvm
                0x00000000000827b8       0x40 USBCore.o
                0x00000000000827b8                USBD_SendControl(unsigned char, void const*, unsigned long)
 .text.unlikely._ZL24USB_SendStringDescriptorPKhi
                0x00000000000827f8       0x64 USBCore.o
 .text._Z16USBD_RecvControlPvm
                0x000000000008285c       0x1c USBCore.o
                0x000000000008285c                USBD_RecvControl(void*, unsigned long)
 .text._Z26USBD_ClassInterfaceRequestR8USBSetup
                0x0000000000082878       0x1e USBCore.o
                0x0000000000082878                USBD_ClassInterfaceRequest(USBSetup&)
 .text._Z19USBD_SendInterfacesv
                0x0000000000082896       0x22 USBCore.o
                0x0000000000082896                USBD_SendInterfaces()
 .text._Z24USBD_SendOtherInterfacesv
                0x00000000000828b8       0x22 USBCore.o
                0x00000000000828b8                USBD_SendOtherInterfaces()
 .text._Z10USBD_Flushm
                0x00000000000828da       0x16 USBCore.o
                0x00000000000828da                USBD_Flush(unsigned long)
 .text._ZN10USBDevice_C2Ev
                0x00000000000828f0       0x24 USBCore.o
                0x00000000000828f0                USBDevice_::USBDevice_()
                0x00000000000828f0                USBDevice_::USBDevice_()
 .text.startup._GLOBAL__sub_I_EndPoints
                0x0000000000082914        0xc USBCore.o
 .text._ZL7USB_ISRv
                0x0000000000082920      0x454 USBCore.o
 .text._Z15watchdogDisablev
                0x0000000000082d74        0xc watchdog.o
                0x0000000000082d74                watchdogDisable()
 .text.UART_Handler
                0x0000000000082d80        0xc variant.o
                0x0000000000082d80                UART_Handler
 .text.USART0_Handler
                0x0000000000082d8c        0xc variant.o
                0x0000000000082d8c                USART0_Handler
 .text.USART1_Handler
                0x0000000000082d98        0xc variant.o
                0x0000000000082d98                USART1_Handler
 .text.USART3_Handler
                0x0000000000082da4        0xc variant.o
                0x0000000000082da4                USART3_Handler
 .text.init     0x0000000000082db0      0x128 variant.o
                0x0000000000082db0                init
 .text.startup._GLOBAL__sub_I_g_APinDescription
                0x0000000000082ed8       0xd4 variant.o
 .text.MW_Arduino_Init
                0x0000000000082fac       0x14 MW_ArduinoHWInit.o
                0x0000000000082fac                MW_Arduino_Init
 .text.Serial_begin
                0x0000000000082fc0       0x34 io_wrappers.o
                0x0000000000082fc0                Serial_begin
 .text._ZL13Scheduler_Isrv
                0x0000000000082ff4       0x14 arduinoARMScheduler.o
 .text.TC7_Handler
                0x0000000000083008       0x1c arduinoARMScheduler.o
                0x0000000000083008                TC7_Handler
 .text.Setup_SchedulerTimer
                0x0000000000083024       0x84 arduinoARMScheduler.o
                0x0000000000083024                Setup_SchedulerTimer
 .text.configureArduinoARMTimer
                0x00000000000830a8       0x24 arduinoARMScheduler.o
                0x00000000000830a8                configureArduinoARMTimer
 .text.MW_Arduino_Loop
                0x00000000000830cc        0x4 arduinoARMScheduler.o
                0x00000000000830cc                MW_Arduino_Loop
 .text.arm_cortex_m_call_thread_with_context_switch
                0x00000000000830d0       0x34 arm_cortex_m_multitasking.o
                0x00000000000830d0                arm_cortex_m_call_thread_with_context_switch
 .text.svcHook  0x0000000000083104       0x2c arm_cortex_m_multitasking.o
                0x0000000000083104                svcHook
 .text.ExtProcessArgs
                0x0000000000083130       0x70 rtiostream_interface.o
                0x0000000000083130                ExtProcessArgs
 .text.ExtUserDataCreate
                0x00000000000831a0        0x8 rtiostream_interface.o
                0x00000000000831a0                ExtUserDataCreate
 .text.ExtInit  0x00000000000831a8        0x4 rtiostream_interface.o
                0x00000000000831a8                ExtInit
 .text.ExtSetHostPkt
                0x00000000000831ac       0x20 rtiostream_interface.o
                0x00000000000831ac                ExtSetHostPkt
 .text.ExtGetHostPkt
                0x00000000000831cc       0x22 rtiostream_interface.o
                0x00000000000831cc                ExtGetHostPkt
 .text.ExtWaitForStartPktFromHost
                0x00000000000831ee        0x4 rtiostream_interface.o
                0x00000000000831ee                ExtWaitForStartPktFromHost
 .text.ExtUserDataDestroy
                0x00000000000831f2        0x2 rtiostream_interface.o
                0x00000000000831f2                ExtUserDataDestroy
 .text.ExtModeSleep
                0x00000000000831f4        0x2 rtiostream_interface.o
                0x00000000000831f4                ExtModeSleep
 .text.ExtOpenConnection
                0x00000000000831f6        0x8 rtiostream_interface.o
                0x00000000000831f6                ExtOpenConnection
 .text.ExtForceDisconnect
                0x00000000000831fe        0x2 rtiostream_interface.o
                0x00000000000831fe                ExtForceDisconnect
 .text.ExtCloseConnection
                0x0000000000083200        0xc rtiostream_interface.o
                0x0000000000083200                ExtCloseConnection
 .text.ExtShutDown
                0x000000000008320c        0x6 rtiostream_interface.o
                0x000000000008320c                ExtShutDown
 *fill*         0x0000000000083212        0x2 
 .text.SendPktHdrToHost
                0x0000000000083214       0x30 ext_svr_daemon.o
 .text.SendPktDataToHost
                0x0000000000083244       0x28 ext_svr_daemon.o
 .text.ForceDisconnectFromHost
                0x000000000008326c       0x3c ext_svr_daemon.o
 .text.GetPktUsingAck
                0x00000000000832a8      0x25c ext_svr_daemon.o
 .text.SendPktToHost
                0x0000000000083504       0x3c ext_svr_daemon.o
                0x0000000000083504                SendPktToHost
 .text.SendResponseStatus
                0x0000000000083540       0x14 ext_svr_daemon.o
 .text.ProcessSelectTriggerSignalPkt.isra.1
                0x0000000000083554       0x6c ext_svr_daemon.o
 .text.ExtParseArgsAndInitUD
                0x00000000000835c0       0x38 ext_svr_daemon.o
                0x00000000000835c0                ExtParseArgsAndInitUD
 .text.ExtWaitForStartPkt
                0x00000000000835f8        0xc ext_svr_daemon.o
                0x00000000000835f8                ExtWaitForStartPkt
 .text.UploadServerWork
                0x0000000000083604      0x250 ext_svr_daemon.o
                0x0000000000083604                UploadServerWork
 .text.rt_UploadServerWork
                0x0000000000083854       0x18 ext_svr_daemon.o
                0x0000000000083854                rt_UploadServerWork
 .text.rt_ExtModeInit
                0x000000000008386c       0x20 ext_svr_daemon.o
                0x000000000008386c                rt_ExtModeInit
 .text.rt_ExtModeSleep
                0x000000000008388c       0x14 ext_svr_daemon.o
                0x000000000008388c                rt_ExtModeSleep
 .text.rt_PktServerWork
                0x00000000000838a0      0x3e8 ext_svr_daemon.o
                0x00000000000838a0                rt_PktServerWork
 .text.rt_ExtModeShutdown
                0x0000000000083c88       0x7c ext_svr_daemon.o
                0x0000000000083c88                rt_ExtModeShutdown
 .text.rt_UploadCheckTrigger
                0x0000000000083d04       0x18 ext_svr_daemon.o
                0x0000000000083d04                rt_UploadCheckTrigger
 .text.rt_UploadCheckEndTrigger
                0x0000000000083d1c       0x12 ext_svr_daemon.o
                0x0000000000083d1c                rt_UploadCheckEndTrigger
 .text.rt_UploadBufAddTimePoint
                0x0000000000083d2e       0x22 ext_svr_daemon.o
                0x0000000000083d2e                rt_UploadBufAddTimePoint
 .text.rtIOStreamSend
                0x0000000000083d50       0x1c rtiostream_serial_daemon.o
                0x0000000000083d50                rtIOStreamSend
 .text.rtIOStreamClose
                0x0000000000083d6c        0xe rtiostream_serial_daemon.o
                0x0000000000083d6c                rtIOStreamClose
 *fill*         0x0000000000083d7a        0x2 
 .text.rtIOStreamOpen
                0x0000000000083d7c       0x24 rtiostream_serial_daemon.o
                0x0000000000083d7c                rtIOStreamOpen
 .text.rtIOStreamRecv
                0x0000000000083da0       0x5c rtiostream_serial_daemon.o
                0x0000000000083da0                rtIOStreamRecv
 .text.calculate_crc8_j1850_withInit
                0x0000000000083dfc       0x20 daemon_checksum.o
                0x0000000000083dfc                calculate_crc8_j1850_withInit
 .text.calculate_crc8_j1850
                0x0000000000083e1c       0x12 daemon_checksum.o
                0x0000000000083e1c                calculate_crc8_j1850
 .text.verify_crc8_j1850
                0x0000000000083e2e       0x18 daemon_checksum.o
                0x0000000000083e2e                verify_crc8_j1850
 *fill*         0x0000000000083e46        0x2 
 .text.rt_OneStep
                0x0000000000083e48       0x38 ert_main.o
                0x0000000000083e48                rt_OneStep
 .text.startup.main
                0x0000000000083e80       0xf8 ert_main.o
                0x0000000000083e80                main
 .text.PIO_PullUp
                0x0000000000083f78        0xa /home/adiravishankara/Documents/MATLAB/SupportPackages/R2018a/3P.instrset/arduinoide.instrset/idepkgs/packages/arduino/hardware/sam/1.6.11/variants/arduino_due_x/libsam_sam3x8e_gcc_rel.a(pio.o)
                0x0000000000083f78                PIO_PullUp
 .text.PIO_SetPeripheral
                0x0000000000083f82       0x26 /home/adiravishankara/Documents/MATLAB/SupportPackages/R2018a/3P.instrset/arduinoide.instrset/idepkgs/packages/arduino/hardware/sam/1.6.11/variants/arduino_due_x/libsam_sam3x8e_gcc_rel.a(pio.o)
                0x0000000000083f82                PIO_SetPeripheral
 .text.PIO_SetInput
                0x0000000000083fa8       0x26 /home/adiravishankara/Documents/MATLAB/SupportPackages/R2018a/3P.instrset/arduinoide.instrset/idepkgs/packages/arduino/hardware/sam/1.6.11/variants/arduino_due_x/libsam_sam3x8e_gcc_rel.a(pio.o)
                0x0000000000083fa8                PIO_SetInput
 .text.PIO_SetOutput
                0x0000000000083fce       0x24 /home/adiravishankara/Documents/MATLAB/SupportPackages/R2018a/3P.instrset/arduinoide.instrset/idepkgs/packages/arduino/hardware/sam/1.6.11/variants/arduino_due_x/libsam_sam3x8e_gcc_rel.a(pio.o)
                0x0000000000083fce                PIO_SetOutput
 *fill*         0x0000000000083ff2        0x2 
 .text.PIO_Configure
                0x0000000000083ff4       0x64 /home/adiravishankara/Documents/MATLAB/SupportPackages/R2018a/3P.instrset/arduinoide.instrset/idepkgs/packages/arduino/hardware/sam/1.6.11/variants/arduino_due_x/libsam_sam3x8e_gcc_rel.a(pio.o)
                0x0000000000083ff4                PIO_Configure
 .text.PIO_GetOutputDataStatus
                0x0000000000084058       0x14 /home/adiravishankara/Documents/MATLAB/SupportPackages/R2018a/3P.instrset/arduinoide.instrset/idepkgs/packages/arduino/hardware/sam/1.6.11/variants/arduino_due_x/libsam_sam3x8e_gcc_rel.a(pio.o)
                0x0000000000084058                PIO_GetOutputDataStatus
 .text.pmc_enable_upll_clock
                0x000000000008406c       0x14 /home/adiravishankara/Documents/MATLAB/SupportPackages/R2018a/3P.instrset/arduinoide.instrset/idepkgs/packages/arduino/hardware/sam/1.6.11/variants/arduino_due_x/libsam_sam3x8e_gcc_rel.a(pmc.o)
                0x000000000008406c                pmc_enable_upll_clock
 .text.pmc_enable_periph_clk
                0x0000000000084080       0x44 /home/adiravishankara/Documents/MATLAB/SupportPackages/R2018a/3P.instrset/arduinoide.instrset/idepkgs/packages/arduino/hardware/sam/1.6.11/variants/arduino_due_x/libsam_sam3x8e_gcc_rel.a(pmc.o)
                0x0000000000084080                pmc_enable_periph_clk
 .text.pmc_disable_periph_clk
                0x00000000000840c4       0x40 /home/adiravishankara/Documents/MATLAB/SupportPackages/R2018a/3P.instrset/arduinoide.instrset/idepkgs/packages/arduino/hardware/sam/1.6.11/variants/arduino_due_x/libsam_sam3x8e_gcc_rel.a(pmc.o)
                0x00000000000840c4                pmc_disable_periph_clk
 .text.pmc_switch_udpck_to_upllck
                0x0000000000084104       0x14 /home/adiravishankara/Documents/MATLAB/SupportPackages/R2018a/3P.instrset/arduinoide.instrset/idepkgs/packages/arduino/hardware/sam/1.6.11/variants/arduino_due_x/libsam_sam3x8e_gcc_rel.a(pmc.o)
                0x0000000000084104                pmc_switch_udpck_to_upllck
 .text.pmc_enable_udpck
                0x0000000000084118        0xc /home/adiravishankara/Documents/MATLAB/SupportPackages/R2018a/3P.instrset/arduinoide.instrset/idepkgs/packages/arduino/hardware/sam/1.6.11/variants/arduino_due_x/libsam_sam3x8e_gcc_rel.a(pmc.o)
                0x0000000000084118                pmc_enable_udpck
 .text.pmc_set_writeprotect
                0x0000000000084124       0x1c /home/adiravishankara/Documents/MATLAB/SupportPackages/R2018a/3P.instrset/arduinoide.instrset/idepkgs/packages/arduino/hardware/sam/1.6.11/variants/arduino_due_x/libsam_sam3x8e_gcc_rel.a(pmc.o)
                0x0000000000084124                pmc_set_writeprotect
 .text.FindClockConfiguration
                0x0000000000084140       0x7c /home/adiravishankara/Documents/MATLAB/SupportPackages/R2018a/3P.instrset/arduinoide.instrset/idepkgs/packages/arduino/hardware/sam/1.6.11/variants/arduino_due_x/libsam_sam3x8e_gcc_rel.a(pwmc.o)
 .text.PWMC_ConfigureChannel
                0x00000000000841bc       0x60 /home/adiravishankara/Documents/MATLAB/SupportPackages/R2018a/3P.instrset/arduinoide.instrset/idepkgs/packages/arduino/hardware/sam/1.6.11/variants/arduino_due_x/libsam_sam3x8e_gcc_rel.a(pwmc.o)
                0x00000000000841bc                PWMC_ConfigureChannel
 .text.PWMC_ConfigureClocks
                0x000000000008421c       0x54 /home/adiravishankara/Documents/MATLAB/SupportPackages/R2018a/3P.instrset/arduinoide.instrset/idepkgs/packages/arduino/hardware/sam/1.6.11/variants/arduino_due_x/libsam_sam3x8e_gcc_rel.a(pwmc.o)
                0x000000000008421c                PWMC_ConfigureClocks
 .text.PWMC_SetPeriod
                0x0000000000084270       0x1a /home/adiravishankara/Documents/MATLAB/SupportPackages/R2018a/3P.instrset/arduinoide.instrset/idepkgs/packages/arduino/hardware/sam/1.6.11/variants/arduino_due_x/libsam_sam3x8e_gcc_rel.a(pwmc.o)
                0x0000000000084270                PWMC_SetPeriod
 *fill*         0x000000000008428a        0x2 
 .text.PWMC_SetDutyCycle
                0x000000000008428c       0x44 /home/adiravishankara/Documents/MATLAB/SupportPackages/R2018a/3P.instrset/arduinoide.instrset/idepkgs/packages/arduino/hardware/sam/1.6.11/variants/arduino_due_x/libsam_sam3x8e_gcc_rel.a(pwmc.o)
                0x000000000008428c                PWMC_SetDutyCycle
 .text.PWMC_EnableChannel
                0x00000000000842d0        0xa /home/adiravishankara/Documents/MATLAB/SupportPackages/R2018a/3P.instrset/arduinoide.instrset/idepkgs/packages/arduino/hardware/sam/1.6.11/variants/arduino_due_x/libsam_sam3x8e_gcc_rel.a(pwmc.o)
                0x00000000000842d0                PWMC_EnableChannel
 *fill*         0x00000000000842da        0x2 
 .text.TC_Configure
                0x00000000000842dc       0x38 /home/adiravishankara/Documents/MATLAB/SupportPackages/R2018a/3P.instrset/arduinoide.instrset/idepkgs/packages/arduino/hardware/sam/1.6.11/variants/arduino_due_x/libsam_sam3x8e_gcc_rel.a(tc.o)
                0x00000000000842dc                TC_Configure
 .text.TC_Start
                0x0000000000084314       0x2c /home/adiravishankara/Documents/MATLAB/SupportPackages/R2018a/3P.instrset/arduinoide.instrset/idepkgs/packages/arduino/hardware/sam/1.6.11/variants/arduino_due_x/libsam_sam3x8e_gcc_rel.a(tc.o)
                0x0000000000084314                TC_Start
 .text.TC_GetStatus
                0x0000000000084340        0x8 /home/adiravishankara/Documents/MATLAB/SupportPackages/R2018a/3P.instrset/arduinoide.instrset/idepkgs/packages/arduino/hardware/sam/1.6.11/variants/arduino_due_x/libsam_sam3x8e_gcc_rel.a(tc.o)
                0x0000000000084340                TC_GetStatus
 .text.TC_SetRA
                0x0000000000084348        0x8 /home/adiravishankara/Documents/MATLAB/SupportPackages/R2018a/3P.instrset/arduinoide.instrset/idepkgs/packages/arduino/hardware/sam/1.6.11/variants/arduino_due_x/libsam_sam3x8e_gcc_rel.a(tc.o)
                0x0000000000084348                TC_SetRA
 .text.TC_SetRB
                0x0000000000084350        0x8 /home/adiravishankara/Documents/MATLAB/SupportPackages/R2018a/3P.instrset/arduinoide.instrset/idepkgs/packages/arduino/hardware/sam/1.6.11/variants/arduino_due_x/libsam_sam3x8e_gcc_rel.a(tc.o)
                0x0000000000084350                TC_SetRB
 .text.TC_SetRC
                0x0000000000084358        0x8 /home/adiravishankara/Documents/MATLAB/SupportPackages/R2018a/3P.instrset/arduinoide.instrset/idepkgs/packages/arduino/hardware/sam/1.6.11/variants/arduino_due_x/libsam_sam3x8e_gcc_rel.a(tc.o)
                0x0000000000084358                TC_SetRC
 .text.TimeTick_Increment
                0x0000000000084360       0x10 /home/adiravishankara/Documents/MATLAB/SupportPackages/R2018a/3P.instrset/arduinoide.instrset/idepkgs/packages/arduino/hardware/sam/1.6.11/variants/arduino_due_x/libsam_sam3x8e_gcc_rel.a(timetick.o)
                0x0000000000084360                TimeTick_Increment
 .text.GetTickCount
                0x0000000000084370        0xc /home/adiravishankara/Documents/MATLAB/SupportPackages/R2018a/3P.instrset/arduinoide.instrset/idepkgs/packages/arduino/hardware/sam/1.6.11/variants/arduino_due_x/libsam_sam3x8e_gcc_rel.a(timetick.o)
                0x0000000000084370                GetTickCount
 .text.WDT_Disable
                0x000000000008437c        0x8 /home/adiravishankara/Documents/MATLAB/SupportPackages/R2018a/3P.instrset/arduinoide.instrset/idepkgs/packages/arduino/hardware/sam/1.6.11/variants/arduino_due_x/libsam_sam3x8e_gcc_rel.a(wdt.o)
                0x000000000008437c                WDT_Disable
 .text.SystemInit
                0x0000000000084384       0x88 /home/adiravishankara/Documents/MATLAB/SupportPackages/R2018a/3P.instrset/arduinoide.instrset/idepkgs/packages/arduino/hardware/sam/1.6.11/variants/arduino_due_x/libsam_sam3x8e_gcc_rel.a(system_sam3xa.o)
                0x0000000000084384                SystemInit
 .text.adc_init
                0x000000000008440c       0x98 /home/adiravishankara/Documents/MATLAB/SupportPackages/R2018a/3P.instrset/arduinoide.instrset/idepkgs/packages/arduino/hardware/sam/1.6.11/variants/arduino_due_x/libsam_sam3x8e_gcc_rel.a(adc.o)
                0x000000000008440c                adc_init
 .text.adc_configure_trigger
                0x00000000000844a4        0xe /home/adiravishankara/Documents/MATLAB/SupportPackages/R2018a/3P.instrset/arduinoide.instrset/idepkgs/packages/arduino/hardware/sam/1.6.11/variants/arduino_due_x/libsam_sam3x8e_gcc_rel.a(adc.o)
                0x00000000000844a4                adc_configure_trigger
 .text.adc_configure_timing
                0x00000000000844b2       0x1a /home/adiravishankara/Documents/MATLAB/SupportPackages/R2018a/3P.instrset/arduinoide.instrset/idepkgs/packages/arduino/hardware/sam/1.6.11/variants/arduino_due_x/libsam_sam3x8e_gcc_rel.a(adc.o)
                0x00000000000844b2                adc_configure_timing
 .text.adc_start
                0x00000000000844cc        0x6 /home/adiravishankara/Documents/MATLAB/SupportPackages/R2018a/3P.instrset/arduinoide.instrset/idepkgs/packages/arduino/hardware/sam/1.6.11/variants/arduino_due_x/libsam_sam3x8e_gcc_rel.a(adc.o)
                0x00000000000844cc                adc_start
 .text.adc_enable_channel
                0x00000000000844d2        0xa /home/adiravishankara/Documents/MATLAB/SupportPackages/R2018a/3P.instrset/arduinoide.instrset/idepkgs/packages/arduino/hardware/sam/1.6.11/variants/arduino_due_x/libsam_sam3x8e_gcc_rel.a(adc.o)
                0x00000000000844d2                adc_enable_channel
 .text.adc_disable_channel
                0x00000000000844dc        0xa /home/adiravishankara/Documents/MATLAB/SupportPackages/R2018a/3P.instrset/arduinoide.instrset/idepkgs/packages/arduino/hardware/sam/1.6.11/variants/arduino_due_x/libsam_sam3x8e_gcc_rel.a(adc.o)
                0x00000000000844dc                adc_disable_channel
 .text.adc_disable_all_channel
                0x00000000000844e6        0x8 /home/adiravishankara/Documents/MATLAB/SupportPackages/R2018a/3P.instrset/arduinoide.instrset/idepkgs/packages/arduino/hardware/sam/1.6.11/variants/arduino_due_x/libsam_sam3x8e_gcc_rel.a(adc.o)
                0x00000000000844e6                adc_disable_all_channel
 .text.adc_get_channel_status
                0x00000000000844ee        0xa /home/adiravishankara/Documents/MATLAB/SupportPackages/R2018a/3P.instrset/arduinoide.instrset/idepkgs/packages/arduino/hardware/sam/1.6.11/variants/arduino_due_x/libsam_sam3x8e_gcc_rel.a(adc.o)
                0x00000000000844ee                adc_get_channel_status
 .text.adc_get_latest_value
                0x00000000000844f8        0x4 /home/adiravishankara/Documents/MATLAB/SupportPackages/R2018a/3P.instrset/arduinoide.instrset/idepkgs/packages/arduino/hardware/sam/1.6.11/variants/arduino_due_x/libsam_sam3x8e_gcc_rel.a(adc.o)
                0x00000000000844f8                adc_get_latest_value
 .text.adc_disable_interrupt
                0x00000000000844fc        0x4 /home/adiravishankara/Documents/MATLAB/SupportPackages/R2018a/3P.instrset/arduinoide.instrset/idepkgs/packages/arduino/hardware/sam/1.6.11/variants/arduino_due_x/libsam_sam3x8e_gcc_rel.a(adc.o)
                0x00000000000844fc                adc_disable_interrupt
 .text.adc_get_status
                0x0000000000084500        0x4 /home/adiravishankara/Documents/MATLAB/SupportPackages/R2018a/3P.instrset/arduinoide.instrset/idepkgs/packages/arduino/hardware/sam/1.6.11/variants/arduino_due_x/libsam_sam3x8e_gcc_rel.a(adc.o)
                0x0000000000084500                adc_get_status
 .text.UDD_SetStack
                0x0000000000084504        0xc /home/adiravishankara/Documents/MATLAB/SupportPackages/R2018a/3P.instrset/arduinoide.instrset/idepkgs/packages/arduino/hardware/sam/1.6.11/variants/arduino_due_x/libsam_sam3x8e_gcc_rel.a(uotghs_device.o)
                0x0000000000084504                UDD_SetStack
 .text.UDD_Init
                0x0000000000084510       0xd0 /home/adiravishankara/Documents/MATLAB/SupportPackages/R2018a/3P.instrset/arduinoide.instrset/idepkgs/packages/arduino/hardware/sam/1.6.11/variants/arduino_due_x/libsam_sam3x8e_gcc_rel.a(uotghs_device.o)
                0x0000000000084510                UDD_Init
 .text.UDD_InitEP
                0x00000000000845e0       0x2c /home/adiravishankara/Documents/MATLAB/SupportPackages/R2018a/3P.instrset/arduinoide.instrset/idepkgs/packages/arduino/hardware/sam/1.6.11/variants/arduino_due_x/libsam_sam3x8e_gcc_rel.a(uotghs_device.o)
                0x00000000000845e0                UDD_InitEP
 .text.UDD_InitEndpoints
                0x000000000008460c       0x3c /home/adiravishankara/Documents/MATLAB/SupportPackages/R2018a/3P.instrset/arduinoide.instrset/idepkgs/packages/arduino/hardware/sam/1.6.11/variants/arduino_due_x/libsam_sam3x8e_gcc_rel.a(uotghs_device.o)
                0x000000000008460c                UDD_InitEndpoints
 .text.UDD_WaitIN
                0x0000000000084648       0x10 /home/adiravishankara/Documents/MATLAB/SupportPackages/R2018a/3P.instrset/arduinoide.instrset/idepkgs/packages/arduino/hardware/sam/1.6.11/variants/arduino_due_x/libsam_sam3x8e_gcc_rel.a(uotghs_device.o)
                0x0000000000084648                UDD_WaitIN
 .text.UDD_WaitOUT
                0x0000000000084658       0x10 /home/adiravishankara/Documents/MATLAB/SupportPackages/R2018a/3P.instrset/arduinoide.instrset/idepkgs/packages/arduino/hardware/sam/1.6.11/variants/arduino_due_x/libsam_sam3x8e_gcc_rel.a(uotghs_device.o)
                0x0000000000084658                UDD_WaitOUT
 .text.UDD_ClearIN
                0x0000000000084668       0x18 /home/adiravishankara/Documents/MATLAB/SupportPackages/R2018a/3P.instrset/arduinoide.instrset/idepkgs/packages/arduino/hardware/sam/1.6.11/variants/arduino_due_x/libsam_sam3x8e_gcc_rel.a(uotghs_device.o)
                0x0000000000084668                UDD_ClearIN
 .text.UDD_ClearOUT
                0x0000000000084680       0x18 /home/adiravishankara/Documents/MATLAB/SupportPackages/R2018a/3P.instrset/arduinoide.instrset/idepkgs/packages/arduino/hardware/sam/1.6.11/variants/arduino_due_x/libsam_sam3x8e_gcc_rel.a(uotghs_device.o)
                0x0000000000084680                UDD_ClearOUT
 .text.UDD_ReceivedSetupInt
                0x0000000000084698       0x10 /home/adiravishankara/Documents/MATLAB/SupportPackages/R2018a/3P.instrset/arduinoide.instrset/idepkgs/packages/arduino/hardware/sam/1.6.11/variants/arduino_due_x/libsam_sam3x8e_gcc_rel.a(uotghs_device.o)
                0x0000000000084698                UDD_ReceivedSetupInt
 .text.UDD_ClearSetupInt
                0x00000000000846a8       0x10 /home/adiravishankara/Documents/MATLAB/SupportPackages/R2018a/3P.instrset/arduinoide.instrset/idepkgs/packages/arduino/hardware/sam/1.6.11/variants/arduino_due_x/libsam_sam3x8e_gcc_rel.a(uotghs_device.o)
                0x00000000000846a8                UDD_ClearSetupInt
 .text.UDD_Send
                0x00000000000846b8       0x88 /home/adiravishankara/Documents/MATLAB/SupportPackages/R2018a/3P.instrset/arduinoide.instrset/idepkgs/packages/arduino/hardware/sam/1.6.11/variants/arduino_due_x/libsam_sam3x8e_gcc_rel.a(uotghs_device.o)
                0x00000000000846b8                UDD_Send
 .text.UDD_Send8
                0x0000000000084740       0x24 /home/adiravishankara/Documents/MATLAB/SupportPackages/R2018a/3P.instrset/arduinoide.instrset/idepkgs/packages/arduino/hardware/sam/1.6.11/variants/arduino_due_x/libsam_sam3x8e_gcc_rel.a(uotghs_device.o)
                0x0000000000084740                UDD_Send8
 .text.UDD_Recv8
                0x0000000000084764       0x28 /home/adiravishankara/Documents/MATLAB/SupportPackages/R2018a/3P.instrset/arduinoide.instrset/idepkgs/packages/arduino/hardware/sam/1.6.11/variants/arduino_due_x/libsam_sam3x8e_gcc_rel.a(uotghs_device.o)
                0x0000000000084764                UDD_Recv8
 .text.UDD_Recv
                0x000000000008478c       0x34 /home/adiravishankara/Documents/MATLAB/SupportPackages/R2018a/3P.instrset/arduinoide.instrset/idepkgs/packages/arduino/hardware/sam/1.6.11/variants/arduino_due_x/libsam_sam3x8e_gcc_rel.a(uotghs_device.o)
                0x000000000008478c                UDD_Recv
 .text.UDD_Stall
                0x00000000000847c0       0x14 /home/adiravishankara/Documents/MATLAB/SupportPackages/R2018a/3P.instrset/arduinoide.instrset/idepkgs/packages/arduino/hardware/sam/1.6.11/variants/arduino_due_x/libsam_sam3x8e_gcc_rel.a(uotghs_device.o)
                0x00000000000847c0                UDD_Stall
 .text.UDD_FifoByteCount
                0x00000000000847d4       0x14 /home/adiravishankara/Documents/MATLAB/SupportPackages/R2018a/3P.instrset/arduinoide.instrset/idepkgs/packages/arduino/hardware/sam/1.6.11/variants/arduino_due_x/libsam_sam3x8e_gcc_rel.a(uotghs_device.o)
                0x00000000000847d4                UDD_FifoByteCount
 .text.UDD_ReleaseRX
                0x00000000000847e8       0x28 /home/adiravishankara/Documents/MATLAB/SupportPackages/R2018a/3P.instrset/arduinoide.instrset/idepkgs/packages/arduino/hardware/sam/1.6.11/variants/arduino_due_x/libsam_sam3x8e_gcc_rel.a(uotghs_device.o)
                0x00000000000847e8                UDD_ReleaseRX
 .text.UDD_ReleaseTX
                0x0000000000084810       0x28 /home/adiravishankara/Documents/MATLAB/SupportPackages/R2018a/3P.instrset/arduinoide.instrset/idepkgs/packages/arduino/hardware/sam/1.6.11/variants/arduino_due_x/libsam_sam3x8e_gcc_rel.a(uotghs_device.o)
                0x0000000000084810                UDD_ReleaseTX
 .text.UDD_SetAddress
                0x0000000000084838       0x20 /home/adiravishankara/Documents/MATLAB/SupportPackages/R2018a/3P.instrset/arduinoide.instrset/idepkgs/packages/arduino/hardware/sam/1.6.11/variants/arduino_due_x/libsam_sam3x8e_gcc_rel.a(uotghs_device.o)
                0x0000000000084838                UDD_SetAddress
 .text.dacc_reset
                0x0000000000084858        0x6 /home/adiravishankara/Documents/MATLAB/SupportPackages/R2018a/3P.instrset/arduinoide.instrset/idepkgs/packages/arduino/hardware/sam/1.6.11/variants/arduino_due_x/libsam_sam3x8e_gcc_rel.a(dacc.o)
                0x0000000000084858                dacc_reset
 .text.dacc_set_transfer_mode
                0x000000000008485e       0x14 /home/adiravishankara/Documents/MATLAB/SupportPackages/R2018a/3P.instrset/arduinoide.instrset/idepkgs/packages/arduino/hardware/sam/1.6.11/variants/arduino_due_x/libsam_sam3x8e_gcc_rel.a(dacc.o)
                0x000000000008485e                dacc_set_transfer_mode
 .text.dacc_get_interrupt_status
                0x0000000000084872        0x4 /home/adiravishankara/Documents/MATLAB/SupportPackages/R2018a/3P.instrset/arduinoide.instrset/idepkgs/packages/arduino/hardware/sam/1.6.11/variants/arduino_due_x/libsam_sam3x8e_gcc_rel.a(dacc.o)
                0x0000000000084872                dacc_get_interrupt_status
 .text.dacc_write_conversion_data
                0x0000000000084876        0x4 /home/adiravishankara/Documents/MATLAB/SupportPackages/R2018a/3P.instrset/arduinoide.instrset/idepkgs/packages/arduino/hardware/sam/1.6.11/variants/arduino_due_x/libsam_sam3x8e_gcc_rel.a(dacc.o)
                0x0000000000084876                dacc_write_conversion_data
 .text.dacc_set_channel_selection
                0x000000000008487a       0x18 /home/adiravishankara/Documents/MATLAB/SupportPackages/R2018a/3P.instrset/arduinoide.instrset/idepkgs/packages/arduino/hardware/sam/1.6.11/variants/arduino_due_x/libsam_sam3x8e_gcc_rel.a(dacc.o)
                0x000000000008487a                dacc_set_channel_selection
 .text.dacc_set_power_save
                0x0000000000084892       0x24 /home/adiravishankara/Documents/MATLAB/SupportPackages/R2018a/3P.instrset/arduinoide.instrset/idepkgs/packages/arduino/hardware/sam/1.6.11/variants/arduino_due_x/libsam_sam3x8e_gcc_rel.a(dacc.o)
                0x0000000000084892                dacc_set_power_save
 .text.dacc_set_timing
                0x00000000000848b6       0x2c /home/adiravishankara/Documents/MATLAB/SupportPackages/R2018a/3P.instrset/arduinoide.instrset/idepkgs/packages/arduino/hardware/sam/1.6.11/variants/arduino_due_x/libsam_sam3x8e_gcc_rel.a(dacc.o)
                0x00000000000848b6                dacc_set_timing
 .text.dacc_enable_channel
                0x00000000000848e2       0x12 /home/adiravishankara/Documents/MATLAB/SupportPackages/R2018a/3P.instrset/arduinoide.instrset/idepkgs/packages/arduino/hardware/sam/1.6.11/variants/arduino_due_x/libsam_sam3x8e_gcc_rel.a(dacc.o)
                0x00000000000848e2                dacc_enable_channel
 .text.dacc_get_channel_status
                0x00000000000848f4        0x4 /home/adiravishankara/Documents/MATLAB/SupportPackages/R2018a/3P.instrset/arduinoide.instrset/idepkgs/packages/arduino/hardware/sam/1.6.11/variants/arduino_due_x/libsam_sam3x8e_gcc_rel.a(dacc.o)
                0x00000000000848f4                dacc_get_channel_status
 .text.dacc_set_analog_control
                0x00000000000848f8        0x8 /home/adiravishankara/Documents/MATLAB/SupportPackages/R2018a/3P.instrset/arduinoide.instrset/idepkgs/packages/arduino/hardware/sam/1.6.11/variants/arduino_due_x/libsam_sam3x8e_gcc_rel.a(dacc.o)
                0x00000000000848f8                dacc_set_analog_control
 .text          0x0000000000084900      0x370 /home/adiravishankara/Documents/MATLAB/SupportPackages/R2018a/3P.instrset/arduinoide.instrset/idepkgs/packages/arduino/tools/arm-none-eabi-gcc/4.8.3-2014q1/bin/../lib/gcc/arm-none-eabi/4.8.3/armv7-m/libgcc.a(_arm_addsubdf3.o)
                0x0000000000084900                __aeabi_drsub
                0x0000000000084908                __aeabi_dsub
                0x0000000000084908                __subdf3
                0x000000000008490c                __adddf3
                0x000000000008490c                __aeabi_dadd
                0x0000000000084b84                __aeabi_ui2d
                0x0000000000084b84                __floatunsidf
                0x0000000000084ba4                __floatsidf
                0x0000000000084ba4                __aeabi_i2d
                0x0000000000084bc8                __extendsfdf2
                0x0000000000084bc8                __aeabi_f2d
                0x0000000000084c04                __aeabi_ul2d
                0x0000000000084c04                __floatundidf
                0x0000000000084c14                __floatdidf
                0x0000000000084c14                __aeabi_l2d
 .text          0x0000000000084c70      0x424 /home/adiravishankara/Documents/MATLAB/SupportPackages/R2018a/3P.instrset/arduinoide.instrset/idepkgs/packages/arduino/tools/arm-none-eabi-gcc/4.8.3-2014q1/bin/../lib/gcc/arm-none-eabi/4.8.3/armv7-m/libgcc.a(_arm_muldivdf3.o)
                0x0000000000084c70                __aeabi_dmul
                0x0000000000084c70                __muldf3
                0x0000000000084ec4                __aeabi_ddiv
                0x0000000000084ec4                __divdf3
 .text          0x0000000000085094      0x110 /home/adiravishankara/Documents/MATLAB/SupportPackages/R2018a/3P.instrset/arduinoide.instrset/idepkgs/packages/arduino/tools/arm-none-eabi-gcc/4.8.3-2014q1/bin/../lib/gcc/arm-none-eabi/4.8.3/armv7-m/libgcc.a(_arm_cmpdf2.o)
                0x0000000000085094                __gtdf2
                0x0000000000085094                __gedf2
                0x000000000008509c                __ltdf2
                0x000000000008509c                __ledf2
                0x00000000000850a4                __cmpdf2
                0x00000000000850a4                __eqdf2
                0x00000000000850a4                __nedf2
                0x0000000000085120                __aeabi_cdrcmple
                0x0000000000085130                __aeabi_cdcmple
                0x0000000000085130                __aeabi_cdcmpeq
                0x0000000000085140                __aeabi_dcmpeq
                0x0000000000085154                __aeabi_dcmplt
                0x0000000000085168                __aeabi_dcmple
                0x000000000008517c                __aeabi_dcmpge
                0x0000000000085190                __aeabi_dcmpgt
 .text          0x00000000000851a4       0x50 /home/adiravishankara/Documents/MATLAB/SupportPackages/R2018a/3P.instrset/arduinoide.instrset/idepkgs/packages/arduino/tools/arm-none-eabi-gcc/4.8.3-2014q1/bin/../lib/gcc/arm-none-eabi/4.8.3/armv7-m/libgcc.a(_arm_fixdfsi.o)
                0x00000000000851a4                __fixdfsi
                0x00000000000851a4                __aeabi_d2iz
 .text          0x00000000000851f4       0x40 /home/adiravishankara/Documents/MATLAB/SupportPackages/R2018a/3P.instrset/arduinoide.instrset/idepkgs/packages/arduino/tools/arm-none-eabi-gcc/4.8.3-2014q1/bin/../lib/gcc/arm-none-eabi/4.8.3/armv7-m/libgcc.a(_arm_fixunsdfsi.o)
                0x00000000000851f4                __fixunsdfsi
                0x00000000000851f4                __aeabi_d2uiz
 .text.__assert_func
                0x0000000000085234       0x3c /home/adiravishankara/Documents/MATLAB/SupportPackages/R2018a/3P.instrset/arduinoide.instrset/idepkgs/packages/arduino/tools/arm-none-eabi-gcc/4.8.3-2014q1/bin/../lib/gcc/arm-none-eabi/4.8.3/../../../../arm-none-eabi/lib/armv7-m/libg.a(lib_a-assert.o)
                0x0000000000085234                __assert_func
 .text.calloc   0x0000000000085270       0x10 /home/adiravishankara/Documents/MATLAB/SupportPackages/R2018a/3P.instrset/arduinoide.instrset/idepkgs/packages/arduino/tools/arm-none-eabi-gcc/4.8.3-2014q1/bin/../lib/gcc/arm-none-eabi/4.8.3/../../../../arm-none-eabi/lib/armv7-m/libg.a(lib_a-calloc.o)
                0x0000000000085270                calloc
 .text._calloc_r
                0x0000000000085280       0x60 /home/adiravishankara/Documents/MATLAB/SupportPackages/R2018a/3P.instrset/arduinoide.instrset/idepkgs/packages/arduino/tools/arm-none-eabi-gcc/4.8.3-2014q1/bin/../lib/gcc/arm-none-eabi/4.8.3/../../../../arm-none-eabi/lib/armv7-m/libg.a(lib_a-callocr.o)
                0x0000000000085280                _calloc_r
 .text.fiprintf
                0x00000000000852e0       0x28 /home/adiravishankara/Documents/MATLAB/SupportPackages/R2018a/3P.instrset/arduinoide.instrset/idepkgs/packages/arduino/tools/arm-none-eabi-gcc/4.8.3-2014q1/bin/../lib/gcc/arm-none-eabi/4.8.3/../../../../arm-none-eabi/lib/armv7-m/libg.a(lib_a-fiprintf.o)
                0x00000000000852e0                fiprintf
 .text.__libc_init_array
                0x0000000000085308       0x50 /home/adiravishankara/Documents/MATLAB/SupportPackages/R2018a/3P.instrset/arduinoide.instrset/idepkgs/packages/arduino/tools/arm-none-eabi-gcc/4.8.3-2014q1/bin/../lib/gcc/arm-none-eabi/4.8.3/../../../../arm-none-eabi/lib/armv7-m/libg.a(lib_a-init.o)
                0x0000000000085308                __libc_init_array
 .text.iprintf  0x0000000000085358       0x28 /home/adiravishankara/Documents/MATLAB/SupportPackages/R2018a/3P.instrset/arduinoide.instrset/idepkgs/packages/arduino/tools/arm-none-eabi-gcc/4.8.3-2014q1/bin/../lib/gcc/arm-none-eabi/4.8.3/../../../../arm-none-eabi/lib/armv7-m/libg.a(lib_a-iprintf.o)
                0x0000000000085358                iprintf
 .text.malloc   0x0000000000085380       0x10 /home/adiravishankara/Documents/MATLAB/SupportPackages/R2018a/3P.instrset/arduinoide.instrset/idepkgs/packages/arduino/tools/arm-none-eabi-gcc/4.8.3-2014q1/bin/../lib/gcc/arm-none-eabi/4.8.3/../../../../arm-none-eabi/lib/armv7-m/libg.a(lib_a-malloc.o)
                0x0000000000085380                malloc
 .text.free     0x0000000000085390       0x10 /home/adiravishankara/Documents/MATLAB/SupportPackages/R2018a/3P.instrset/arduinoide.instrset/idepkgs/packages/arduino/tools/arm-none-eabi-gcc/4.8.3-2014q1/bin/../lib/gcc/arm-none-eabi/4.8.3/../../../../arm-none-eabi/lib/armv7-m/libg.a(lib_a-malloc.o)
                0x0000000000085390                free
 .text._malloc_r
                0x00000000000853a0      0x538 /home/adiravishankara/Documents/MATLAB/SupportPackages/R2018a/3P.instrset/arduinoide.instrset/idepkgs/packages/arduino/tools/arm-none-eabi-gcc/4.8.3-2014q1/bin/../lib/gcc/arm-none-eabi/4.8.3/../../../../arm-none-eabi/lib/armv7-m/libg.a(lib_a-mallocr.o)
                0x00000000000853a0                _malloc_r
 .text          0x00000000000858d8       0xec /home/adiravishankara/Documents/MATLAB/SupportPackages/R2018a/3P.instrset/arduinoide.instrset/idepkgs/packages/arduino/tools/arm-none-eabi-gcc/4.8.3-2014q1/bin/../lib/gcc/arm-none-eabi/4.8.3/../../../../arm-none-eabi/lib/armv7-m/libg.a(lib_a-memcpy.o)
                0x00000000000858d8                memcpy
 .text.memmove  0x00000000000859c4       0xcc /home/adiravishankara/Documents/MATLAB/SupportPackages/R2018a/3P.instrset/arduinoide.instrset/idepkgs/packages/arduino/tools/arm-none-eabi-gcc/4.8.3-2014q1/bin/../lib/gcc/arm-none-eabi/4.8.3/../../../../arm-none-eabi/lib/armv7-m/libg.a(lib_a-memmove.o)
                0x00000000000859c4                memmove
 .text.memset   0x0000000000085a90       0x94 /home/adiravishankara/Documents/MATLAB/SupportPackages/R2018a/3P.instrset/arduinoide.instrset/idepkgs/packages/arduino/tools/arm-none-eabi-gcc/4.8.3-2014q1/bin/../lib/gcc/arm-none-eabi/4.8.3/../../../../arm-none-eabi/lib/armv7-m/libg.a(lib_a-memset.o)
                0x0000000000085a90                memset
 .text.__malloc_lock
                0x0000000000085b24        0x4 /home/adiravishankara/Documents/MATLAB/SupportPackages/R2018a/3P.instrset/arduinoide.instrset/idepkgs/packages/arduino/tools/arm-none-eabi-gcc/4.8.3-2014q1/bin/../lib/gcc/arm-none-eabi/4.8.3/../../../../arm-none-eabi/lib/armv7-m/libg.a(lib_a-mlock.o)
                0x0000000000085b24                __malloc_lock
 .text.__malloc_unlock
                0x0000000000085b28        0x4 /home/adiravishankara/Documents/MATLAB/SupportPackages/R2018a/3P.instrset/arduinoide.instrset/idepkgs/packages/arduino/tools/arm-none-eabi-gcc/4.8.3-2014q1/bin/../lib/gcc/arm-none-eabi/4.8.3/../../../../arm-none-eabi/lib/armv7-m/libg.a(lib_a-mlock.o)
                0x0000000000085b28                __malloc_unlock
 .text._realloc_r
                0x0000000000085b2c      0x3c0 /home/adiravishankara/Documents/MATLAB/SupportPackages/R2018a/3P.instrset/arduinoide.instrset/idepkgs/packages/arduino/tools/arm-none-eabi-gcc/4.8.3-2014q1/bin/../lib/gcc/arm-none-eabi/4.8.3/../../../../arm-none-eabi/lib/armv7-m/libg.a(lib_a-reallocr.o)
                0x0000000000085b2c                _realloc_r
 .text._sbrk_r  0x0000000000085eec       0x24 /home/adiravishankara/Documents/MATLAB/SupportPackages/R2018a/3P.instrset/arduinoide.instrset/idepkgs/packages/arduino/tools/arm-none-eabi-gcc/4.8.3-2014q1/bin/../lib/gcc/arm-none-eabi/4.8.3/../../../../arm-none-eabi/lib/armv7-m/libg.a(lib_a-sbrkr.o)
                0x0000000000085eec                _sbrk_r
 .text          0x0000000000085f10      0x23c /home/adiravishankara/Documents/MATLAB/SupportPackages/R2018a/3P.instrset/arduinoide.instrset/idepkgs/packages/arduino/tools/arm-none-eabi-gcc/4.8.3-2014q1/bin/../lib/gcc/arm-none-eabi/4.8.3/../../../../arm-none-eabi/lib/armv7-m/libg.a(lib_a-strcmp.o)
                0x0000000000085f10                strcmp
 .text.strlen   0x000000000008614c       0x60 /home/adiravishankara/Documents/MATLAB/SupportPackages/R2018a/3P.instrset/arduinoide.instrset/idepkgs/packages/arduino/tools/arm-none-eabi-gcc/4.8.3-2014q1/bin/../lib/gcc/arm-none-eabi/4.8.3/../../../../arm-none-eabi/lib/armv7-m/libg.a(lib_a-strlen.o)
                0x000000000008614c                strlen
 .text.__sprint_r.part.0
                0x00000000000861ac       0x78 /home/adiravishankara/Documents/MATLAB/SupportPackages/R2018a/3P.instrset/arduinoide.instrset/idepkgs/packages/arduino/tools/arm-none-eabi-gcc/4.8.3-2014q1/bin/../lib/gcc/arm-none-eabi/4.8.3/../../../../arm-none-eabi/lib/armv7-m/libg.a(lib_a-vfiprintf.o)
 .text._vfiprintf_r
                0x0000000000086224      0xc54 /home/adiravishankara/Documents/MATLAB/SupportPackages/R2018a/3P.instrset/arduinoide.instrset/idepkgs/packages/arduino/tools/arm-none-eabi-gcc/4.8.3-2014q1/bin/../lib/gcc/arm-none-eabi/4.8.3/../../../../arm-none-eabi/lib/armv7-m/libg.a(lib_a-vfiprintf.o)
                0x0000000000086224                _vfiprintf_r
 .text.__sbprintf
                0x0000000000086e78       0x7c /home/adiravishankara/Documents/MATLAB/SupportPackages/R2018a/3P.instrset/arduinoide.instrset/idepkgs/packages/arduino/tools/arm-none-eabi-gcc/4.8.3-2014q1/bin/../lib/gcc/arm-none-eabi/4.8.3/../../../../arm-none-eabi/lib/armv7-m/libg.a(lib_a-vfiprintf.o)
 .text.__swsetup_r
                0x0000000000086ef4       0xc4 /home/adiravishankara/Documents/MATLAB/SupportPackages/R2018a/3P.instrset/arduinoide.instrset/idepkgs/packages/arduino/tools/arm-none-eabi-gcc/4.8.3-2014q1/bin/../lib/gcc/arm-none-eabi/4.8.3/../../../../arm-none-eabi/lib/armv7-m/libg.a(lib_a-wsetup.o)
                0x0000000000086ef4                __swsetup_r
 .text.startup.register_fini
                0x0000000000086fb8       0x14 /home/adiravishankara/Documents/MATLAB/SupportPackages/R2018a/3P.instrset/arduinoide.instrset/idepkgs/packages/arduino/tools/arm-none-eabi-gcc/4.8.3-2014q1/bin/../lib/gcc/arm-none-eabi/4.8.3/../../../../arm-none-eabi/lib/armv7-m/libg.a(lib_a-__call_atexit.o)
 .text.abort    0x0000000000086fcc       0x10 /home/adiravishankara/Documents/MATLAB/SupportPackages/R2018a/3P.instrset/arduinoide.instrset/idepkgs/packages/arduino/tools/arm-none-eabi-gcc/4.8.3-2014q1/bin/../lib/gcc/arm-none-eabi/4.8.3/../../../../arm-none-eabi/lib/armv7-m/libg.a(lib_a-abort.o)
                0x0000000000086fcc                abort
 .text.atexit   0x0000000000086fdc        0xc /home/adiravishankara/Documents/MATLAB/SupportPackages/R2018a/3P.instrset/arduinoide.instrset/idepkgs/packages/arduino/tools/arm-none-eabi-gcc/4.8.3-2014q1/bin/../lib/gcc/arm-none-eabi/4.8.3/../../../../arm-none-eabi/lib/armv7-m/libg.a(lib_a-atexit.o)
                0x0000000000086fdc                atexit
 .text.__sflush_r
                0x0000000000086fe8      0x148 /home/adiravishankara/Documents/MATLAB/SupportPackages/R2018a/3P.instrset/arduinoide.instrset/idepkgs/packages/arduino/tools/arm-none-eabi-gcc/4.8.3-2014q1/bin/../lib/gcc/arm-none-eabi/4.8.3/../../../../arm-none-eabi/lib/armv7-m/libg.a(lib_a-fflush.o)
                0x0000000000086fe8                __sflush_r
 .text._fflush_r
                0x0000000000087130       0x2c /home/adiravishankara/Documents/MATLAB/SupportPackages/R2018a/3P.instrset/arduinoide.instrset/idepkgs/packages/arduino/tools/arm-none-eabi-gcc/4.8.3-2014q1/bin/../lib/gcc/arm-none-eabi/4.8.3/../../../../arm-none-eabi/lib/armv7-m/libg.a(lib_a-fflush.o)
                0x0000000000087130                _fflush_r
 .text._cleanup_r
                0x000000000008715c        0xc /home/adiravishankara/Documents/MATLAB/SupportPackages/R2018a/3P.instrset/arduinoide.instrset/idepkgs/packages/arduino/tools/arm-none-eabi-gcc/4.8.3-2014q1/bin/../lib/gcc/arm-none-eabi/4.8.3/../../../../arm-none-eabi/lib/armv7-m/libg.a(lib_a-findfp.o)
                0x000000000008715c                _cleanup_r
 .text.__sinit  0x0000000000087168       0xf4 /home/adiravishankara/Documents/MATLAB/SupportPackages/R2018a/3P.instrset/arduinoide.instrset/idepkgs/packages/arduino/tools/arm-none-eabi-gcc/4.8.3-2014q1/bin/../lib/gcc/arm-none-eabi/4.8.3/../../../../arm-none-eabi/lib/armv7-m/libg.a(lib_a-findfp.o)
                0x0000000000087168                __sinit
 .text.__sfp_lock_acquire
                0x000000000008725c        0x4 /home/adiravishankara/Documents/MATLAB/SupportPackages/R2018a/3P.instrset/arduinoide.instrset/idepkgs/packages/arduino/tools/arm-none-eabi-gcc/4.8.3-2014q1/bin/../lib/gcc/arm-none-eabi/4.8.3/../../../../arm-none-eabi/lib/armv7-m/libg.a(lib_a-findfp.o)
                0x000000000008725c                __sfp_lock_acquire
 .text.__sfp_lock_release
                0x0000000000087260        0x4 /home/adiravishankara/Documents/MATLAB/SupportPackages/R2018a/3P.instrset/arduinoide.instrset/idepkgs/packages/arduino/tools/arm-none-eabi-gcc/4.8.3-2014q1/bin/../lib/gcc/arm-none-eabi/4.8.3/../../../../arm-none-eabi/lib/armv7-m/libg.a(lib_a-findfp.o)
                0x0000000000087260                __sfp_lock_release
 .text.__libc_fini_array
                0x0000000000087264       0x30 /home/adiravishankara/Documents/MATLAB/SupportPackages/R2018a/3P.instrset/arduinoide.instrset/idepkgs/packages/arduino/tools/arm-none-eabi-gcc/4.8.3-2014q1/bin/../lib/gcc/arm-none-eabi/4.8.3/../../../../arm-none-eabi/lib/armv7-m/libg.a(lib_a-fini.o)
                0x0000000000087264                __libc_fini_array
 .text._fputwc_r
                0x0000000000087294       0xc0 /home/adiravishankara/Documents/MATLAB/SupportPackages/R2018a/3P.instrset/arduinoide.instrset/idepkgs/packages/arduino/tools/arm-none-eabi-gcc/4.8.3-2014q1/bin/../lib/gcc/arm-none-eabi/4.8.3/../../../../arm-none-eabi/lib/armv7-m/libg.a(lib_a-fputwc.o)
                0x0000000000087294                _fputwc_r
 .text._malloc_trim_r
                0x0000000000087354       0x9c /home/adiravishankara/Documents/MATLAB/SupportPackages/R2018a/3P.instrset/arduinoide.instrset/idepkgs/packages/arduino/tools/arm-none-eabi-gcc/4.8.3-2014q1/bin/../lib/gcc/arm-none-eabi/4.8.3/../../../../arm-none-eabi/lib/armv7-m/libg.a(lib_a-freer.o)
                0x0000000000087354                _malloc_trim_r
 .text._free_r  0x00000000000873f0      0x198 /home/adiravishankara/Documents/MATLAB/SupportPackages/R2018a/3P.instrset/arduinoide.instrset/idepkgs/packages/arduino/tools/arm-none-eabi-gcc/4.8.3-2014q1/bin/../lib/gcc/arm-none-eabi/4.8.3/../../../../arm-none-eabi/lib/armv7-m/libg.a(lib_a-freer.o)
                0x00000000000873f0                _free_r
 .text.__sfvwrite_r
                0x0000000000087588      0x314 /home/adiravishankara/Documents/MATLAB/SupportPackages/R2018a/3P.instrset/arduinoide.instrset/idepkgs/packages/arduino/tools/arm-none-eabi-gcc/4.8.3-2014q1/bin/../lib/gcc/arm-none-eabi/4.8.3/../../../../arm-none-eabi/lib/armv7-m/libg.a(lib_a-fvwrite.o)
                0x0000000000087588                __sfvwrite_r
 .text._fwalk   0x000000000008789c       0x48 /home/adiravishankara/Documents/MATLAB/SupportPackages/R2018a/3P.instrset/arduinoide.instrset/idepkgs/packages/arduino/tools/arm-none-eabi-gcc/4.8.3-2014q1/bin/../lib/gcc/arm-none-eabi/4.8.3/../../../../arm-none-eabi/lib/armv7-m/libg.a(lib_a-fwalk.o)
                0x000000000008789c                _fwalk
 .text.__locale_charset
                0x00000000000878e4        0x8 /home/adiravishankara/Documents/MATLAB/SupportPackages/R2018a/3P.instrset/arduinoide.instrset/idepkgs/packages/arduino/tools/arm-none-eabi-gcc/4.8.3-2014q1/bin/../lib/gcc/arm-none-eabi/4.8.3/../../../../arm-none-eabi/lib/armv7-m/libg.a(lib_a-locale.o)
                0x00000000000878e4                __locale_charset
 .text.__locale_mb_cur_max
                0x00000000000878ec        0xc /home/adiravishankara/Documents/MATLAB/SupportPackages/R2018a/3P.instrset/arduinoide.instrset/idepkgs/packages/arduino/tools/arm-none-eabi-gcc/4.8.3-2014q1/bin/../lib/gcc/arm-none-eabi/4.8.3/../../../../arm-none-eabi/lib/armv7-m/libg.a(lib_a-locale.o)
                0x00000000000878ec                __locale_mb_cur_max
 .text.__smakebuf_r
                0x00000000000878f8       0xe0 /home/adiravishankara/Documents/MATLAB/SupportPackages/R2018a/3P.instrset/arduinoide.instrset/idepkgs/packages/arduino/tools/arm-none-eabi-gcc/4.8.3-2014q1/bin/../lib/gcc/arm-none-eabi/4.8.3/../../../../arm-none-eabi/lib/armv7-m/libg.a(lib_a-makebuf.o)
                0x00000000000878f8                __smakebuf_r
 .text.memchr   0x00000000000879d8       0x94 /home/adiravishankara/Documents/MATLAB/SupportPackages/R2018a/3P.instrset/arduinoide.instrset/idepkgs/packages/arduino/tools/arm-none-eabi-gcc/4.8.3-2014q1/bin/../lib/gcc/arm-none-eabi/4.8.3/../../../../arm-none-eabi/lib/armv7-m/libg.a(lib_a-memchr-stub.o)
                0x00000000000879d8                memchr
 .text._raise_r
                0x0000000000087a6c       0x58 /home/adiravishankara/Documents/MATLAB/SupportPackages/R2018a/3P.instrset/arduinoide.instrset/idepkgs/packages/arduino/tools/arm-none-eabi-gcc/4.8.3-2014q1/bin/../lib/gcc/arm-none-eabi/4.8.3/../../../../arm-none-eabi/lib/armv7-m/libg.a(lib_a-signal.o)
                0x0000000000087a6c                _raise_r
 .text.raise    0x0000000000087ac4       0x10 /home/adiravishankara/Documents/MATLAB/SupportPackages/R2018a/3P.instrset/arduinoide.instrset/idepkgs/packages/arduino/tools/arm-none-eabi-gcc/4.8.3-2014q1/bin/../lib/gcc/arm-none-eabi/4.8.3/../../../../arm-none-eabi/lib/armv7-m/libg.a(lib_a-signal.o)
                0x0000000000087ac4                raise
 .text._kill_r  0x0000000000087ad4       0x28 /home/adiravishankara/Documents/MATLAB/SupportPackages/R2018a/3P.instrset/arduinoide.instrset/idepkgs/packages/arduino/tools/arm-none-eabi-gcc/4.8.3-2014q1/bin/../lib/gcc/arm-none-eabi/4.8.3/../../../../arm-none-eabi/lib/armv7-m/libg.a(lib_a-signalr.o)
                0x0000000000087ad4                _kill_r
 .text._getpid_r
                0x0000000000087afc        0x4 /home/adiravishankara/Documents/MATLAB/SupportPackages/R2018a/3P.instrset/arduinoide.instrset/idepkgs/packages/arduino/tools/arm-none-eabi-gcc/4.8.3-2014q1/bin/../lib/gcc/arm-none-eabi/4.8.3/../../../../arm-none-eabi/lib/armv7-m/libg.a(lib_a-signalr.o)
                0x0000000000087afc                _getpid_r
 .text.__sread  0x0000000000087b00       0x24 /home/adiravishankara/Documents/MATLAB/SupportPackages/R2018a/3P.instrset/arduinoide.instrset/idepkgs/packages/arduino/tools/arm-none-eabi-gcc/4.8.3-2014q1/bin/../lib/gcc/arm-none-eabi/4.8.3/../../../../arm-none-eabi/lib/armv7-m/libg.a(lib_a-stdio.o)
                0x0000000000087b00                __sread
 .text.__swrite
                0x0000000000087b24       0x38 /home/adiravishankara/Documents/MATLAB/SupportPackages/R2018a/3P.instrset/arduinoide.instrset/idepkgs/packages/arduino/tools/arm-none-eabi-gcc/4.8.3-2014q1/bin/../lib/gcc/arm-none-eabi/4.8.3/../../../../arm-none-eabi/lib/armv7-m/libg.a(lib_a-stdio.o)
                0x0000000000087b24                __swrite
 .text.__sseek  0x0000000000087b5c       0x20 /home/adiravishankara/Documents/MATLAB/SupportPackages/R2018a/3P.instrset/arduinoide.instrset/idepkgs/packages/arduino/tools/arm-none-eabi-gcc/4.8.3-2014q1/bin/../lib/gcc/arm-none-eabi/4.8.3/../../../../arm-none-eabi/lib/armv7-m/libg.a(lib_a-stdio.o)
                0x0000000000087b5c                __sseek
 .text.__sclose
                0x0000000000087b7c        0x8 /home/adiravishankara/Documents/MATLAB/SupportPackages/R2018a/3P.instrset/arduinoide.instrset/idepkgs/packages/arduino/tools/arm-none-eabi-gcc/4.8.3-2014q1/bin/../lib/gcc/arm-none-eabi/4.8.3/../../../../arm-none-eabi/lib/armv7-m/libg.a(lib_a-stdio.o)
                0x0000000000087b7c                __sclose
 .text.__swbuf_r
                0x0000000000087b84       0xa8 /home/adiravishankara/Documents/MATLAB/SupportPackages/R2018a/3P.instrset/arduinoide.instrset/idepkgs/packages/arduino/tools/arm-none-eabi-gcc/4.8.3-2014q1/bin/../lib/gcc/arm-none-eabi/4.8.3/../../../../arm-none-eabi/lib/armv7-m/libg.a(lib_a-wbuf.o)
                0x0000000000087b84                __swbuf_r
 .text._wcrtomb_r
                0x0000000000087c2c       0x50 /home/adiravishankara/Documents/MATLAB/SupportPackages/R2018a/3P.instrset/arduinoide.instrset/idepkgs/packages/arduino/tools/arm-none-eabi-gcc/4.8.3-2014q1/bin/../lib/gcc/arm-none-eabi/4.8.3/../../../../arm-none-eabi/lib/armv7-m/libg.a(lib_a-wcrtomb.o)
                0x0000000000087c2c                _wcrtomb_r
 .text.__ascii_wctomb
                0x0000000000087c7c       0x1c /home/adiravishankara/Documents/MATLAB/SupportPackages/R2018a/3P.instrset/arduinoide.instrset/idepkgs/packages/arduino/tools/arm-none-eabi-gcc/4.8.3-2014q1/bin/../lib/gcc/arm-none-eabi/4.8.3/../../../../arm-none-eabi/lib/armv7-m/libg.a(lib_a-wctomb_r.o)
                0x0000000000087c7c                __ascii_wctomb
 .text._write_r
                0x0000000000087c98       0x28 /home/adiravishankara/Documents/MATLAB/SupportPackages/R2018a/3P.instrset/arduinoide.instrset/idepkgs/packages/arduino/tools/arm-none-eabi-gcc/4.8.3-2014q1/bin/../lib/gcc/arm-none-eabi/4.8.3/../../../../arm-none-eabi/lib/armv7-m/libg.a(lib_a-writer.o)
                0x0000000000087c98                _write_r
 .text.__register_exitproc
                0x0000000000087cc0       0xa8 /home/adiravishankara/Documents/MATLAB/SupportPackages/R2018a/3P.instrset/arduinoide.instrset/idepkgs/packages/arduino/tools/arm-none-eabi-gcc/4.8.3-2014q1/bin/../lib/gcc/arm-none-eabi/4.8.3/../../../../arm-none-eabi/lib/armv7-m/libg.a(lib_a-__atexit.o)
                0x0000000000087cc0                __register_exitproc
 .text._close_r
                0x0000000000087d68       0x24 /home/adiravishankara/Documents/MATLAB/SupportPackages/R2018a/3P.instrset/arduinoide.instrset/idepkgs/packages/arduino/tools/arm-none-eabi-gcc/4.8.3-2014q1/bin/../lib/gcc/arm-none-eabi/4.8.3/../../../../arm-none-eabi/lib/armv7-m/libg.a(lib_a-closer.o)
                0x0000000000087d68                _close_r
 .text._fclose_r
                0x0000000000087d8c       0x80 /home/adiravishankara/Documents/MATLAB/SupportPackages/R2018a/3P.instrset/arduinoide.instrset/idepkgs/packages/arduino/tools/arm-none-eabi-gcc/4.8.3-2014q1/bin/../lib/gcc/arm-none-eabi/4.8.3/../../../../arm-none-eabi/lib/armv7-m/libg.a(lib_a-fclose.o)
                0x0000000000087d8c                _fclose_r
 .text.fclose   0x0000000000087e0c       0x10 /home/adiravishankara/Documents/MATLAB/SupportPackages/R2018a/3P.instrset/arduinoide.instrset/idepkgs/packages/arduino/tools/arm-none-eabi-gcc/4.8.3-2014q1/bin/../lib/gcc/arm-none-eabi/4.8.3/../../../../arm-none-eabi/lib/armv7-m/libg.a(lib_a-fclose.o)
                0x0000000000087e0c                fclose
 .text._fstat_r
                0x0000000000087e1c       0x28 /home/adiravishankara/Documents/MATLAB/SupportPackages/R2018a/3P.instrset/arduinoide.instrset/idepkgs/packages/arduino/tools/arm-none-eabi-gcc/4.8.3-2014q1/bin/../lib/gcc/arm-none-eabi/4.8.3/../../../../arm-none-eabi/lib/armv7-m/libg.a(lib_a-fstatr.o)
                0x0000000000087e1c                _fstat_r
 .text._isatty_r
                0x0000000000087e44       0x24 /home/adiravishankara/Documents/MATLAB/SupportPackages/R2018a/3P.instrset/arduinoide.instrset/idepkgs/packages/arduino/tools/arm-none-eabi-gcc/4.8.3-2014q1/bin/../lib/gcc/arm-none-eabi/4.8.3/../../../../arm-none-eabi/lib/armv7-m/libg.a(lib_a-isattyr.o)
                0x0000000000087e44                _isatty_r
 .text._lseek_r
                0x0000000000087e68       0x28 /home/adiravishankara/Documents/MATLAB/SupportPackages/R2018a/3P.instrset/arduinoide.instrset/idepkgs/packages/arduino/tools/arm-none-eabi-gcc/4.8.3-2014q1/bin/../lib/gcc/arm-none-eabi/4.8.3/../../../../arm-none-eabi/lib/armv7-m/libg.a(lib_a-lseekr.o)
                0x0000000000087e68                _lseek_r
 .text._read_r  0x0000000000087e90       0x28 /home/adiravishankara/Documents/MATLAB/SupportPackages/R2018a/3P.instrset/arduinoide.instrset/idepkgs/packages/arduino/tools/arm-none-eabi-gcc/4.8.3-2014q1/bin/../lib/gcc/arm-none-eabi/4.8.3/../../../../arm-none-eabi/lib/armv7-m/libg.a(lib_a-readr.o)
                0x0000000000087e90                _read_r
 .text          0x0000000000087eb8       0x2c /home/adiravishankara/Documents/MATLAB/SupportPackages/R2018a/3P.instrset/arduinoide.instrset/idepkgs/packages/arduino/tools/arm-none-eabi-gcc/4.8.3-2014q1/bin/../lib/gcc/arm-none-eabi/4.8.3/armv7-m/libgcc.a(_aeabi_uldivmod.o)
                0x0000000000087eb8                __aeabi_uldivmod
 .text          0x0000000000087ee4       0x60 /home/adiravishankara/Documents/MATLAB/SupportPackages/R2018a/3P.instrset/arduinoide.instrset/idepkgs/packages/arduino/tools/arm-none-eabi-gcc/4.8.3-2014q1/bin/../lib/gcc/arm-none-eabi/4.8.3/armv7-m/libgcc.a(bpabi.o)
                0x0000000000087ee4                __gnu_ldivmod_helper
                0x0000000000087f14                __gnu_uldivmod_helper
 .text          0x0000000000087f44        0x4 /home/adiravishankara/Documents/MATLAB/SupportPackages/R2018a/3P.instrset/arduinoide.instrset/idepkgs/packages/arduino/tools/arm-none-eabi-gcc/4.8.3-2014q1/bin/../lib/gcc/arm-none-eabi/4.8.3/armv7-m/libgcc.a(_dvmd_tls.o)
                0x0000000000087f44                __aeabi_ldiv0
                0x0000000000087f44                __aeabi_idiv0
 .text          0x0000000000087f48      0x2a0 /home/adiravishankara/Documents/MATLAB/SupportPackages/R2018a/3P.instrset/arduinoide.instrset/idepkgs/packages/arduino/tools/arm-none-eabi-gcc/4.8.3-2014q1/bin/../lib/gcc/arm-none-eabi/4.8.3/armv7-m/libgcc.a(_divdi3.o)
                0x0000000000087f48                __divdi3
 .text          0x00000000000881e8      0x290 /home/adiravishankara/Documents/MATLAB/SupportPackages/R2018a/3P.instrset/arduinoide.instrset/idepkgs/packages/arduino/tools/arm-none-eabi-gcc/4.8.3-2014q1/bin/../lib/gcc/arm-none-eabi/4.8.3/armv7-m/libgcc.a(_udivdi3.o)
                0x00000000000881e8                __udivdi3
 *(.glue_7t)
 .glue_7t       0x0000000000000000        0x0 linker stubs
 *(.glue_7)
 .glue_7        0x0000000000000000        0x0 linker stubs
 *(.rodata .rodata* .gnu.linkonce.r.*)
 .rodata.str1.1
                0x0000000000088478      0x150 step_test.o
                                        0x167 (size before relaxing)
 .rodata.tmp.10459
                0x00000000000885c8      0x2a0 step_test.o
 .rodata.step_test_M
                0x0000000000088868        0x4 step_test.o
                0x0000000000088868                step_test_M
 .rodata.rtAlwaysEnabled.10451
                0x000000000008886c        0x1 step_test.o
 .rodata.str1.1
                0x000000000008886d       0x19 syscalls_sam3.o
 *fill*         0x0000000000088886        0x2 
 .rodata.channelToId.9433
                0x0000000000088888       0x48 wiring_analog.o
 .rodata.channelToTC.9432
                0x00000000000888d0       0x48 wiring_analog.o
 .rodata.channelToChNo.9430
                0x0000000000088918       0x48 wiring_analog.o
 .rodata.channelToAB.9431
                0x0000000000088960       0x48 wiring_analog.o
 .rodata._ZTV9IPAddress
                0x00000000000889a8       0x10 IPAddress.o
                0x00000000000889a8                vtable for IPAddress
 .rodata._ZTV9UARTClass
                0x00000000000889b8       0x30 UARTClass.o
                0x00000000000889b8                vtable for UARTClass
 .rodata._ZTV10USARTClass
                0x00000000000889e8       0x30 USARTClass.o
                0x00000000000889e8                vtable for USARTClass
 .rodata._ZTV7Serial_
                0x0000000000088a18       0x28 CDC.o
                0x0000000000088a18                vtable for Serial_
 .rodata._ZL18_cdcOtherInterface
                0x0000000000088a40       0x42 CDC.o
 .rodata._ZL13_cdcInterface
                0x0000000000088a82       0x42 CDC.o
 .rodata.STRING_PRODUCT
                0x0000000000088ac4        0xc USBCore.o
                0x0000000000088ac4                STRING_PRODUCT
 .rodata.USB_DeviceDescriptor
                0x0000000000088ad0       0x12 USBCore.o
                0x0000000000088ad0                USB_DeviceDescriptor
 .rodata.STRING_LANGUAGE
                0x0000000000088ae2        0x4 USBCore.o
                0x0000000000088ae2                STRING_LANGUAGE
 .rodata._ZL18test_packet_buffer
                0x0000000000088ae6       0x35 USBCore.o
 .rodata.STRING_MANUFACTURER
                0x0000000000088b1b        0x8 USBCore.o
                0x0000000000088b1b                STRING_MANUFACTURER
 .rodata.USB_DeviceDescriptorA
                0x0000000000088b23       0x12 USBCore.o
                0x0000000000088b23                USB_DeviceDescriptorA
 .rodata._ZL19USB_DeviceQualifier
                0x0000000000088b35        0x9 USBCore.o
 *fill*         0x0000000000088b3e        0x2 
 .rodata.g_APinDescription
                0x0000000000088b40      0xa2c variant.o
                0x0000000000088b40                g_APinDescription
 .rodata.str1.1
                0x000000000008956c        0xf rtiostream_interface.o
 .rodata.str1.1
                0x000000000008957b       0x3b ext_svr_daemon.o
 .rodata.crc8_table_j1850
                0x00000000000895b6      0x100 daemon_checksum.o
                0x00000000000895b6                crc8_table_j1850
 *fill*         0x00000000000896b6        0x2 
 .rodata        0x00000000000896b8       0x2c /home/adiravishankara/Documents/MATLAB/SupportPackages/R2018a/3P.instrset/arduinoide.instrset/idepkgs/packages/arduino/hardware/sam/1.6.11/variants/arduino_due_x/libsam_sam3x8e_gcc_rel.a(pwmc.o)
 .rodata.__func__.6830
                0x00000000000896e4       0x15 /home/adiravishankara/Documents/MATLAB/SupportPackages/R2018a/3P.instrset/arduinoide.instrset/idepkgs/packages/arduino/hardware/sam/1.6.11/variants/arduino_due_x/libsam_sam3x8e_gcc_rel.a(pwmc.o)
 .rodata.__func__.6841
                0x00000000000896f9       0x12 /home/adiravishankara/Documents/MATLAB/SupportPackages/R2018a/3P.instrset/arduinoide.instrset/idepkgs/packages/arduino/hardware/sam/1.6.11/variants/arduino_due_x/libsam_sam3x8e_gcc_rel.a(pwmc.o)
 .rodata.str1.1
                0x000000000008970b      0x1cc /home/adiravishankara/Documents/MATLAB/SupportPackages/R2018a/3P.instrset/arduinoide.instrset/idepkgs/packages/arduino/hardware/sam/1.6.11/variants/arduino_due_x/libsam_sam3x8e_gcc_rel.a(pwmc.o)
 .rodata.__func__.6804
                0x00000000000898d7       0x16 /home/adiravishankara/Documents/MATLAB/SupportPackages/R2018a/3P.instrset/arduinoide.instrset/idepkgs/packages/arduino/hardware/sam/1.6.11/variants/arduino_due_x/libsam_sam3x8e_gcc_rel.a(pwmc.o)
 .rodata.__func__.6793
                0x00000000000898ed       0x17 /home/adiravishankara/Documents/MATLAB/SupportPackages/R2018a/3P.instrset/arduinoide.instrset/idepkgs/packages/arduino/hardware/sam/1.6.11/variants/arduino_due_x/libsam_sam3x8e_gcc_rel.a(pwmc.o)
 .rodata.__func__.6792
                0x0000000000089904        0xd /home/adiravishankara/Documents/MATLAB/SupportPackages/R2018a/3P.instrset/arduinoide.instrset/idepkgs/packages/arduino/hardware/sam/1.6.11/variants/arduino_due_x/libsam_sam3x8e_gcc_rel.a(tc.o)
 .rodata.str1.1
                0x0000000000089911       0x54 /home/adiravishankara/Documents/MATLAB/SupportPackages/R2018a/3P.instrset/arduinoide.instrset/idepkgs/packages/arduino/hardware/sam/1.6.11/variants/arduino_due_x/libsam_sam3x8e_gcc_rel.a(tc.o)
 .rodata.__func__.6798
                0x0000000000089965        0x9 /home/adiravishankara/Documents/MATLAB/SupportPackages/R2018a/3P.instrset/arduinoide.instrset/idepkgs/packages/arduino/hardware/sam/1.6.11/variants/arduino_due_x/libsam_sam3x8e_gcc_rel.a(tc.o)
 *fill*         0x000000000008996e        0x2 
 .rodata        0x0000000000089970       0x40 /home/adiravishankara/Documents/MATLAB/SupportPackages/R2018a/3P.instrset/arduinoide.instrset/idepkgs/packages/arduino/hardware/sam/1.6.11/variants/arduino_due_x/libsam_sam3x8e_gcc_rel.a(adc.o)
 .rodata.str1.4
                0x00000000000899b0       0x3f /home/adiravishankara/Documents/MATLAB/SupportPackages/R2018a/3P.instrset/arduinoide.instrset/idepkgs/packages/arduino/tools/arm-none-eabi-gcc/4.8.3-2014q1/bin/../lib/gcc/arm-none-eabi/4.8.3/../../../../arm-none-eabi/lib/armv7-m/libg.a(lib_a-assert.o)
                                         0x44 (size before relaxing)
 *fill*         0x00000000000899ef        0x1 
 .rodata.str1.4
                0x00000000000899f0        0x2 /home/adiravishankara/Documents/MATLAB/SupportPackages/R2018a/3P.instrset/arduinoide.instrset/idepkgs/packages/arduino/tools/arm-none-eabi-gcc/4.8.3-2014q1/bin/../lib/gcc/arm-none-eabi/4.8.3/../../../../arm-none-eabi/lib/armv7-m/libg.a(lib_a-impure.o)
                                          0x4 (size before relaxing)
 *fill*         0x00000000000899f2        0x2 
 .rodata._global_impure_ptr
                0x00000000000899f4        0x4 /home/adiravishankara/Documents/MATLAB/SupportPackages/R2018a/3P.instrset/arduinoide.instrset/idepkgs/packages/arduino/tools/arm-none-eabi-gcc/4.8.3-2014q1/bin/../lib/gcc/arm-none-eabi/4.8.3/../../../../arm-none-eabi/lib/armv7-m/libg.a(lib_a-impure.o)
                0x00000000000899f4                _global_impure_ptr
 .rodata.blanks.6717
                0x00000000000899f8       0x10 /home/adiravishankara/Documents/MATLAB/SupportPackages/R2018a/3P.instrset/arduinoide.instrset/idepkgs/packages/arduino/tools/arm-none-eabi-gcc/4.8.3-2014q1/bin/../lib/gcc/arm-none-eabi/4.8.3/../../../../arm-none-eabi/lib/armv7-m/libg.a(lib_a-vfiprintf.o)
 .rodata.str1.4
                0x0000000000089a08       0x30 /home/adiravishankara/Documents/MATLAB/SupportPackages/R2018a/3P.instrset/arduinoide.instrset/idepkgs/packages/arduino/tools/arm-none-eabi-gcc/4.8.3-2014q1/bin/../lib/gcc/arm-none-eabi/4.8.3/../../../../arm-none-eabi/lib/armv7-m/libg.a(lib_a-vfiprintf.o)
 .rodata.zeroes.6718
                0x0000000000089a38       0x10 /home/adiravishankara/Documents/MATLAB/SupportPackages/R2018a/3P.instrset/arduinoide.instrset/idepkgs/packages/arduino/tools/arm-none-eabi-gcc/4.8.3-2014q1/bin/../lib/gcc/arm-none-eabi/4.8.3/../../../../arm-none-eabi/lib/armv7-m/libg.a(lib_a-vfiprintf.o)
 *(.ARM.extab* .gnu.linkonce.armextab.*)
                0x0000000000089a48                . = ALIGN (0x4)
 *(.init)
 .init          0x0000000000089a48        0x4 /home/adiravishankara/Documents/MATLAB/SupportPackages/R2018a/3P.instrset/arduinoide.instrset/idepkgs/packages/arduino/tools/arm-none-eabi-gcc/4.8.3-2014q1/bin/../lib/gcc/arm-none-eabi/4.8.3/armv7-m/crti.o
                0x0000000000089a48                _init
 .init          0x0000000000089a4c        0x8 /home/adiravishankara/Documents/MATLAB/SupportPackages/R2018a/3P.instrset/arduinoide.instrset/idepkgs/packages/arduino/tools/arm-none-eabi-gcc/4.8.3-2014q1/bin/../lib/gcc/arm-none-eabi/4.8.3/armv7-m/crtn.o
                0x0000000000089a54                . = ALIGN (0x4)
                0x0000000000089a54                __preinit_array_start = .
 *(.preinit_array)
                0x0000000000089a54                __preinit_array_end = .
                0x0000000000089a54                . = ALIGN (0x4)